Component: ARM Compiler 5.06 update 7 (build 960) Tool: armlink [4d3601]

==============================================================================

Section Cross References

    startup_stm32f407xx.o(STACK) refers (Special) to heapauxi.o(.text) for __use_two_region_memory
    startup_stm32f407xx.o(HEAP) refers (Special) to heapauxi.o(.text) for __use_two_region_memory
    startup_stm32f407xx.o(RESET) refers (Special) to heapauxi.o(.text) for __use_two_region_memory
    startup_stm32f407xx.o(RESET) refers to startup_stm32f407xx.o(STACK) for __initial_sp
    startup_stm32f407xx.o(RESET) refers to startup_stm32f407xx.o(.text) for Reset_Handler
    startup_stm32f407xx.o(RESET) refers to stm32f4xx_it.o(i.NMI_Handler) for NMI_Handler
    startup_stm32f407xx.o(RESET) refers to stm32f4xx_it.o(i.HardFault_Handler) for HardFault_Handler
    startup_stm32f407xx.o(RESET) refers to stm32f4xx_it.o(i.MemManage_Handler) for MemManage_Handler
    startup_stm32f407xx.o(RESET) refers to stm32f4xx_it.o(i.BusFault_Handler) for BusFault_Handler
    startup_stm32f407xx.o(RESET) refers to stm32f4xx_it.o(i.UsageFault_Handler) for UsageFault_Handler
    startup_stm32f407xx.o(RESET) refers to stm32f4xx_it.o(i.SVC_Handler) for SVC_Handler
    startup_stm32f407xx.o(RESET) refers to stm32f4xx_it.o(i.DebugMon_Handler) for DebugMon_Handler
    startup_stm32f407xx.o(RESET) refers to stm32f4xx_it.o(i.PendSV_Handler) for PendSV_Handler
    startup_stm32f407xx.o(RESET) refers to stm32f4xx_it.o(i.SysTick_Handler) for SysTick_Handler
    startup_stm32f407xx.o(RESET) refers to stm32f4xx_it.o(i.CAN1_TX_IRQHandler) for CAN1_TX_IRQHandler
    startup_stm32f407xx.o(RESET) refers to stm32f4xx_it.o(i.CAN1_RX0_IRQHandler) for CAN1_RX0_IRQHandler
    startup_stm32f407xx.o(RESET) refers to stm32f4xx_it.o(i.TIM1_BRK_TIM9_IRQHandler) for TIM1_BRK_TIM9_IRQHandler
    startup_stm32f407xx.o(RESET) refers to stm32f4xx_it.o(i.TIM1_UP_TIM10_IRQHandler) for TIM1_UP_TIM10_IRQHandler
    startup_stm32f407xx.o(RESET) refers to stm32f4xx_it.o(i.TIM1_TRG_COM_TIM11_IRQHandler) for TIM1_TRG_COM_TIM11_IRQHandler
    startup_stm32f407xx.o(RESET) refers to stm32f4xx_it.o(i.TIM1_CC_IRQHandler) for TIM1_CC_IRQHandler
    startup_stm32f407xx.o(.text) refers (Special) to heapauxi.o(.text) for __use_two_region_memory
    startup_stm32f407xx.o(.text) refers to system_stm32f4xx.o(i.SystemInit) for SystemInit
    startup_stm32f407xx.o(.text) refers to __main.o(!!!main) for __main
    startup_stm32f407xx.o(.text) refers to startup_stm32f407xx.o(HEAP) for Heap_Mem
    startup_stm32f407xx.o(.text) refers to startup_stm32f407xx.o(STACK) for Stack_Mem
    bsp_delay.o(i.delay_init) refers to system_stm32f4xx.o(.data) for SystemCoreClock
    bsp_delay.o(i.delay_init) refers to bsp_delay.o(.data) for fac_us
    bsp_delay.o(i.delay_ms) refers to bsp_delay.o(.data) for fac_ms
    bsp_delay.o(i.delay_us) refers to bsp_delay.o(.data) for fac_us
    ina266.o(i.AutoFox_INA226_CheckI2cAddress) refers to stm32f4xx_hal_i2c.o(i.HAL_I2C_IsDeviceReady) for HAL_I2C_IsDeviceReady
    ina266.o(i.AutoFox_INA226_CheckI2cAddress) refers to i2c.o(.bss) for hi2c2
    ina266.o(i.AutoFox_INA226_ConfigureAlertPinTrigger) refers to ina266.o(i.AutoFox_INA226_ReadRegister) for AutoFox_INA226_ReadRegister
    ina266.o(i.AutoFox_INA226_ConfigureAlertPinTrigger) refers to ina266.o(i.AutoFox_INA226_WriteRegister) for AutoFox_INA226_WriteRegister
    ina266.o(i.AutoFox_INA226_ConfigureNumSampleAveraging) refers to ina266.o(i.AutoFox_INA226_ReadRegister) for AutoFox_INA226_ReadRegister
    ina266.o(i.AutoFox_INA226_ConfigureNumSampleAveraging) refers to ina266.o(i.AutoFox_INA226_WriteRegister) for AutoFox_INA226_WriteRegister
    ina266.o(i.AutoFox_INA226_ConfigureVoltageConversionTime) refers to ina266.o(i.AutoFox_INA226_ReadRegister) for AutoFox_INA226_ReadRegister
    ina266.o(i.AutoFox_INA226_ConfigureVoltageConversionTime) refers to ina266.o(i.AutoFox_INA226_WriteRegister) for AutoFox_INA226_WriteRegister
    ina266.o(i.AutoFox_INA226_Debug_GetConfigRegister) refers to ina266.o(i.AutoFox_INA226_ReadRegister) for AutoFox_INA226_ReadRegister
    ina266.o(i.AutoFox_INA226_GetBusVoltage_uV) refers to ina266.o(i.AutoFox_INA226_ReadRegister) for AutoFox_INA226_ReadRegister
    ina266.o(i.AutoFox_INA226_GetCurrent_uA) refers to ina266.o(i.AutoFox_INA226_ReadRegister) for AutoFox_INA226_ReadRegister
    ina266.o(i.AutoFox_INA226_GetPower_uW) refers to ina266.o(i.AutoFox_INA226_ReadRegister) for AutoFox_INA226_ReadRegister
    ina266.o(i.AutoFox_INA226_GetShuntVoltage_uV) refers to ina266.o(i.AutoFox_INA226_ReadRegister) for AutoFox_INA226_ReadRegister
    ina266.o(i.AutoFox_INA226_Hibernate) refers to ina266.o(i.AutoFox_INA226_ReadRegister) for AutoFox_INA226_ReadRegister
    ina266.o(i.AutoFox_INA226_Hibernate) refers to ina266.o(i.AutoFox_INA226_WriteRegister) for AutoFox_INA226_WriteRegister
    ina266.o(i.AutoFox_INA226_Init) refers to ina266.o(i.AutoFox_INA226_CheckI2cAddress) for AutoFox_INA226_CheckI2cAddress
[...]
    i.HAL_TIM_IRQHandler                     0x08002ede   Section        0  stm32f4xx_hal_tim.o(i.HAL_TIM_IRQHandler)
    i.HAL_TIM_OC_DelayElapsedCallback        0x0800304a   Section        0  stm32f4xx_hal_tim.o(i.HAL_TIM_OC_DelayElapsedCallback)
    i.HAL_TIM_PWM_PulseFinishedCallback      0x0800304c   Section        0  stm32f4xx_hal_tim.o(i.HAL_TIM_PWM_PulseFinishedCallback)
    i.HAL_TIM_PeriodElapsedCallback          0x08003050   Section        0  tim.o(i.HAL_TIM_PeriodElapsedCallback)
    i.HAL_TIM_TriggerCallback                0x080030c0   Section        0  stm32f4xx_hal_tim.o(i.HAL_TIM_TriggerCallback)
    i.HardFault_Handler                      0x080030c2   Section        0  stm32f4xx_it.o(i.HardFault_Handler)
    i.I2C_IsAcknowledgeFailed                0x080030c6   Section        0  stm32f4xx_hal_i2c.o(i.I2C_IsAcknowledgeFailed)
    I2C_IsAcknowledgeFailed                  0x080030c7   Thumb Code    62  stm32f4xx_hal_i2c.o(i.I2C_IsAcknowledgeFailed)
    i.I2C_MasterRequestRead                  0x08003104   Section        0  stm32f4xx_hal_i2c.o(i.I2C_MasterRequestRead)
    I2C_MasterRequestRead                    0x08003105   Thumb Code   308  stm32f4xx_hal_i2c.o(i.I2C_MasterRequestRead)
    i.I2C_MasterRequestWrite                 0x0800323c   Section        0  stm32f4xx_hal_i2c.o(i.I2C_MasterRequestWrite)
    I2C_MasterRequestWrite                   0x0800323d   Thumb Code   186  stm32f4xx_hal_i2c.o(i.I2C_MasterRequestWrite)
    i.I2C_WaitOnBTFFlagUntilTimeout          0x080032fc   Section        0  stm32f4xx_hal_i2c.o(i.I2C_WaitOnBTFFlagUntilTimeout)
    I2C_WaitOnBTFFlagUntilTimeout            0x080032fd   Thumb Code   102  stm32f4xx_hal_i2c.o(i.I2C_WaitOnBTFFlagUntilTimeout)
    i.I2C_WaitOnFlagUntilTimeout             0x08003362   Section        0  stm32f4xx_hal_i2c.o(i.I2C_WaitOnFlagUntilTimeout)
    I2C_WaitOnFlagUntilTimeout               0x08003363   Thumb Code   190  stm32f4xx_hal_i2c.o(i.I2C_WaitOnFlagUntilTimeout)
    i.I2C_WaitOnMasterAddressFlagUntilTimeout 0x08003420   Section        0  stm32f4xx_hal_i2c.o(i.I2C_WaitOnMasterAddressFlagUntilTimeout)
    I2C_WaitOnMasterAddressFlagUntilTimeout  0x08003421   Thumb Code   250  stm32f4xx_hal_i2c.o(i.I2C_WaitOnMasterAddressFlagUntilTimeout)
    i.I2C_WaitOnRXNEFlagUntilTimeout         0x0800351a   Section        0  stm32f4xx_hal_i2c.o(i.I2C_WaitOnRXNEFlagUntilTimeout)
    I2C_WaitOnRXNEFlagUntilTimeout           0x0800351b   Thumb Code   138  stm32f4xx_hal_i2c.o(i.I2C_WaitOnRXNEFlagUntilTimeout)
    i.I2C_WaitOnTXEFlagUntilTimeout          0x080035a4   Section        0  stm32f4xx_hal_i2c.o(i.I2C_WaitOnTXEFlagUntilTimeout)
    I2C_WaitOnTXEFlagUntilTimeout            0x080035a5   Thumb Code   102  stm32f4xx_hal_i2c.o(i.I2C_WaitOnTXEFlagUntilTimeout)
    i.MX_CAN1_Init                           0x0800360c   Section        0  can.o(i.MX_CAN1_Init)
    i.MX_GPIO_Init                           0x08003654   Section        0  gpio.o(i.MX_GPIO_Init)
    i.MX_I2C2_Init                           0x08003798   Section        0  i2c.o(i.MX_I2C2_Init)
    i.MX_TIM1_Init                           0x080037d4   Section        0  tim.o(i.MX_TIM1_Init)
    i.MemManage_Handler                      0x08003848   Section        0  stm32f4xx_it.o(i.MemManage_Handler)
    i.Motor_Update                           0x0800384c   Section        0  user_can.o(i.Motor_Update)
    i.NMI_Handler                            0x080038d4   Section        0  stm32f4xx_it.o(i.NMI_Handler)
    i.PID_CascadeCalc_totalAngle             0x080038d8   Section        0  pid.o(i.PID_CascadeCalc_totalAngle)
    i.PID_Init                               0x08003928   Section        0  pid.o(i.PID_Init)
    i.PID_SingleCalc                         0x08003954   Section        0  pid.o(i.PID_SingleCalc)
    i.PID_SingleCalc_totalangle              0x08003a70   Section        0  pid.o(i.PID_SingleCalc_totalangle)
    i.PendSV_Handler                         0x08003bdc   Section        0  stm32f4xx_it.o(i.PendSV_Handler)
    i.PowerControl_AutoUpdateParam           0x08003be0   Section        0  rls.o(i.PowerControl_AutoUpdateParam)
    i.PowerControl_AutoUpdateParamInit       0x08003db0   Section        0  rls.o(i.PowerControl_AutoUpdateParamInit)
    i.Power_detect                           0x08003f3c   Section        0  powercontrol.o(i.Power_detect)
    i.SVC_Handler                            0x08004048   Section        0  stm32f4xx_it.o(i.SVC_Handler)
    i.SysTick_Handler                        0x0800404a   Section        0  stm32f4xx_it.o(i.SysTick_Handler)
    i.SystemClock_Config                     0x08004054   Section        0  main.o(i.SystemClock_Config)
    i.SystemInit                             0x08004108   Section        0  system_stm32f4xx.o(i.SystemInit)
    i.TIM1_BRK_TIM9_IRQHandler               0x0800411c   Section        0  stm32f4xx_it.o(i.TIM1_BRK_TIM9_IRQHandler)
    i.TIM1_CC_IRQHandler                     0x0800412c   Section        0  stm32f4xx_it.o(i.TIM1_CC_IRQHandler)
    i.TIM1_TRG_COM_TIM11_IRQHandler          0x0800413c   Section        0  stm32f4xx_it.o(i.TIM1_TRG_COM_TIM11_IRQHandler)
    i.TIM1_UP_TIM10_IRQHandler               0x0800414c   Section        0  stm32f4xx_it.o(i.TIM1_UP_TIM10_IRQHandler)
    i.TIM_Base_SetConfig                     0x0800415c   Section        0  stm32f4xx_hal_tim.o(i.TIM_Base_SetConfig)
    i.TIM_ETR_SetConfig                      0x08004244   Section        0  stm32f4xx_hal_tim.o(i.TIM_ETR_SetConfig)
    i.TIM_ITRx_SetConfig                     0x0800425a   Section        0  stm32f4xx_hal_tim.o(i.TIM_ITRx_SetConfig)
    TIM_ITRx_SetConfig                       0x0800425b   Thumb Code    18  stm32f4xx_hal_tim.o(i.TIM_ITRx_SetConfig)
    i.TIM_TI1_ConfigInputStage               0x0800426c   Section        0  stm32f4xx_hal_tim.o(i.TIM_TI1_ConfigInputStage)
    TIM_TI1_ConfigInputStage                 0x0800426d   Thumb Code    38  stm32f4xx_hal_tim.o(i.TIM_TI1_ConfigInputStage)
    i.TIM_TI2_ConfigInputStage               0x08004292   Section        0  stm32f4xx_hal_tim.o(i.TIM_TI2_ConfigInputStage)
    TIM_TI2_ConfigInputStage                 0x08004293   Thumb Code    40  stm32f4xx_hal_tim.o(i.TIM_TI2_ConfigInputStage)
    i.USER_CAN_SetMotorCurrent               0x080042bc   Section        0  user_can.o(i.USER_CAN_SetMotorCurrent)
    i.UsageFault_Handler                     0x08004330   Section        0  stm32f4xx_it.o(i.UsageFault_Handler)
    i.__NVIC_GetPriorityGrouping             0x08004334   Section        0  stm32f4xx_hal_cortex.o(i.__NVIC_GetPriorityGrouping)
    __NVIC_GetPriorityGrouping               0x08004335   Thumb Code    10  stm32f4xx_hal_cortex.o(i.__NVIC_GetPriorityGrouping)
    i.__NVIC_SetPriority                     0x08004344   Section        0  stm32f4xx_hal_cortex.o(i.__NVIC_SetPriority)
    __NVIC_SetPriority                       0x08004345   Thumb Code    32  stm32f4xx_hal_cortex.o(i.__NVIC_SetPriority)
    i.__hardfp_ceil                          0x08004370   Section        0  ceil.o(i.__hardfp_ceil)
    i.__hardfp_fmax                          0x08004488   Section        0  fmax.o(i.__hardfp_fmax)
    i.__hardfp_sqrt                          0x080044fc   Section        0  sqrt.o(i.__hardfp_sqrt)
    i.arm_mat_add_f32                        0x08004576   Section        0  matrixfunctions.o(i.arm_mat_add_f32)
    i.arm_mat_init_f32                       0x080045ae   Section        0  matrixfunctions.o(i.arm_mat_init_f32)
    i.arm_mat_mult_f32                       0x080045b8   Section        0  matrixfunctions.o(i.arm_mat_mult_f32)
    i.arm_mat_scale_f32                      0x08004674   Section        0  matrixfunctions.o(i.arm_mat_scale_f32)
    i.arm_mat_sub_f32                        0x080046a0   Section        0  matrixfunctions.o(i.arm_mat_sub_f32)
    i.arm_mat_trans_f32                      0x080046d8   Section        0  matrixfunctions.o(i.arm_mat_trans_f32)
    i.control_acclerate                      0x0800471c   Section        0  tim.o(i.control_acclerate)
    i.control_constspeed                     0x0800477c   Section        0  tim.o(i.control_constspeed)
    i.control_position                       0x0800478c   Section        0  tim.o(i.control_position)
    i.control_real_compete                   0x08004790   Section        0  tim.o(i.control_real_compete)
    i.delay_init                             0x0800480c   Section        0  bsp_delay.o(i.delay_init)
    i.main                                   0x0800483c   Section        0  main.o(i.main)
    x$fpl$d2f                                0x08004d84   Section       98  d2f.o(x$fpl$d2f)
    $v0                                      0x08004d84   Number         0  d2f.o(x$fpl$d2f)
    x$fpl$dadd                               0x08004de8   Section      336  daddsub_clz.o(x$fpl$dadd)
    $v0                                      0x08004de8   Number         0  daddsub_clz.o(x$fpl$dadd)
    _dadd1                                   0x08004df9   Thumb Code     0  daddsub_clz.o(x$fpl$dadd)
    x$fpl$dcmp4                              0x08004f38   Section      310  dcmp4.o(x$fpl$dcmp4)
    $v0                                      0x08004f38   Number         0  dcmp4.o(x$fpl$dcmp4)
    x$fpl$dcmpinf                            0x0800506e   Section       24  dcmpi.o(x$fpl$dcmpinf)
    $v0                                      0x0800506e   Number         0  dcmpi.o(x$fpl$dcmpinf)
    x$fpl$ddiv                               0x08005088   Section      688  ddiv.o(x$fpl$ddiv)
    $v0                                      0x08005088   Number         0  ddiv.o(x$fpl$ddiv)
    ddiv_entry                               0x0800508f   Thumb Code     0  ddiv.o(x$fpl$ddiv)
    x$fpl$dfix                               0x08005338   Section       94  dfix.o(x$fpl$dfix)
    $v0                                      0x08005338   Number         0  dfix.o(x$fpl$dfix)
    x$fpl$dfixu                              0x08005398   Section       90  dfixu.o(x$fpl$dfixu)
    $v0                                      0x08005398   Number         0  dfixu.o(x$fpl$dfixu)
    x$fpl$dflt                               0x080053f2   Section       46  dflt_clz.o(x$fpl$dflt)
    $v0                                      0x080053f2   Number         0  dflt_clz.o(x$fpl$dflt)
    x$fpl$dfltu                              0x08005420   Section       38  dflt_clz.o(x$fpl$dfltu)
    $v0                                      0x08005420   Number         0  dflt_clz.o(x$fpl$dfltu)
    x$fpl$dleqf                              0x08005448   Section      120  dleqf.o(x$fpl$dleqf)
    $v0                                      0x08005448   Number         0  dleqf.o(x$fpl$dleqf)
    x$fpl$dmul                               0x080054c0   Section      340  dmul.o(x$fpl$dmul)
    $v0                                      0x080054c0   Number         0  dmul.o(x$fpl$dmul)
    x$fpl$dnaninf                            0x08005614   Section      156  dnaninf.o(x$fpl$dnaninf)
    $v0                                      0x08005614   Number         0  dnaninf.o(x$fpl$dnaninf)
    x$fpl$dretinf                            0x080056b0   Section       12  dretinf.o(x$fpl$dretinf)
    $v0                                      0x080056b0   Number         0  dretinf.o(x$fpl$dretinf)
    x$fpl$drleqf                             0x080056bc   Section      108  drleqf.o(x$fpl$drleqf)
    $v0                                      0x080056bc   Number         0  drleqf.o(x$fpl$drleqf)
    x$fpl$drsb                               0x08005728   Section       22  daddsub_clz.o(x$fpl$drsb)
    $v0                                      0x08005728   Number         0  daddsub_clz.o(x$fpl$drsb)
    x$fpl$dsqrt                              0x08005740   Section      408  dsqrt_umaal.o(x$fpl$dsqrt)
    $v0                                      0x08005740   Number         0  dsqrt_umaal.o(x$fpl$dsqrt)
    x$fpl$dsub                               0x080058d8   Section      468  daddsub_clz.o(x$fpl$dsub)
    $v0                                      0x080058d8   Number         0  daddsub_clz.o(x$fpl$dsub)
    _dsub1                                   0x080058e9   Thumb Code     0  daddsub_clz.o(x$fpl$dsub)
    x$fpl$f2d                                0x08005aac   Section       86  f2d.o(x$fpl$f2d)
    $v0                                      0x08005aac   Number         0  f2d.o(x$fpl$f2d)
    x$fpl$fnaninf                            0x08005b02   Section      140  fnaninf.o(x$fpl$fnaninf)
    $v0                                      0x08005b02   Number         0  fnaninf.o(x$fpl$fnaninf)
    x$fpl$fpinit                             0x08005b8e   Section       10  fpinit.o(x$fpl$fpinit)
    $v0                                      0x08005b8e   Number         0  fpinit.o(x$fpl$fpinit)
    x$fpl$fretinf                            0x08005b98   Section       10  fretinf.o(x$fpl$fretinf)
    $v0                                      0x08005b98   Number         0  fretinf.o(x$fpl$fretinf)
    .constdata                               0x08005ba2   Section       24  system_stm32f4xx.o(.constdata)
    x$fpl$usenofp                            0x08005ba2   Section        0  usenofp.o(x$fpl$usenofp)
    .data                                    0x20000000   Section        8  bsp_delay.o(.data)
    fac_us                                   0x20000000   Data           1  bsp_delay.o(.data)
    fac_ms                                   0x20000004   Data           4  bsp_delay.o(.data)
    .data                                    0x20000008   Section        5  user_can.o(.data)
    .data                                    0x20000010   Section       56  powercontrol.o(.data)
    .data                                    0x20000048   Section       52  main.o(.data)
    .data                                    0x2000007c   Section        2  tim.o(.data)
    .data                                    0x20000080   Section      172  rls.o(.data)
    .data                                    0x2000012c   Section        9  stm32f4xx_hal.o(.data)
    .data                                    0x20000138   Section        4  system_stm32f4xx.o(.data)
    .bss                                     0x2000013c   Section       16  powercontrol.o(.bss)
    .bss                                     0x2000014c   Section      244  main.o(.bss)
    .bss                                     0x20000240   Section       40  can.o(.bss)
    .bss                                     0x20000268   Section       84  i2c.o(.bss)
    .bss                                     0x200002bc   Section       72  tim.o(.bss)
    .bss                                     0x20000304   Section      204  rls.o(.bss)
    .bss                                     0x200003d0   Section       96  libspace.o(.bss)
    HEAP                                     0x20000430   Section      512  startup_stm32f407xx.o(HEAP)
    Heap_Mem                                 0x20000430   Data         512  startup_stm32f407xx.o(HEAP)
    STACK                                    0x20000630   Section     1024  startup_stm32f407xx.o(STACK)
    Stack_Mem                                0x20000630   Data        1024  startup_stm32f407xx.o(STACK)
    __initial_sp                             0x20000a30   Data           0  startup_stm32f407xx.o(STACK)

    Global Symbols

    Symbol Name                              Value     Ov Type        Size  Object(Section)

    BuildAttributes$$THM_ISAv4$E$P$D$K$B$S$7EM$VFPi3$EXTD16$VFPS$VFMA$PE$A:L22UL41UL21$X:L11$S22US41US21$IEEE1$IW$USESV6$~STKCKD$USESV7$~SHL$OTIME$ROPI$IEEEX$EBA8$UX$STANDARDLIB$REQ8$PRES8$EABIv2 0x00000000   Number         0  anon$$obj.o ABSOLUTE
    __ARM_use_no_argv                        0x00000000   Number         0  main.o ABSOLUTE
    __ARM_exceptions_init                     - Undefined Weak Reference
    __alloca_initialize                       - Undefined Weak Reference
    __arm_fini_                               - Undefined Weak Reference
    __arm_preinit_                            - Undefined Weak Reference
    __cpp_initialize__aeabi_                  - Undefined Weak Reference
    __cxa_finalize                            - Undefined Weak Reference
    __rt_locale                               - Undefined Weak Reference
    __sigvec_lookup                           - Undefined Weak Reference
    _atexit_init                              - Undefined Weak Reference
    _call_atexit_fns                          - Undefined Weak Reference
    _clock_init                               - Undefined Weak Reference
    _fp_trap_init                             - Undefined Weak Reference
    _fp_trap_shutdown                         - Undefined Weak Reference
    _get_lc_collate                           - Undefined Weak Reference
    _get_lc_ctype                             - Undefined Weak Reference
    _get_lc_monetary                          - Undefined Weak Reference
    _get_lc_numeric                           - Undefined Weak Reference
    _get_lc_time                              - Undefined Weak Reference
    _getenv_init                              - Undefined Weak Reference
    _handle_redirection                       - Undefined Weak Reference
    _init_alloc                               - Undefined Weak Reference
    _init_user_alloc                          - Undefined Weak Reference
    _initio                                   - Undefined Weak Reference
    _rand_init                                - Undefined Weak Reference
    _signal_finish                            - Undefined Weak Reference
    _signal_init                              - Undefined Weak Reference
    _terminate_alloc                          - Undefined Weak Reference
    _terminate_user_alloc                     - Undefined Weak Reference
    _terminateio                              - Undefined Weak Reference
    __Vectors_Size                           0x00000188   Number         0  startup_stm32f407xx.o ABSOLUTE
    __Vectors                                0x08000000   Data           4  startup_stm32f407xx.o(RESET)
    __Vectors_End                            0x08000188   Data           0  startup_stm32f407xx.o(RESET)
    __main                                   0x08000189   Thumb Code     8  __main.o(!!!main)
    __scatterload                            0x08000191   Thumb Code     0  __scatter.o(!!!scatter)
    __scatterload_rt2                        0x08000191   Thumb Code    44  __scatter.o(!!!scatter)
    __scatterload_rt2_thumb_only             0x08000191   Thumb Code     0  __scatter.o(!!!scatter)
    __scatterload_null                       0x0800019f   Thumb Code     0  __scatter.o(!!!scatter)
    __decompress                             0x080001c5   Thumb Code    90  __dczerorl2.o(!!dczerorl2)
    __decompress1                            0x080001c5   Thumb Code     0  __dczerorl2.o(!!dczerorl2)
    __scatterload_zeroinit                   0x08000221   Thumb Code    28  __scatter_zi.o(!!handler_zi)
    __rt_lib_init                            0x0800023d   Thumb Code     0  libinit.o(.ARM.Collect$$libinit$$00000000)
    __rt_lib_init_fp_1                       0x0800023f   Thumb Code     0  libinit2.o(.ARM.Collect$$libinit$$00000001)
    __rt_lib_init_alloca_1                   0x08000243   Thumb Code     0  libinit2.o(.ARM.Collect$$libinit$$0000002E)
    __rt_lib_init_argv_1                     0x08000243   Thumb Code     0  libinit2.o(.ARM.Collect$$libinit$$0000002C)
    __rt_lib_init_atexit_1                   0x08000243   Thumb Code     0  libinit2.o(.ARM.Collect$$libinit$$0000001B)
    __rt_lib_init_clock_1                    0x08000243   Thumb Code     0  libinit2.o(.ARM.Collect$$libinit$$00000021)
    __rt_lib_init_cpp_1                      0x08000243   Thumb Code     0  libinit2.o(.ARM.Collect$$libinit$$00000032)
    __rt_lib_init_exceptions_1               0x08000243   Thumb Code     0  libinit2.o(.ARM.Collect$$libinit$$00000030)
    __rt_lib_init_fp_trap_1                  0x08000243   Thumb Code     0  libinit2.o(.ARM.Collect$$libinit$$0000001F)
    __rt_lib_init_getenv_1                   0x08000243   Thumb Code     0  libinit2.o(.ARM.Collect$$libinit$$00000023)
    __rt_lib_init_heap_1                     0x08000243   Thumb Code     0  libinit2.o(.ARM.Collect$$libinit$$0000000A)
    __rt_lib_init_lc_collate_1               0x08000243   Thumb Code     0  libinit2.o(.ARM.Collect$$libinit$$00000011)
    __rt_lib_init_lc_ctype_1                 0x08000243   Thumb Code     0  libinit2.o(.ARM.Collect$$libinit$$00000013)
    __rt_lib_init_lc_monetary_1              0x08000243   Thumb Code     0  libinit2.o(.ARM.Collect$$libinit$$00000015)
    __rt_lib_init_lc_numeric_1               0x08000243   Thumb Code     0  libinit2.o(.ARM.Collect$$libinit$$00000017)
    __rt_lib_init_lc_time_1                  0x08000243   Thumb Code     0  libinit2.o(.ARM.Collect$$libinit$$00000019)
    __rt_lib_init_preinit_1                  0x08000243   Thumb Code     0  libinit2.o(.ARM.Collect$$libinit$$00000004)
    __rt_lib_init_rand_1                     0x08000243   Thumb Code     0  libinit2.o(.ARM.Collect$$libinit$$0000000E)
    __rt_lib_init_return                     0x08000243   Thumb Code     0  libinit2.o(.ARM.Collect$$libinit$$00000033)
    __rt_lib_init_signal_1                   0x08000243   Thumb Code     0  libinit2.o(.ARM.Collect$$libinit$$0000001D)
    __rt_lib_init_stdio_1                    0x08000243   Thumb Code     0  libinit2.o(.ARM.Collect$$libinit$$00000025)
    __rt_lib_init_user_alloc_1               0x08000243   Thumb Code     0  libinit2.o(.ARM.Collect$$libinit$$0000000C)
    __rt_lib_shutdown                        0x08000245   Thumb Code     0  libshutdown.o(.ARM.Collect$$libshutdown$$00000000)
    __rt_lib_shutdown_cpp_1                  0x08000247   Thumb Code     0  libshutdown2.o(.ARM.Collect$$libshutdown$$00000004)
    __rt_lib_shutdown_fini_1                 0x08000247   Thumb Code     0  libshutdown2.o(.ARM.Collect$$libshutdown$$00000002)
    __rt_lib_shutdown_fp_trap_1              0x08000247   Thumb Code     0  libshutdown2.o(.ARM.Collect$$libshutdown$$00000009)
    __rt_lib_shutdown_heap_1                 0x08000247   Thumb Code     0  libshutdown2.o(.ARM.Collect$$libshutdown$$00000011)
    __rt_lib_shutdown_return                 0x08000247   Thumb Code     0  libshutdown2.o(.ARM.Collect$$libshutdown$$00000012)
    __rt_lib_shutdown_signal_1               0x08000247   Thumb Code     0  libshutdown2.o(.ARM.Collect$$libshutdown$$0000000C)
    __rt_lib_shutdown_stdio_1                0x08000247   Thumb Code     0  libshutdown2.o(.ARM.Collect$$libshutdown$$00000006)
    __rt_lib_shutdown_user_alloc_1           0x08000247   Thumb Code     0  libshutdown2.o(.ARM.Collect$$libshutdown$$0000000E)
    __rt_entry                               0x08000249   Thumb Code     0  __rtentry.o(.ARM.Collect$$rtentry$$00000000)
    __rt_entry_presh_1                       0x08000249   Thumb Code     0  __rtentry2.o(.ARM.Collect$$rtentry$$00000002)
    __rt_entry_sh                            0x08000249   Thumb Code     0  __rtentry4.o(.ARM.Collect$$rtentry$$00000004)
    __rt_entry_li                            0x0800024f   Thumb Code     0  __rtentry2.o(.ARM.Collect$$rtentry$$0000000A)
    __rt_entry_postsh_1                      0x0800024f   Thumb Code     0  __rtentry2.o(.ARM.Collect$$rtentry$$00000009)
    __rt_entry_main                          0x08000253   Thumb Code     0  __rtentry2.o(.ARM.Collect$$rtentry$$0000000D)
    __rt_entry_postli_1                      0x08000253   Thumb Code     0  __rtentry2.o(.ARM.Collect$$rtentry$$0000000C)
    __rt_exit                                0x0800025b   Thumb Code     0  rtexit.o(.ARM.Collect$$rtexit$$00000000)
    __rt_exit_ls                             0x0800025d   Thumb Code     0  rtexit2.o(.ARM.Collect$$rtexit$$00000003)
    __rt_exit_prels_1                        0x0800025d   Thumb Code     0  rtexit2.o(.ARM.Collect$$rtexit$$00000002)
    __rt_exit_exit                           0x08000261   Thumb Code     0  rtexit2.o(.ARM.Collect$$rtexit$$00000004)
    Reset_Handler                            0x08000269   Thumb Code     8  startup_stm32f407xx.o(.text)
    ADC_IRQHandler                           0x08000283   Thumb Code     0  startup_stm32f407xx.o(.text)
    CAN1_RX1_IRQHandler                      0x08000283   Thumb Code     0  startup_stm32f407xx.o(.text)
    CAN1_SCE_IRQHandler                      0x08000283   Thumb Code     0  startup_stm32f407xx.o(.text)
    CAN2_RX0_IRQHandler                      0x08000283   Thumb Code     0  startup_stm32f407xx.o(.text)
    CAN2_RX1_IRQHandler                      0x08000283   Thumb Code     0  startup_stm32f407xx.o(.text)
    CAN2_SCE_IRQHandler                      0x08000283   Thumb Code     0  startup_stm32f407xx.o(.text)
    CAN2_TX_IRQHandler                       0x08000283   Thumb Code     0  startup_stm32f407xx.o(.text)
    DCMI_IRQHandler                          0x08000283   Thumb Code     0  startup_stm32f407xx.o(.text)
    DMA1_Stream0_IRQHandler                  0x08000283   Thumb Code     0  startup_stm32f407xx.o(.text)
    DMA1_Stream1_IRQHandler                  0x08000283   Thumb Code     0  startup_stm32f407xx.o(.text)
    DMA1_Stream2_IRQHandler                  0x08000283   Thumb Code     0  startup_stm32f407xx.o(.text)
    DMA1_Stream3_IRQHandler                  0x08000283   Thumb Code     0  startup_stm32f407xx.o(.text)
    DMA1_Stream4_IRQHandler                  0x08000283   Thumb Code     0  startup_stm32f407xx.o(.text)
    DMA1_Stream5_IRQHandler                  0x08000283   Thumb Code     0  startup_stm32f407xx.o(.text)
    DMA1_Stream6_IRQHandler                  0x08000283   Thumb Code     0  startup_stm32f407xx.o(.text)
    DMA1_Stream7_IRQHandler                  0x08000283   Thumb Code     0  startup_stm32f407xx.o(.text)
    DMA2_Stream0_IRQHandler                  0x08000283   Thumb Code     0  startup_stm32f407xx.o(.text)
    DMA2_Stream1_IRQHandler                  0x08000283   Thumb Code     0  startup_stm32f407xx.o(.text)
    DMA2_Stream2_IRQHandler                  0x08000283   Thumb Code     0  startup_stm32f407xx.o(.text)
    DMA2_Stream3_IRQHandler                  0x08000283   Thumb Code     0  startup_stm32f407xx.o(.text)
    DMA2_Stream4_IRQHandler                  0x08000283   Thumb Code     0  startup_stm32f407xx.o(.text)
    DMA2_Stream5_IRQHandler                  0x08000283   Thumb Code     0  startup_stm32f407xx.o(.text)
    DMA2_Stream6_IRQHandler                  0x08000283   Thumb Code     0  startup_stm32f407xx.o(.text)
    DMA2_Stream7_IRQHandler                  0x08000283   Thumb Code     0  startup_stm32f407xx.o(.text)
    ETH_IRQHandler                           0x08000283   Thumb Code     0  startup_stm32f407xx.o(.text)
    ETH_WKUP_IRQHandler                      0x08000283   Thumb Code     0  startup_stm32f407xx.o(.text)
    EXTI0_IRQHandler                         0x08000283   Thumb Code     0  startup_stm32f407xx.o(.text)
    EXTI15_10_IRQHandler                     0x08000283   Thumb Code     0  startup_stm32f407xx.o(.text)
    EXTI1_IRQHandler                         0x08000283   Thumb Code     0  startup_stm32f407xx.o(.text)
    EXTI2_IRQHandler                         0x08000283   Thumb Code     0  startup_stm32f407xx.o(.text)
    EXTI3_IRQHandler                         0x08000283   Thumb Code     0  startup_stm32f407xx.o(.text)
    EXTI4_IRQHandler                         0x08000283   Thumb Code     0  startup_stm32f407xx.o(.text)
    EXTI9_5_IRQHandler                       0x08000283   Thumb Code     0  startup_stm32f407xx.o(.text)
    FLASH_IRQHandler                         0x08000283   Thumb Code     0  startup_stm32f407xx.o(.text)
    FMC_IRQHandler                           0x08000283   Thumb Code     0  startup_stm32f407xx.o(.text)
    FPU_IRQHandler                           0x08000283   Thumb Code     0  startup_stm32f407xx.o(.text)
    HASH_RNG_IRQHandler                      0x08000283   Thumb Code     0  startup_stm32f407xx.o(.text)
    I2C1_ER_IRQHandler                       0x08000283   Thumb Code     0  startup_stm32f407xx.o(.text)
    I2C1_EV_IRQHandler                       0x08000283   Thumb Code     0  startup_stm32f407xx.o(.text)
    I2C2_ER_IRQHandler                       0x08000283   Thumb Code     0  startup_stm32f407xx.o(.text)
    I2C2_EV_IRQHandler                       0x08000283   Thumb Code     0  startup_stm32f407xx.o(.text)
    I2C3_ER_IRQHandler                       0x08000283   Thumb Code     0  startup_stm32f407xx.o(.text)
    I2C3_EV_IRQHandler                       0x08000283   Thumb Code     0  startup_stm32f407xx.o(.text)
    OTG_FS_IRQHandler                        0x08000283   Thumb Code     0  startup_stm32f407xx.o(.text)
    OTG_FS_WKUP_IRQHandler                   0x08000283   Thumb Code     0  startup_stm32f407xx.o(.text)
    OTG_HS_EP1_IN_IRQHandler                 0x08000283   Thumb Code     0  startup_stm32f407xx.o(.text)
    OTG_HS_EP1_OUT_IRQHandler                0x08000283   Thumb Code     0  startup_stm32f407xx.o(.text)
    OTG_HS_IRQHandler                        0x08000283   Thumb Code     0  startup_stm32f407xx.o(.text)
    OTG_HS_WKUP_IRQHandler                   0x08000283   Thumb Code     0  startup_stm32f407xx.o(.text)
    PVD_IRQHandler                           0x08000283   Thumb Code     0  startup_stm32f407xx.o(.text)
    RCC_IRQHandler                           0x08000283   Thumb Code     0  startup_stm32f407xx.o(.text)
    RTC_Alarm_IRQHandler                     0x08000283   Thumb Code     0  startup_stm32f407xx.o(.text)
    RTC_WKUP_IRQHandler                      0x08000283   Thumb Code     0  startup_stm32f407xx.o(.text)
    SDIO_IRQHandler                          0x08000283   Thumb Code     0  startup_stm32f407xx.o(.text)
    SPI1_IRQHandler                          0x08000283   Thumb Code     0  startup_stm32f407xx.o(.text)
    SPI2_IRQHandler                          0x08000283   Thumb Code     0  startup_stm32f407xx.o(.text)
    SPI3_IRQHandler                          0x08000283   Thumb Code     0  startup_stm32f407xx.o(.text)
    TAMP_STAMP_IRQHandler                    0x08000283   Thumb Code     0  startup_stm32f407xx.o(.text)
    TIM2_IRQHandler                          0x08000283   Thumb Code     0  startup_stm32f407xx.o(.text)
    TIM3_IRQHandler                          0x08000283   Thumb Code     0  startup_stm32f407xx.o(.text)
    TIM4_IRQHandler                          0x08000283   Thumb Code     0  startup_stm32f407xx.o(.text)
    TIM5_IRQHandler                          0x08000283   Thumb Code     0  startup_stm32f407xx.o(.text)
    TIM6_DAC_IRQHandler                      0x08000283   Thumb Code     0  startup_stm32f407xx.o(.text)
    TIM7_IRQHandler                          0x08000283   Thumb Code     0  startup_stm32f407xx.o(.text)
    TIM8_BRK_TIM12_IRQHandler                0x08000283   Thumb Code     0  startup_stm32f407xx.o(.text)
    TIM8_CC_IRQHandler                       0x08000283   Thumb Code     0  startup_stm32f407xx.o(.text)
    TIM8_TRG_COM_TIM14_IRQHandler            0x08000283   Thumb Code     0  startup_stm32f407xx.o(.text)
    TIM8_UP_TIM13_IRQHandler                 0x08000283   Thumb Code     0  startup_stm32f407xx.o(.text)
    UART4_IRQHandler                         0x08000283   Thumb Code     0  startup_stm32f407xx.o(.text)
    UART5_IRQHandler                         0x08000283   Thumb Code     0  startup_stm32f407xx.o(.text)
    USART1_IRQHandler                        0x08000283   Thumb Code     0  startup_stm32f407xx.o(.text)
    USART2_IRQHandler                        0x08000283   Thumb Code     0  startup_stm32f407xx.o(.text)
    USART3_IRQHandler                        0x08000283   Thumb Code     0  startup_stm32f407xx.o(.text)
    USART6_IRQHandler                        0x08000283   Thumb Code     0  startup_stm32f407xx.o(.text)
    WWDG_IRQHandler                          0x08000283   Thumb Code     0  startup_stm32f407xx.o(.text)
    __user_initial_stackheap                 0x08000285   Thumb Code     0  startup_stm32f407xx.o(.text)
    __aeabi_uldivmod                         0x080002a9   Thumb Code     0  lludivv7m.o(.text)
    _ll_udiv                                 0x080002a9   Thumb Code   238  lludivv7m.o(.text)
    __aeabi_memclr4                          0x08000397   Thumb Code     0  rt_memclr_w.o(.text)
    __aeabi_memclr8                          0x08000397   Thumb Code     0  rt_memclr_w.o(.text)
    __rt_memclr_w                            0x08000397   Thumb Code    78  rt_memclr_w.o(.text)
    _memset_w                                0x0800039b   Thumb Code     0  rt_memclr_w.o(.text)
    __use_two_region_memory                  0x080003e5   Thumb Code     2  heapauxi.o(.text)
    __rt_heap_escrow$2region                 0x080003e7   Thumb Code     2  heapauxi.o(.text)
    __rt_heap_expand$2region                 0x080003e9   Thumb Code     2  heapauxi.o(.text)
    __read_errno                             0x080003eb   Thumb Code    10  _rserrno.o(.text)
    __set_errno                              0x080003f5   Thumb Code    12  _rserrno.o(.text)
    __aeabi_errno_addr                       0x08000401   Thumb Code     8  rt_errno_addr_intlibspace.o(.text)
    __errno$intlibspace                      0x08000401   Thumb Code     0  rt_errno_addr_intlibspace.o(.text)
    __rt_errno_addr$intlibspace              0x08000401   Thumb Code     0  rt_errno_addr_intlibspace.o(.text)
    __user_libspace                          0x08000409   Thumb Code     8  libspace.o(.text)
    __user_perproc_libspace                  0x08000409   Thumb Code     0  libspace.o(.text)
    __user_perthread_libspace                0x08000409   Thumb Code     0  libspace.o(.text)
    __user_setup_stackheap                   0x08000411   Thumb Code    74  sys_stackheap_outer.o(.text)
    exit                                     0x0800045b   Thumb Code    18  exit.o(.text)
    _sys_exit                                0x0800046d   Thumb Code     8  sys_exit.o(.text)
    __I$use$semihosting                      0x08000479   Thumb Code     0  use_no_semi.o(.text)
    __use_no_semihosting_swi                 0x08000479   Thumb Code     2  use_no_semi.o(.text)
    __semihosting_library_function           0x0800047b   Thumb Code     0  indicate_semi.o(.text)
    AutoFox_INA226_CheckI2cAddress           0x0800047d   Thumb Code    30  ina266.o(i.AutoFox_INA226_CheckI2cAddress)
    AutoFox_INA226_Constructor               0x080004a1   Thumb Code    20  ina266.o(i.AutoFox_INA226_Constructor)
    AutoFox_INA226_GetPower_uW               0x080004b5   Thumb Code    32  ina266.o(i.AutoFox_INA226_GetPower_uW)
    AutoFox_INA226_Init                      0x080004d5   Thumb Code   320  ina266.o(i.AutoFox_INA226_Init)
    AutoFox_INA226_ReadRegister              0x08000615   Thumb Code    92  ina266.o(i.AutoFox_INA226_ReadRegister)
    AutoFox_INA226_WriteRegister             0x08000675   Thumb Code    56  ina266.o(i.AutoFox_INA226_WriteRegister)
    AutoFox_INA226_setupCalibration          0x080006b1   Thumb Code   172  ina266.o(i.AutoFox_INA226_setupCalibration)
    BusFault_Handler                         0x08000775   Thumb Code     4  stm32f4xx_it.o(i.BusFault_Handler)
    CAN1_RX0_IRQHandler                      0x08000779   Thumb Code    10  stm32f4xx_it.o(i.CAN1_RX0_IRQHandler)
    CAN1_TX_IRQHandler                       0x08000789   Thumb Code    10  stm32f4xx_it.o(i.CAN1_TX_IRQHandler)
    CAN_Init                                 0x08000799   Thumb Code    56  user_can.o(i.CAN_Init)
    CAN_Rx0Callback                          0x080007d5   Thumb Code   116  user_can.o(i.CAN_Rx0Callback)
    Chassis_PowerCtrl                        0x0800084d   Thumb Code  1586  powercontrol.o(i.Chassis_PowerCtrl)
    DebugMon_Handler                         0x08000ea5   Thumb Code     2  stm32f4xx_it.o(i.DebugMon_Handler)
    Error_Handler                            0x08000ea7   Thumb Code     6  main.o(i.Error_Handler)
    HAL_CAN_ActivateNotification             0x08000ead   Thumb Code    42  stm32f4xx_hal_can.o(i.HAL_CAN_ActivateNotification)
    HAL_CAN_AddTxMessage                     0x08000ed7   Thumb Code   330  stm32f4xx_hal_can.o(i.HAL_CAN_AddTxMessage)
    HAL_CAN_ConfigFilter                     0x08001021   Thumb Code   286  stm32f4xx_hal_can.o(i.HAL_CAN_ConfigFilter)
    HAL_CAN_ErrorCallback                    0x08001145   Thumb Code     2  stm32f4xx_hal_can.o(i.HAL_CAN_ErrorCallback)
    HAL_CAN_GetRxMessage                     0x08001147   Thumb Code   404  stm32f4xx_hal_can.o(i.HAL_CAN_GetRxMessage)
    HAL_CAN_IRQHandler                       0x080012db   Thumb Code   590  stm32f4xx_hal_can.o(i.HAL_CAN_IRQHandler)
    HAL_CAN_Init                             0x08001529   Thumb Code   372  stm32f4xx_hal_can.o(i.HAL_CAN_Init)
    HAL_CAN_MspInit                          0x0800169d   Thumb Code   154  can.o(i.HAL_CAN_MspInit)
    HAL_CAN_RxFifo0FullCallback              0x08001745   Thumb Code     2  stm32f4xx_hal_can.o(i.HAL_CAN_RxFifo0FullCallback)
    HAL_CAN_RxFifo0MsgPendingCallback        0x08001747   Thumb Code    30  user_can.o(i.HAL_CAN_RxFifo0MsgPendingCallback)
    HAL_CAN_RxFifo1FullCallback              0x08001765   Thumb Code     2  stm32f4xx_hal_can.o(i.HAL_CAN_RxFifo1FullCallback)
    HAL_CAN_RxFifo1MsgPendingCallback        0x08001767   Thumb Code     2  stm32f4xx_hal_can.o(i.HAL_CAN_RxFifo1MsgPendingCallback)
    HAL_CAN_SleepCallback                    0x08001769   Thumb Code     2  stm32f4xx_hal_can.o(i.HAL_CAN_SleepCallback)
    HAL_CAN_Start                            0x0800176b   Thumb Code    94  stm32f4xx_hal_can.o(i.HAL_CAN_Start)
    HAL_CAN_TxMailbox0AbortCallback          0x080017c9   Thumb Code     2  stm32f4xx_hal_can.o(i.HAL_CAN_TxMailbox0AbortCallback)
    HAL_CAN_TxMailbox0CompleteCallback       0x080017cb   Thumb Code     2  stm32f4xx_hal_can.o(i.HAL_CAN_TxMailbox0CompleteCallback)
    HAL_CAN_TxMailbox1AbortCallback          0x080017cd   Thumb Code     2  stm32f4xx_hal_can.o(i.HAL_CAN_TxMailbox1AbortCallback)
    HAL_CAN_TxMailbox1CompleteCallback       0x080017cf   Thumb Code     2  stm32f4xx_hal_can.o(i.HAL_CAN_TxMailbox1CompleteCallback)
    HAL_CAN_TxMailbox2AbortCallback          0x080017d1   Thumb Code     2  stm32f4xx_hal_can.o(i.HAL_CAN_TxMailbox2AbortCallback)
    HAL_CAN_TxMailbox2CompleteCallback       0x080017d3   Thumb Code     2  stm32f4xx_hal_can.o(i.HAL_CAN_TxMailbox2CompleteCallback)
    HAL_CAN_WakeUpFromRxMsgCallback          0x080017d5   Thumb Code     2  stm32f4xx_hal_can.o(i.HAL_CAN_WakeUpFromRxMsgCallback)
    HAL_Delay                                0x080017d9   Thumb Code    36  stm32f4xx_hal.o(i.HAL_Delay)
    HAL_GPIO_Init                            0x08001801   Thumb Code   454  stm32f4xx_hal_gpio.o(i.HAL_GPIO_Init)
    HAL_GPIO_TogglePin                       0x080019f5   Thumb Code    20  stm32f4xx_hal_gpio.o(i.HAL_GPIO_TogglePin)
    HAL_GPIO_WritePin                        0x08001a09   Thumb Code    12  stm32f4xx_hal_gpio.o(i.HAL_GPIO_WritePin)
    HAL_GetTick                              0x08001a15   Thumb Code     6  stm32f4xx_hal.o(i.HAL_GetTick)
    HAL_I2C_Init                             0x08001a21   Thumb Code   446  stm32f4xx_hal_i2c.o(i.HAL_I2C_Init)
    HAL_I2C_IsDeviceReady                    0x08001bf1   Thumb Code   430  stm32f4xx_hal_i2c.o(i.HAL_I2C_IsDeviceReady)
    HAL_I2C_Master_Receive                   0x08001da9   Thumb Code   766  stm32f4xx_hal_i2c.o(i.HAL_I2C_Master_Receive)
    HAL_I2C_Master_Transmit                  0x080020b5   Thumb Code   360  stm32f4xx_hal_i2c.o(i.HAL_I2C_Master_Transmit)
    HAL_I2C_MspInit                          0x08002225   Thumb Code   122  i2c.o(i.HAL_I2C_MspInit)
    HAL_IncTick                              0x080022ad   Thumb Code    16  stm32f4xx_hal.o(i.HAL_IncTick)
    HAL_Init                                 0x080022c5   Thumb Code    54  stm32f4xx_hal.o(i.HAL_Init)
    HAL_InitTick                             0x08002301   Thumb Code    64  stm32f4xx_hal.o(i.HAL_InitTick)
    HAL_MspInit                              0x0800234d   Thumb Code    68  stm32f4xx_hal_msp.o(i.HAL_MspInit)
    HAL_NVIC_EnableIRQ                       0x08002395   Thumb Code    40  stm32f4xx_hal_cortex.o(i.HAL_NVIC_EnableIRQ)
    HAL_NVIC_SetPriority                     0x080023bd   Thumb Code   124  stm32f4xx_hal_cortex.o(i.HAL_NVIC_SetPriority)
    HAL_NVIC_SetPriorityGrouping             0x08002439   Thumb Code    32  stm32f4xx_hal_cortex.o(i.HAL_NVIC_SetPriorityGrouping)
    HAL_RCC_ClockConfig                      0x08002461   Thumb Code   368  stm32f4xx_hal_rcc.o(i.HAL_RCC_ClockConfig)
    HAL_RCC_GetHCLKFreq                      0x080025e5   Thumb Code     6  stm32f4xx_hal_rcc.o(i.HAL_RCC_GetHCLKFreq)
    HAL_RCC_GetPCLK1Freq                     0x080025f1   Thumb Code    22  stm32f4xx_hal_rcc.o(i.HAL_RCC_GetPCLK1Freq)
    HAL_RCC_GetSysClockFreq                  0x08002611   Thumb Code   162  stm32f4xx_hal_rcc.o(i.HAL_RCC_GetSysClockFreq)
    HAL_RCC_OscConfig                        0x080026c1   Thumb Code  1172  stm32f4xx_hal_rcc.o(i.HAL_RCC_OscConfig)
    HAL_SYSTICK_Config                       0x08002b5d   Thumb Code    52  stm32f4xx_hal_cortex.o(i.HAL_SYSTICK_Config)
    HAL_TIMEx_BreakCallback                  0x08002b91   Thumb Code     2  stm32f4xx_hal_tim_ex.o(i.HAL_TIMEx_BreakCallback)
    HAL_TIMEx_CommutCallback                 0x08002b93   Thumb Code     2  stm32f4xx_hal_tim_ex.o(i.HAL_TIMEx_CommutCallback)
    HAL_TIMEx_MasterConfigSynchronization    0x08002b95   Thumb Code   150  stm32f4xx_hal_tim_ex.o(i.HAL_TIMEx_MasterConfigSynchronization)
    HAL_TIM_Base_Init                        0x08002c49   Thumb Code   102  stm32f4xx_hal_tim.o(i.HAL_TIM_Base_Init)
    HAL_TIM_Base_MspInit                     0x08002cb1   Thumb Code   110  tim.o(i.HAL_TIM_Base_MspInit)
    HAL_TIM_Base_Start_IT                    0x08002d29   Thumb Code   138  stm32f4xx_hal_tim.o(i.HAL_TIM_Base_Start_IT)
    HAL_TIM_ConfigClockSource                0x08002dd1   Thumb Code   268  stm32f4xx_hal_tim.o(i.HAL_TIM_ConfigClockSource)
    HAL_TIM_IC_CaptureCallback               0x08002edd   Thumb Code     2  stm32f4xx_hal_tim.o(i.HAL_TIM_IC_CaptureCallback)
    HAL_TIM_IRQHandler                       0x08002edf   Thumb Code   364  stm32f4xx_hal_tim.o(i.HAL_TIM_IRQHandler)
    HAL_TIM_OC_DelayElapsedCallback          0x0800304b   Thumb Code     2  stm32f4xx_hal_tim.o(i.HAL_TIM_OC_DelayElapsedCallback)
    HAL_TIM_PWM_PulseFinishedCallback        0x0800304d   Thumb Code     2  stm32f4xx_hal_tim.o(i.HAL_TIM_PWM_PulseFinishedCallback)
    HAL_TIM_PeriodElapsedCallback            0x08003051   Thumb Code    92  tim.o(i.HAL_TIM_PeriodElapsedCallback)
    HAL_TIM_TriggerCallback                  0x080030c1   Thumb Code     2  stm32f4xx_hal_tim.o(i.HAL_TIM_TriggerCallback)
    HardFault_Handler                        0x080030c3   Thumb Code     4  stm32f4xx_it.o(i.HardFault_Handler)
    MX_CAN1_Init                             0x0800360d   Thumb Code    62  can.o(i.MX_CAN1_Init)
    MX_GPIO_Init                             0x08003655   Thumb Code   306  gpio.o(i.MX_GPIO_Init)
    MX_I2C2_Init                             0x08003799   Thumb Code    48  i2c.o(i.MX_I2C2_Init)
    MX_TIM1_Init                             0x080037d5   Thumb Code   106  tim.o(i.MX_TIM1_Init)
    MemManage_Handler                        0x08003849   Thumb Code     4  stm32f4xx_it.o(i.MemManage_Handler)
    Motor_Update                             0x0800384d   Thumb Code   122  user_can.o(i.Motor_Update)
    NMI_Handler                              0x080038d5   Thumb Code     4  stm32f4xx_it.o(i.NMI_Handler)
    PID_CascadeCalc_totalAngle               0x080038d9   Thumb Code    76  pid.o(i.PID_CascadeCalc_totalAngle)
    PID_Init                                 0x08003929   Thumb Code    38  pid.o(i.PID_Init)
    PID_SingleCalc                           0x08003955   Thumb Code   278  pid.o(i.PID_SingleCalc)
    PID_SingleCalc_totalangle                0x08003a71   Thumb Code   348  pid.o(i.PID_SingleCalc_totalangle)
    PendSV_Handler                           0x08003bdd   Thumb Code     2  stm32f4xx_it.o(i.PendSV_Handler)
    PowerControl_AutoUpdateParam             0x08003be1   Thumb Code   380  rls.o(i.PowerControl_AutoUpdateParam)
    PowerControl_AutoUpdateParamInit         0x08003db1   Thumb Code   246  rls.o(i.PowerControl_AutoUpdateParamInit)
    Power_detect                             0x08003f3d   Thumb Code   236  powercontrol.o(i.Power_detect)
    SVC_Handler                              0x08004049   Thumb Code     2  stm32f4xx_it.o(i.SVC_Handler)
    SysTick_Handler                          0x0800404b   Thumb Code     8  stm32f4xx_it.o(i.SysTick_Handler)
    SystemClock_Config                       0x08004055   Thumb Code   170  main.o(i.SystemClock_Config)
    SystemInit                               0x08004109   Thumb Code    14  system_stm32f4xx.o(i.SystemInit)
    TIM1_BRK_TIM9_IRQHandler                 0x0800411d   Thumb Code    10  stm32f4xx_it.o(i.TIM1_BRK_TIM9_IRQHandler)
    TIM1_CC_IRQHandler                       0x0800412d   Thumb Code    10  stm32f4xx_it.o(i.TIM1_CC_IRQHandler)
    TIM1_TRG_COM_TIM11_IRQHandler            0x0800413d   Thumb Code    10  stm32f4xx_it.o(i.TIM1_TRG_COM_TIM11_IRQHandler)
    TIM1_UP_TIM10_IRQHandler                 0x0800414d   Thumb Code    10  stm32f4xx_it.o(i.TIM1_UP_TIM10_IRQHandler)
    TIM_Base_SetConfig                       0x0800415d   Thumb Code   186  stm32f4xx_hal_tim.o(i.TIM_Base_SetConfig)
    TIM_ETR_SetConfig                        0x08004245   Thumb Code    22  stm32f4xx_hal_tim.o(i.TIM_ETR_SetConfig)
    USER_CAN_SetMotorCurrent                 0x080042bd   Thumb Code   106  user_can.o(i.USER_CAN_SetMotorCurrent)
    UsageFault_Handler                       0x08004331   Thumb Code     4  stm32f4xx_it.o(i.UsageFault_Handler)
    __hardfp_ceil                            0x08004371   Thumb Code   252  ceil.o(i.__hardfp_ceil)
    __hardfp_fmax                            0x08004489   Thumb Code   116  fmax.o(i.__hardfp_fmax)
    __hardfp_sqrt                            0x080044fd   Thumb Code   122  sqrt.o(i.__hardfp_sqrt)
    arm_mat_add_f32                          0x08004577   Thumb Code    56  matrixfunctions.o(i.arm_mat_add_f32)
    arm_mat_init_f32                         0x080045af   Thumb Code     8  matrixfunctions.o(i.arm_mat_init_f32)
    arm_mat_mult_f32                         0x080045b9   Thumb Code   182  matrixfunctions.o(i.arm_mat_mult_f32)
    arm_mat_scale_f32                        0x08004675   Thumb Code    44  matrixfunctions.o(i.arm_mat_scale_f32)
    arm_mat_sub_f32                          0x080046a1   Thumb Code    56  matrixfunctions.o(i.arm_mat_sub_f32)
    arm_mat_trans_f32                        0x080046d9   Thumb Code    68  matrixfunctions.o(i.arm_mat_trans_f32)
    control_acclerate                        0x0800471d   Thumb Code    84  tim.o(i.control_acclerate)
    control_constspeed                       0x0800477d   Thumb Code    10  tim.o(i.control_constspeed)
    control_position                         0x0800478d   Thumb Code     2  tim.o(i.control_position)
    control_real_compete                     0x08004791   Thumb Code   114  tim.o(i.control_real_compete)
    delay_init                               0x0800480d   Thumb Code    32  bsp_delay.o(i.delay_init)
    main                                     0x0800483d   Thumb Code  1328  main.o(i.main)
    __aeabi_d2f                              0x08004d85   Thumb Code     0  d2f.o(x$fpl$d2f)
    _d2f                                     0x08004d85   Thumb Code    98  d2f.o(x$fpl$d2f)
    __aeabi_dadd                             0x08004de9   Thumb Code     0  daddsub_clz.o(x$fpl$dadd)
    _dadd                                    0x08004de9   Thumb Code   332  daddsub_clz.o(x$fpl$dadd)
    __dcmp4                                  0x08004f39   Thumb Code    98  dcmp4.o(x$fpl$dcmp4)
    __ARM_dcmp4                              0x08004f9b   Thumb Code     0  dcmp4.o(x$fpl$dcmp4)
    _dcmp4                                   0x08004f9b   Thumb Code    60  dcmp4.o(x$fpl$dcmp4)
    __dcmp4e                                 0x08004fd7   Thumb Code    98  dcmp4.o(x$fpl$dcmp4)
    __ARM_dcmp4e                             0x08005039   Thumb Code     0  dcmp4.o(x$fpl$dcmp4)
    _dcmp4e                                  0x08005039   Thumb Code    54  dcmp4.o(x$fpl$dcmp4)
    __fpl_dcmp_Inf                           0x0800506f   Thumb Code    24  dcmpi.o(x$fpl$dcmpinf)
    __aeabi_ddiv                             0x08005089   Thumb Code     0  ddiv.o(x$fpl$ddiv)
    _ddiv                                    0x08005089   Thumb Code   552  ddiv.o(x$fpl$ddiv)
    __aeabi_d2iz                             0x08005339   Thumb Code     0  dfix.o(x$fpl$dfix)
    _dfix                                    0x08005339   Thumb Code    94  dfix.o(x$fpl$dfix)
    __aeabi_d2uiz                            0x08005399   Thumb Code     0  dfixu.o(x$fpl$dfixu)
    _dfixu                                   0x08005399   Thumb Code    90  dfixu.o(x$fpl$dfixu)
    __aeabi_i2d                              0x080053f3   Thumb Code     0  dflt_clz.o(x$fpl$dflt)
    _dflt                                    0x080053f3   Thumb Code    46  dflt_clz.o(x$fpl$dflt)
    __aeabi_ui2d                             0x08005421   Thumb Code     0  dflt_clz.o(x$fpl$dfltu)
    _dfltu                                   0x08005421   Thumb Code    38  dflt_clz.o(x$fpl$dfltu)
    __aeabi_cdcmple                          0x08005449   Thumb Code     0  dleqf.o(x$fpl$dleqf)
    _dcmple                                  0x08005449   Thumb Code   120  dleqf.o(x$fpl$dleqf)
    __fpl_dcmple_InfNaN                      0x080054ab   Thumb Code     0  dleqf.o(x$fpl$dleqf)
    __aeabi_dmul                             0x080054c1   Thumb Code     0  dmul.o(x$fpl$dmul)
    _dmul                                    0x080054c1   Thumb Code   332  dmul.o(x$fpl$dmul)
    __fpl_dnaninf                            0x08005615   Thumb Code   156  dnaninf.o(x$fpl$dnaninf)
    __fpl_dretinf                            0x080056b1   Thumb Code    12  dretinf.o(x$fpl$dretinf)
    __aeabi_cdrcmple                         0x080056bd   Thumb Code     0  drleqf.o(x$fpl$drleqf)
    _drcmple                                 0x080056bd   Thumb Code   108  drleqf.o(x$fpl$drleqf)
    __aeabi_drsub                            0x08005729   Thumb Code     0  daddsub_clz.o(x$fpl$drsb)
    _drsb                                    0x08005729   Thumb Code    22  daddsub_clz.o(x$fpl$drsb)
    _dsqrt                                   0x08005741   Thumb Code   404  dsqrt_umaal.o(x$fpl$dsqrt)
    __aeabi_dsub                             0x080058d9   Thumb Code     0  daddsub_clz.o(x$fpl$dsub)
    _dsub                                    0x080058d9   Thumb Code   464  daddsub_clz.o(x$fpl$dsub)
    __aeabi_f2d                              0x08005aad   Thumb Code     0  f2d.o(x$fpl$f2d)
    _f2d                                     0x08005aad   Thumb Code    86  f2d.o(x$fpl$f2d)
    __fpl_fnaninf                            0x08005b03   Thumb Code   140  fnaninf.o(x$fpl$fnaninf)
    _fp_init                                 0x08005b8f   Thumb Code    10  fpinit.o(x$fpl$fpinit)
    __fplib_config_fpu_vfp                   0x08005b97   Thumb Code     0  fpinit.o(x$fpl$fpinit)
    __fplib_config_pureend_doubles           0x08005b97   Thumb Code     0  fpinit.o(x$fpl$fpinit)
    __fpl_fretinf                            0x08005b99   Thumb Code    10  fretinf.o(x$fpl$fretinf)
    AHBPrescTable                            0x08005ba2   Data          16  system_stm32f4xx.o(.constdata)
    __I$use$fp                               0x08005ba2   Number         0  usenofp.o(x$fpl$usenofp)
    APBPrescTable                            0x08005bb2   Data           8  system_stm32f4xx.o(.constdata)
    Region$$Table$$Base                      0x08005bbc   Number         0  anon$$obj.o(Region$$Table)
    Region$$Table$$Limit                     0x08005bdc   Number         0  anon$$obj.o(Region$$Table)
    CAN_TX_BOX0                              0x20000008   Data           4  user_can.o(.data)
    control_mode                             0x2000000c   Data           1  user_can.o(.data)
    templ                                    0x20000010   Data           4  powercontrol.o(.data)
    b                                        0x20000014   Data           4  powercontrol.o(.data)
    c                                        0x20000018   Data           4  powercontrol.o(.data)
    a                                        0x2000001c   Data           4  powercontrol.o(.data)
    scaled_give_power                        0x20000020   Data           4  powercontrol.o(.data)
    power_scale                              0x20000024   Data           4  powercontrol.o(.data)
    mo                                       0x20000028   Data           4  powercontrol.o(.data)
    input_power                              0x2000002c   Data           4  powercontrol.o(.data)
    MotorPowerMax                            0x20000030   Data           2  powercontrol.o(.data)
    PowerLimit                               0x20000032   Data           2  powercontrol.o(.data)
    powerCnt                                 0x20000034   Data           1  powercontrol.o(.data)
    initial_total_power                      0x20000038   Data           4  powercontrol.o(.data)
    expectBuffer                             0x2000003c   Data           4  powercontrol.o(.data)
    RealBuffer                               0x20000040   Data           4  powercontrol.o(.data)
    toque_coefficient                        0x20000044   Data           4  powercontrol.o(.data)
    robermaster                              0x20000048   Data           1  main.o(.data)
    current                                  0x2000004c   Data           4  main.o(.data)
    voltage                                  0x20000050   Data           4  main.o(.data)
    power                                    0x20000054   Data           4  main.o(.data)
    powerPredict                             0x20000058   Data           4  main.o(.data)
    detaTime                                 0x2000005c   Data           2  main.o(.data)
    lastTime                                 0x2000005e   Data           2  main.o(.data)
    currentTime                              0x20000060   Data           2  main.o(.data)
    setV                                     0x20000062   Data           2  main.o(.data)
    setV_SLope                               0x20000064   Data           2  main.o(.data)
    setCurrent                               0x20000066   Data           2  main.o(.data)
    setAngle                                 0x20000068   Data           4  main.o(.data)
    ID                                       0x2000006c   Data           2  main.o(.data)
    state                                    0x20000070   Data           4  main.o(.data)
    measurePower                             0x20000074   Data           2  main.o(.data)
    debugPower                               0x20000078   Data           4  main.o(.data)
    cntTim2                                  0x2000007c   Data           1  tim.o(.data)
    flagtime2                                0x2000007d   Data           1  tim.o(.data)
    transVector                              0x20000080   Data          36  rls.o(.data)
    Ysample                                  0x200000a4   Data           4  rls.o(.data)
    lamdaPowerAutoUpdate                     0x200000a8   Data           4  rls.o(.data)
    XT_M_TRANS_M_X                           0x200000ac   Data           4  rls.o(.data)
    XT_M_PARAM                               0x200000b0   Data           4  rls.o(.data)
    paramMatrix                              0x200000b4   Data           8  rls.o(.data)
    transMatrix                              0x200000bc   Data           8  rls.o(.data)
    kainMatrix                               0x200000c4   Data           8  rls.o(.data)
    XsampleMatrix                            0x200000cc   Data           8  rls.o(.data)
    YsampleMatrix                            0x200000d4   Data           8  rls.o(.data)
    TRANS_M_XMatrix                          0x200000dc   Data           8  rls.o(.data)
    XTMatrix                                 0x200000e4   Data           8  rls.o(.data)
    XT_M_TRANSMatrix                         0x200000ec   Data           8  rls.o(.data)
    XT_M_TRANS_M_XMatrix                     0x200000f4   Data           8  rls.o(.data)
    XT_M_PARAMMatrix                         0x200000fc   Data           8  rls.o(.data)
    deta_PARAMMatrix                         0x20000104   Data           8  rls.o(.data)
    lastParamMatrix                          0x2000010c   Data           8  rls.o(.data)
    lastTransMatrix                          0x20000114   Data           8  rls.o(.data)
    KAIN_M_XTMatrix                          0x2000011c   Data           8  rls.o(.data)
    KAIN_M_XT_M_TRANSMatrix                  0x20000124   Data           8  rls.o(.data)
    uwTick                                   0x2000012c   Data           4  stm32f4xx_hal.o(.data)
    uwTickPrio                               0x20000130   Data           4  stm32f4xx_hal.o(.data)
    uwTickFreq                               0x20000134   Data           1  stm32f4xx_hal.o(.data)
    SystemCoreClock                          0x20000138   Data           4  system_stm32f4xx.o(.data)
    load                                     0x2000013c   Data          16  powercontrol.o(.bss)
    pid_V                                    0x2000014c   Data          40  main.o(.bss)
    BufferPid                                0x20000174   Data          40  main.o(.bss)
    pid_ANGLE                                0x2000019c   Data         132  main.o(.bss)
    ina226                                   0x20000220   Data          16  main.o(.bss)
    motors                                   0x20000230   Data          16  main.o(.bss)
    hcan1                                    0x20000240   Data          40  can.o(.bss)
    hi2c2                                    0x20000268   Data          84  i2c.o(.bss)
    htim1                                    0x200002bc   Data          72  tim.o(.bss)
    paramVector                              0x20000304   Data          12  rls.o(.bss)
    kainVector                               0x20000310   Data          12  rls.o(.bss)
    Xsample                                  0x2000031c   Data          12  rls.o(.bss)
    TRANS_M_X                                0x20000328   Data          12  rls.o(.bss)
    XT                                       0x20000334   Data          12  rls.o(.bss)
    XT_M_TRANS                               0x20000340   Data          12  rls.o(.bss)
    deta_PARAM                               0x2000034c   Data          12  rls.o(.bss)
    lastParamVector                          0x20000358   Data          12  rls.o(.bss)
    lastTrans                                0x20000364   Data          36  rls.o(.bss)
    KAIN_M_XT                                0x20000388   Data          36  rls.o(.bss)
    KAIN_M_XT_M_TRANS                        0x200003ac   Data          36  rls.o(.bss)
    __libspace_start                         0x200003d0   Data          96  libspace.o(.bss)
    __temporary_stack_top$libspace           0x20000430   Data           0  libspace.o(.bss)



==============================================================================

Memory Map of the image

  Image Entry point : 0x08000189

  Load Region LR_IROM1 (Base: 0x08000000, Size: 0x00005d18, Max: 0x00100000, ABSOLUTE, COMPRESSED[0x00005c14])

    Execution Region ER_IROM1 (Exec base: 0x08000000, Load base: 0x08000000, Size: 0x00005bdc, Max: 0x00100000, ABSOLUTE)

    Exec Addr    Load Addr    Size         Type   Attr      Idx    E Section Name        Object

    0x08000000   0x08000000   0x00000188   Data   RO            3    RESET               startup_stm32f407xx.o
    0x08000188   0x08000188   0x00000008   Code   RO        10512  * !!!main             c_w.l(__main.o)
    0x08000190   0x08000190   0x00000034   Code   RO        10951    !!!scatter          c_w.l(__scatter.o)
    0x080001c4   0x080001c4   0x0000005a   Code   RO        10949    !!dczerorl2         c_w.l(__dczerorl2.o)
    0x0800021e   0x0800021e   0x00000002   PAD
    0x08000220   0x08000220   0x0000001c   Code   RO        10953    !!handler_zi        c_w.l(__scatter_zi.o)
    0x0800023c   0x0800023c   0x00000002   Code   RO        10820    .ARM.Collect$$libinit$$00000000  c_w.l(libinit.o)
    0x0800023e   0x0800023e   0x00000004   Code   RO        10829    .ARM.Collect$$libinit$$00000001  c_w.l(libinit2.o)
    0x08000242   0x08000242   0x00000000   Code   RO        10832    .ARM.Collect$$libinit$$00000004  c_w.l(libinit2.o)
    0x08000242   0x08000242   0x00000000   Code   RO        10835    .ARM.Collect$$libinit$$0000000A  c_w.l(libinit2.o)
    0x08000242   0x08000242   0x00000000   Code   RO        10837    .ARM.Collect$$libinit$$0000000C  c_w.l(libinit2.o)
    0x08000242   0x08000242   0x00000000   Code   RO        10839    .ARM.Collect$$libinit$$0000000E  c_w.l(libinit2.o)
    0x08000242   0x08000242   0x00000000   Code   RO        10842    .ARM.Collect$$libinit$$00000011  c_w.l(libinit2.o)
    0x08000242   0x08000242   0x00000000   Code   RO        10844    .ARM.Collect$$libinit$$00000013  c_w.l(libinit2.o)
    0x08000242   0x08000242   0x00000000   Code   RO        10846    .ARM.Collect$$libinit$$00000015  c_w.l(libinit2.o)
    0x08000242   0x08000242   0x00000000   Code   RO        10848    .ARM.Collect$$libinit$$00000017  c_w.l(libinit2.o)
    0x08000242   0x08000242   0x00000000   Code   RO        10850    .ARM.Collect$$libinit$$00000019  c_w.l(libinit2.o)
    0x08000242   0x08000242   0x00000000   Code   RO        10852    .ARM.Collect$$libinit$$0000001B  c_w.l(libinit2.o)
    0x08000242   0x08000242   0x00000000   Code   RO        10854    .ARM.Collect$$libinit$$0000001D  c_w.l(libinit2.o)
    0x08000242   0x08000242   0x00000000   Code   RO        10856    .ARM.Collect$$libinit$$0000001F  c_w.l(libinit2.o)
    0x08000242   0x08000242   0x00000000   Code   RO        10858    .ARM.Collect$$libinit$$00000021  c_w.l(libinit2.o)
    0x08000242   0x08000242   0x00000000   Code   RO        10860    .ARM.Collect$$libinit$$00000023  c_w.l(libinit2.o)
    0x08000242   0x08000242   0x00000000   Code   RO        10862    .ARM.Collect$$libinit$$00000025  c_w.l(libinit2.o)
    0x08000242   0x08000242   0x00000000   Code   RO        10866    .ARM.Collect$$libinit$$0000002C  c_w.l(libinit2.o)
    0x08000242   0x08000242   0x00000000   Code   RO        10868    .ARM.Collect$$libinit$$0000002E  c_w.l(libinit2.o)
    0x08000242   0x08000242   0x00000000   Code   RO        10870    .ARM.Collect$$libinit$$00000030  c_w.l(libinit2.o)
    0x08000242   0x08000242   0x00000000   Code   RO        10872    .ARM.Collect$$libinit$$00000032  c_w.l(libinit2.o)
    0x08000242   0x08000242   0x00000002   Code   RO        10873    .ARM.Collect$$libinit$$00000033  c_w.l(libinit2.o)
    0x08000244   0x08000244   0x00000002   Code   RO        10904    .ARM.Collect$$libshutdown$$00000000  c_w.l(libshutdown.o)
    0x08000246   0x08000246   0x00000000   Code   RO        10930    .ARM.Collect$$libshutdown$$00000002  c_w.l(libshutdown2.o)
    0x08000246   0x08000246   0x00000000   Code   RO        10932    .ARM.Collect$$libshutdown$$00000004  c_w.l(libshutdown2.o)
    0x08000246   0x08000246   0x00000000   Code   RO        10934    .ARM.Collect$$libshutdown$$00000006  c_w.l(libshutdown2.o)
    0x08000246   0x08000246   0x00000000   Code   RO        10937    .ARM.Collect$$libshutdown$$00000009  c_w.l(libshutdown2.o)
    0x08000246   0x08000246   0x00000000   Code   RO        10940    .ARM.Collect$$libshutdown$$0000000C  c_w.l(libshutdown2.o)
    0x08000246   0x08000246   0x00000000   Code   RO        10942    .ARM.Collect$$libshutdown$$0000000E  c_w.l(libshutdown2.o)
    0x08000246   0x08000246   0x00000000   Code   RO        10945    .ARM.Collect$$libshutdown$$00000011  c_w.l(libshutdown2.o)
    0x08000246   0x08000246   0x00000002   Code   RO        10946    .ARM.Collect$$libshutdown$$00000012  c_w.l(libshutdown2.o)
    0x08000248   0x08000248   0x00000000   Code   RO        10706    .ARM.Collect$$rtentry$$00000000  c_w.l(__rtentry.o)
    0x08000248   0x08000248   0x00000000   Code   RO        10783    .ARM.Collect$$rtentry$$00000002  c_w.l(__rtentry2.o)
    0x08000248   0x08000248   0x00000006   Code   RO        10795    .ARM.Collect$$rtentry$$00000004  c_w.l(__rtentry4.o)
    0x0800024e   0x0800024e   0x00000000   Code   RO        10785    .ARM.Collect$$rtentry$$00000009  c_w.l(__rtentry2.o)
    0x0800024e   0x0800024e   0x00000004   Code   RO        10786    .ARM.Collect$$rtentry$$0000000A  c_w.l(__rtentry2.o)
    0x08000252   0x08000252   0x00000000   Code   RO        10788    .ARM.Collect$$rtentry$$0000000C  c_w.l(__rtentry2.o)
    0x08000252   0x08000252   0x00000008   Code   RO        10789    .ARM.Collect$$rtentry$$0000000D  c_w.l(__rtentry2.o)
    0x0800025a   0x0800025a   0x00000002   Code   RO        10821    .ARM.Collect$$rtexit$$00000000  c_w.l(rtexit.o)
    0x0800025c   0x0800025c   0x00000000   Code   RO        10877    .ARM.Collect$$rtexit$$00000002  c_w.l(rtexit2.o)
    0x0800025c   0x0800025c   0x00000004   Code   RO        10878    .ARM.Collect$$rtexit$$00000003  c_w.l(rtexit2.o)
    0x08000260   0x08000260   0x00000006   Code   RO        10879    .ARM.Collect$$rtexit$$00000004  c_w.l(rtexit2.o)
    0x08000266   0x08000266   0x00000002   PAD
    0x08000268   0x08000268   0x00000040   Code   RO            4    .text               startup_stm32f407xx.o
    0x080002a8   0x080002a8   0x000000ee   Code   RO        10496    .text               c_w.l(lludivv7m.o)
    0x08000396   0x08000396   0x0000004e   Code   RO        10508    .text               c_w.l(rt_memclr_w.o)
    0x080003e4   0x080003e4   0x00000006   Code   RO        10510    .text               c_w.l(heapauxi.o)
    0x080003ea   0x080003ea   0x00000016   Code   RO        10711    .text               c_w.l(_rserrno.o)
    0x08000400   0x08000400   0x00000008   Code   RO        10802    .text               c_w.l(rt_errno_addr_intlibspace.o)
    0x08000408   0x08000408   0x00000008   Code   RO        10804    .text               c_w.l(libspace.o)
    0x08000410   0x08000410   0x0000004a   Code   RO        10807    .text               c_w.l(sys_stackheap_outer.o)
    0x0800045a   0x0800045a   0x00000012   Code   RO        10809    .text               c_w.l(exit.o)
    0x0800046c   0x0800046c   0x0000000c   Code   RO        10874    .text               c_w.l(sys_exit.o)
    0x08000478   0x08000478   0x00000002   Code   RO        10893    .text               c_w.l(use_no_semi.o)
    0x0800047a   0x0800047a   0x00000000   Code   RO        10895    .text               c_w.l(indicate_semi.o)
    0x0800047a   0x0800047a   0x00000002   PAD
    0x0800047c   0x0800047c   0x00000024   Code   RO          160    i.AutoFox_INA226_CheckI2cAddress  ina266.o
    0x080004a0   0x080004a0   0x00000014   Code   RO          164    i.AutoFox_INA226_Constructor  ina266.o
    0x080004b4   0x080004b4   0x00000020   Code   RO          168    i.AutoFox_INA226_GetPower_uW  ina266.o
    0x080004d4   0x080004d4   0x00000140   Code   RO          171    i.AutoFox_INA226_Init  ina266.o
    0x08000614   0x08000614   0x00000060   Code   RO          172    i.AutoFox_INA226_ReadRegister  ina266.o
    0x08000674   0x08000674   0x0000003c   Code   RO          176    i.AutoFox_INA226_WriteRegister  ina266.o
    0x080006b0   0x080006b0   0x000000c4   Code   RO          177    i.AutoFox_INA226_setupCalibration  ina266.o
    0x08000774   0x08000774   0x00000004   Code   RO          893    i.BusFault_Handler  stm32f4xx_it.o
    0x08000778   0x08000778   0x00000010   Code   RO          894    i.CAN1_RX0_IRQHandler  stm32f4xx_it.o
    0x08000788   0x08000788   0x00000010   Code   RO          895    i.CAN1_TX_IRQHandler  stm32f4xx_it.o
    0x08000798   0x08000798   0x0000003c   Code   RO          369    i.CAN_Init          user_can.o
    0x080007d4   0x080007d4   0x00000078   Code   RO          370    i.CAN_Rx0Callback   user_can.o
    0x0800084c   0x0800084c   0x00000658   Code   RO          515    i.Chassis_PowerCtrl  powercontrol.o
    0x08000ea4   0x08000ea4   0x00000002   Code   RO          896    i.DebugMon_Handler  stm32f4xx_it.o
    0x08000ea6   0x08000ea6   0x00000006   Code   RO          559    i.Error_Handler     main.o
    0x08000eac   0x08000eac   0x0000002a   Code   RO         1074    i.HAL_CAN_ActivateNotification  stm32f4xx_hal_can.o
    0x08000ed6   0x08000ed6   0x0000014a   Code   RO         1075    i.HAL_CAN_AddTxMessage  stm32f4xx_hal_can.o
    0x08001020   0x08001020   0x00000124   Code   RO         1076    i.HAL_CAN_ConfigFilter  stm32f4xx_hal_can.o
    0x08001144   0x08001144   0x00000002   Code   RO         1079    i.HAL_CAN_ErrorCallback  stm32f4xx_hal_can.o
    0x08001146   0x08001146   0x00000194   Code   RO         1082    i.HAL_CAN_GetRxMessage  stm32f4xx_hal_can.o
    0x080012da   0x080012da   0x0000024e   Code   RO         1086    i.HAL_CAN_IRQHandler  stm32f4xx_hal_can.o
    0x08001528   0x08001528   0x00000174   Code   RO         1087    i.HAL_CAN_Init      stm32f4xx_hal_can.o
    0x0800169c   0x0800169c   0x000000a8   Code   RO          732    i.HAL_CAN_MspInit   can.o
    0x08001744   0x08001744   0x00000002   Code   RO         1094    i.HAL_CAN_RxFifo0FullCallback  stm32f4xx_hal_can.o
    0x08001746   0x08001746   0x0000001e   Code   RO          371    i.HAL_CAN_RxFifo0MsgPendingCallback  user_can.o
    0x08001764   0x08001764   0x00000002   Code   RO         1096    i.HAL_CAN_RxFifo1FullCallback  stm32f4xx_hal_can.o
    0x08001766   0x08001766   0x00000002   Code   RO         1097    i.HAL_CAN_RxFifo1MsgPendingCallback  stm32f4xx_hal_can.o
    0x08001768   0x08001768   0x00000002   Code   RO         1098    i.HAL_CAN_SleepCallback  stm32f4xx_hal_can.o
    0x0800176a   0x0800176a   0x0000005e   Code   RO         1099    i.HAL_CAN_Start     stm32f4xx_hal_can.o
    0x080017c8   0x080017c8   0x00000002   Code   RO         1101    i.HAL_CAN_TxMailbox0AbortCallback  stm32f4xx_hal_can.o
    0x080017ca   0x080017ca   0x00000002   Code   RO         1102    i.HAL_CAN_TxMailbox0CompleteCallback  stm32f4xx_hal_can.o
    0x080017cc   0x080017cc   0x00000002   Code   RO         1103    i.HAL_CAN_TxMailbox1AbortCallback  stm32f4xx_hal_can.o
    0x080017ce   0x080017ce   0x00000002   Code   RO         1104    i.HAL_CAN_TxMailbox1CompleteCallback  stm32f4xx_hal_can.o
    0x080017d0   0x080017d0   0x00000002   Code   RO         1105    i.HAL_CAN_TxMailbox2AbortCallback  stm32f4xx_hal_can.o
    0x080017d2   0x080017d2   0x00000002   Code   RO         1106    i.HAL_CAN_TxMailbox2CompleteCallback  stm32f4xx_hal_can.o
    0x080017d4   0x080017d4   0x00000002   Code   RO         1108    i.HAL_CAN_WakeUpFromRxMsgCallback  stm32f4xx_hal_can.o
    0x080017d6   0x080017d6   0x00000002   PAD
    0x080017d8   0x080017d8   0x00000028   Code   RO         2256    i.HAL_Delay         stm32f4xx_hal.o
    0x08001800   0x08001800   0x000001f4   Code   RO         1707    i.HAL_GPIO_Init     stm32f4xx_hal_gpio.o
    0x080019f4   0x080019f4   0x00000014   Code   RO         1710    i.HAL_GPIO_TogglePin  stm32f4xx_hal_gpio.o
    0x08001a08   0x08001a08   0x0000000c   Code   RO         1711    i.HAL_GPIO_WritePin  stm32f4xx_hal_gpio.o
    0x08001a14   0x08001a14   0x0000000c   Code   RO         2262    i.HAL_GetTick       stm32f4xx_hal.o
    0x08001a20   0x08001a20   0x000001d0   Code   RO         2518    i.HAL_I2C_Init      stm32f4xx_hal_i2c.o
    0x08001bf0   0x08001bf0   0x000001b8   Code   RO         2519    i.HAL_I2C_IsDeviceReady  stm32f4xx_hal_i2c.o
    0x08001da8   0x08001da8   0x0000030c   Code   RO         2524    i.HAL_I2C_Master_Receive  stm32f4xx_hal_i2c.o
    0x080020b4   0x080020b4   0x00000170   Code   RO         2531    i.HAL_I2C_Master_Transmit  stm32f4xx_hal_i2c.o
    0x08002224   0x08002224   0x00000088   Code   RO          774    i.HAL_I2C_MspInit   i2c.o
    0x080022ac   0x080022ac   0x00000018   Code   RO         2268    i.HAL_IncTick       stm32f4xx_hal.o
    0x080022c4   0x080022c4   0x0000003c   Code   RO         2269    i.HAL_Init          stm32f4xx_hal.o
    0x08002300   0x08002300   0x0000004c   Code   RO         2270    i.HAL_InitTick      stm32f4xx_hal.o
    0x0800234c   0x0800234c   0x00000048   Code   RO         1005    i.HAL_MspInit       stm32f4xx_hal_msp.o
    0x08002394   0x08002394   0x00000028   Code   RO         2099    i.HAL_NVIC_EnableIRQ  stm32f4xx_hal_cortex.o
    0x080023bc   0x080023bc   0x0000007c   Code   RO         2105    i.HAL_NVIC_SetPriority  stm32f4xx_hal_cortex.o
    0x08002438   0x08002438   0x00000028   Code   RO         2106    i.HAL_NVIC_SetPriorityGrouping  stm32f4xx_hal_cortex.o
    0x08002460   0x08002460   0x00000184   Code   RO         1308    i.HAL_RCC_ClockConfig  stm32f4xx_hal_rcc.o
    0x080025e4   0x080025e4   0x0000000c   Code   RO         1313    i.HAL_RCC_GetHCLKFreq  stm32f4xx_hal_rcc.o
    0x080025f0   0x080025f0   0x00000020   Code   RO         1315    i.HAL_RCC_GetPCLK1Freq  stm32f4xx_hal_rcc.o
    0x08002610   0x08002610   0x000000b0   Code   RO         1317    i.HAL_RCC_GetSysClockFreq  stm32f4xx_hal_rcc.o
    0x080026c0   0x080026c0   0x0000049c   Code   RO         1320    i.HAL_RCC_OscConfig  stm32f4xx_hal_rcc.o
    0x08002b5c   0x08002b5c   0x00000034   Code   RO         2110    i.HAL_SYSTICK_Config  stm32f4xx_hal_cortex.o
    0x08002b90   0x08002b90   0x00000002   Code   RO         3719    i.HAL_TIMEx_BreakCallback  stm32f4xx_hal_tim_ex.o
    0x08002b92   0x08002b92   0x00000002   Code   RO         3720    i.HAL_TIMEx_CommutCallback  stm32f4xx_hal_tim_ex.o
    0x08002b94   0x08002b94   0x000000b4   Code   RO         3738    i.HAL_TIMEx_MasterConfigSynchronization  stm32f4xx_hal_tim_ex.o
    0x08002c48   0x08002c48   0x00000066   Code   RO         3004    i.HAL_TIM_Base_Init  stm32f4xx_hal_tim.o
    0x08002cae   0x08002cae   0x00000002   PAD
    0x08002cb0   0x08002cb0   0x00000078   Code   RO          816    i.HAL_TIM_Base_MspInit  tim.o
    0x08002d28   0x08002d28   0x000000a8   Code   RO         3009    i.HAL_TIM_Base_Start_IT  stm32f4xx_hal_tim.o
    0x08002dd0   0x08002dd0   0x0000010c   Code   RO         3013    i.HAL_TIM_ConfigClockSource  stm32f4xx_hal_tim.o
    0x08002edc   0x08002edc   0x00000002   Code   RO         3038    i.HAL_TIM_IC_CaptureCallback  stm32f4xx_hal_tim.o
    0x08002ede   0x08002ede   0x0000016c   Code   RO         3052    i.HAL_TIM_IRQHandler  stm32f4xx_hal_tim.o
    0x0800304a   0x0800304a   0x00000002   Code   RO         3055    i.HAL_TIM_OC_DelayElapsedCallback  stm32f4xx_hal_tim.o
    0x0800304c   0x0800304c   0x00000002   Code   RO         3082    i.HAL_TIM_PWM_PulseFinishedCallback  stm32f4xx_hal_tim.o
    0x0800304e   0x0800304e   0x00000002   PAD
    0x08003050   0x08003050   0x00000070   Code   RO          817    i.HAL_TIM_PeriodElapsedCallback  tim.o
    0x080030c0   0x080030c0   0x00000002   Code   RO         3095    i.HAL_TIM_TriggerCallback  stm32f4xx_hal_tim.o
    0x080030c2   0x080030c2   0x00000004   Code   RO          897    i.HardFault_Handler  stm32f4xx_it.o
    0x080030c6   0x080030c6   0x0000003e   Code   RO         2562    i.I2C_IsAcknowledgeFailed  stm32f4xx_hal_i2c.o
    0x08003104   0x08003104   0x00000138   Code   RO         2565    i.I2C_MasterRequestRead  stm32f4xx_hal_i2c.o
    0x0800323c   0x0800323c   0x000000c0   Code   RO         2566    i.I2C_MasterRequestWrite  stm32f4xx_hal_i2c.o
    0x080032fc   0x080032fc   0x00000066   Code   RO         2582    i.I2C_WaitOnBTFFlagUntilTimeout  stm32f4xx_hal_i2c.o
    0x08003362   0x08003362   0x000000be   Code   RO         2583    i.I2C_WaitOnFlagUntilTimeout  stm32f4xx_hal_i2c.o
    0x08003420   0x08003420   0x000000fa   Code   RO         2584    i.I2C_WaitOnMasterAddressFlagUntilTimeout  stm32f4xx_hal_i2c.o
    0x0800351a   0x0800351a   0x0000008a   Code   RO         2585    i.I2C_WaitOnRXNEFlagUntilTimeout  stm32f4xx_hal_i2c.o
    0x080035a4   0x080035a4   0x00000066   Code   RO         2588    i.I2C_WaitOnTXEFlagUntilTimeout  stm32f4xx_hal_i2c.o
    0x0800360a   0x0800360a   0x00000002   PAD
    0x0800360c   0x0800360c   0x00000048   Code   RO          733    i.MX_CAN1_Init      can.o
    0x08003654   0x08003654   0x00000144   Code   RO          707    i.MX_GPIO_Init      gpio.o
    0x08003798   0x08003798   0x0000003c   Code   RO          775    i.MX_I2C2_Init      i2c.o
    0x080037d4   0x080037d4   0x00000074   Code   RO          818    i.MX_TIM1_Init      tim.o
    0x08003848   0x08003848   0x00000004   Code   RO          898    i.MemManage_Handler  stm32f4xx_it.o
    0x0800384c   0x0800384c   0x00000088   Code   RO          372    i.Motor_Update      user_can.o
    0x080038d4   0x080038d4   0x00000004   Code   RO          899    i.NMI_Handler       stm32f4xx_it.o
    0x080038d8   0x080038d8   0x00000050   Code   RO          431    i.PID_CascadeCalc_totalAngle  pid.o
    0x08003928   0x08003928   0x0000002c   Code   RO          433    i.PID_Init          pid.o
    0x08003954   0x08003954   0x0000011c   Code   RO          436    i.PID_SingleCalc    pid.o
    0x08003a70   0x08003a70   0x0000016c   Code   RO          437    i.PID_SingleCalc_totalangle  pid.o
    0x08003bdc   0x08003bdc   0x00000002   Code   RO          900    i.PendSV_Handler    stm32f4xx_it.o
    0x08003bde   0x08003bde   0x00000002   PAD
    0x08003be0   0x08003be0   0x000001d0   Code   RO         1029    i.PowerControl_AutoUpdateParam  rls.o
    0x08003db0   0x08003db0   0x0000018c   Code   RO         1030    i.PowerControl_AutoUpdateParamInit  rls.o
    0x08003f3c   0x08003f3c   0x0000010c   Code   RO          516    i.Power_detect      powercontrol.o
    0x08004048   0x08004048   0x00000002   Code   RO          901    i.SVC_Handler       stm32f4xx_it.o
    0x0800404a   0x0800404a   0x00000008   Code   RO          902    i.SysTick_Handler   stm32f4xx_it.o
    0x08004052   0x08004052   0x00000002   PAD
    0x08004054   0x08004054   0x000000b4   Code   RO          560    i.SystemClock_Config  main.o
    0x08004108   0x08004108   0x00000014   Code   RO         3987    i.SystemInit        system_stm32f4xx.o
    0x0800411c   0x0800411c   0x00000010   Code   RO          903    i.TIM1_BRK_TIM9_IRQHandler  stm32f4xx_it.o
    0x0800412c   0x0800412c   0x00000010   Code   RO          904    i.TIM1_CC_IRQHandler  stm32f4xx_it.o
    0x0800413c   0x0800413c   0x00000010   Code   RO          905    i.TIM1_TRG_COM_TIM11_IRQHandler  stm32f4xx_it.o
    0x0800414c   0x0800414c   0x00000010   Code   RO          906    i.TIM1_UP_TIM10_IRQHandler  stm32f4xx_it.o
    0x0800415c   0x0800415c   0x000000e8   Code   RO         3097    i.TIM_Base_SetConfig  stm32f4xx_hal_tim.o
    0x08004244   0x08004244   0x00000016   Code   RO         3108    i.TIM_ETR_SetConfig  stm32f4xx_hal_tim.o
    0x0800425a   0x0800425a   0x00000012   Code   RO         3109    i.TIM_ITRx_SetConfig  stm32f4xx_hal_tim.o
    0x0800426c   0x0800426c   0x00000026   Code   RO         3115    i.TIM_TI1_ConfigInputStage  stm32f4xx_hal_tim.o
    0x08004292   0x08004292   0x00000028   Code   RO         3117    i.TIM_TI2_ConfigInputStage  stm32f4xx_hal_tim.o
    0x080042ba   0x080042ba   0x00000002   PAD
    0x080042bc   0x080042bc   0x00000074   Code   RO          373    i.USER_CAN_SetMotorCurrent  user_can.o
    0x08004330   0x08004330   0x00000004   Code   RO          907    i.UsageFault_Handler  stm32f4xx_it.o
    0x08004334   0x08004334   0x00000010   Code   RO         2112    i.__NVIC_GetPriorityGrouping  stm32f4xx_hal_cortex.o
    0x08004344   0x08004344   0x00000028   Code   RO         2113    i.__NVIC_SetPriority  stm32f4xx_hal_cortex.o
    0x0800436c   0x0800436c   0x00000004   PAD
    0x08004370   0x08004370   0x00000118   Code   RO        10560    i.__hardfp_ceil     m_wm.l(ceil.o)
    0x08004488   0x08004488   0x00000074   Code   RO        10624    i.__hardfp_fmax     m_wm.l(fmax.o)
    0x080044fc   0x080044fc   0x0000007a   Code   RO        10670    i.__hardfp_sqrt     m_wm.l(sqrt.o)
    0x08004576   0x08004576   0x00000038   Code   RO         6852    i.arm_mat_add_f32   matrixfunctions.o
    0x080045ae   0x080045ae   0x00000008   Code   RO         6863    i.arm_mat_init_f32  matrixfunctions.o
    0x080045b6   0x080045b6   0x00000002   PAD
    0x080045b8   0x080045b8   0x000000bc   Code   RO         6871    i.arm_mat_mult_f32  matrixfunctions.o
    0x08004674   0x08004674   0x0000002c   Code   RO         6881    i.arm_mat_scale_f32  matrixfunctions.o
    0x080046a0   0x080046a0   0x00000038   Code   RO         6888    i.arm_mat_sub_f32   matrixfunctions.o
    0x080046d8   0x080046d8   0x00000044   Code   RO         6892    i.arm_mat_trans_f32  matrixfunctions.o
    0x0800471c   0x0800471c   0x00000060   Code   RO          819    i.control_acclerate  tim.o
    0x0800477c   0x0800477c   0x00000010   Code   RO          820    i.control_constspeed  tim.o
    0x0800478c   0x0800478c   0x00000002   Code   RO          821    i.control_position  tim.o
    0x0800478e   0x0800478e   0x00000002   PAD
    0x08004790   0x08004790   0x0000007c   Code   RO          822    i.control_real_compete  tim.o
    0x0800480c   0x0800480c   0x00000030   Code   RO           13    i.delay_init        bsp_delay.o
    0x0800483c   0x0800483c   0x00000548   Code   RO          561    i.main              main.o
    0x08004d84   0x08004d84   0x00000062   Code   RO        10516    x$fpl$d2f           fz_wm.l(d2f.o)
    0x08004de6   0x08004de6   0x00000002   PAD
    0x08004de8   0x08004de8   0x00000150   Code   RO        10518    x$fpl$dadd          fz_wm.l(daddsub_clz.o)
    0x08004f38   0x08004f38   0x00000136   Code   RO        10713    x$fpl$dcmp4         fz_wm.l(dcmp4.o)
    0x0800506e   0x0800506e   0x00000018   Code   RO        10715    x$fpl$dcmpinf       fz_wm.l(dcmpi.o)
    0x08005086   0x08005086   0x00000002   PAD
    0x08005088   0x08005088   0x000002b0   Code   RO        10525    x$fpl$ddiv          fz_wm.l(ddiv.o)
    0x08005338   0x08005338   0x0000005e   Code   RO        10530    x$fpl$dfix          fz_wm.l(dfix.o)
    0x08005396   0x08005396   0x00000002   PAD
    0x08005398   0x08005398   0x0000005a   Code   RO        10538    x$fpl$dfixu         fz_wm.l(dfixu.o)
    0x080053f2   0x080053f2   0x0000002e   Code   RO        10543    x$fpl$dflt          fz_wm.l(dflt_clz.o)
    0x08005420   0x08005420   0x00000026   Code   RO        10542    x$fpl$dfltu         fz_wm.l(dflt_clz.o)
    0x08005446   0x08005446   0x00000002   PAD
    0x08005448   0x08005448   0x00000078   Code   RO        10548    x$fpl$dleqf         fz_wm.l(dleqf.o)
    0x080054c0   0x080054c0   0x00000154   Code   RO        10550    x$fpl$dmul          fz_wm.l(dmul.o)
    0x08005614   0x08005614   0x0000009c   Code   RO        10717    x$fpl$dnaninf       fz_wm.l(dnaninf.o)
    0x080056b0   0x080056b0   0x0000000c   Code   RO        10719    x$fpl$dretinf       fz_wm.l(dretinf.o)
    0x080056bc   0x080056bc   0x0000006c   Code   RO        10552    x$fpl$drleqf        fz_wm.l(drleqf.o)
    0x08005728   0x08005728   0x00000016   Code   RO        10519    x$fpl$drsb          fz_wm.l(daddsub_clz.o)
    0x0800573e   0x0800573e   0x00000002   PAD
    0x08005740   0x08005740   0x00000198   Code   RO        10721    x$fpl$dsqrt         fz_wm.l(dsqrt_umaal.o)
    0x080058d8   0x080058d8   0x000001d4   Code   RO        10520    x$fpl$dsub          fz_wm.l(daddsub_clz.o)
    0x08005aac   0x08005aac   0x00000056   Code   RO        10554    x$fpl$f2d           fz_wm.l(f2d.o)
    0x08005b02   0x08005b02   0x0000008c   Code   RO        10723    x$fpl$fnaninf       fz_wm.l(fnaninf.o)
    0x08005b8e   0x08005b8e   0x0000000a   Code   RO        10889    x$fpl$fpinit        fz_wm.l(fpinit.o)
    0x08005b98   0x08005b98   0x0000000a   Code   RO        10725    x$fpl$fretinf       fz_wm.l(fretinf.o)
    0x08005ba2   0x08005ba2   0x00000000   Code   RO        10729    x$fpl$usenofp       fz_wm.l(usenofp.o)
    0x08005ba2   0x08005ba2   0x00000018   Data   RO         3988    .constdata          system_stm32f4xx.o
    0x08005bba   0x08005bba   0x00000002   PAD
    0x08005bbc   0x08005bbc   0x00000020   Data   RO        10947    Region$$Table       anon$$obj.o


    Execution Region RW_IRAM1 (Exec base: 0x20000000, Load base: 0x08005bdc, Size: 0x00000a30, Max: 0x0001c000, ABSOLUTE, COMPRESSED[0x00000038])

    Exec Addr    Load Addr    Size         Type   Attr      Idx    E Section Name        Object

    0x20000000   COMPRESSED   0x00000008   Data   RW           16    .data               bsp_delay.o
    0x20000008   COMPRESSED   0x00000005   Data   RW          374    .data               user_can.o
    0x2000000d   COMPRESSED   0x00000003   PAD
    0x20000010   COMPRESSED   0x00000038   Data   RW          518    .data               powercontrol.o
    0x20000048   COMPRESSED   0x00000034   Data   RW          563    .data               main.o
    0x2000007c   COMPRESSED   0x00000002   Data   RW          824    .data               tim.o
    0x2000007e   COMPRESSED   0x00000002   PAD
    0x20000080   COMPRESSED   0x000000ac   Data   RW         1032    .data               rls.o
    0x2000012c   COMPRESSED   0x00000009   Data   RW         2276    .data               stm32f4xx_hal.o
    0x20000135   COMPRESSED   0x00000003   PAD
    0x20000138   COMPRESSED   0x00000004   Data   RW         3989    .data               system_stm32f4xx.o
    0x2000013c        -       0x00000010   Zero   RW          517    .bss                powercontrol.o
    0x2000014c        -       0x000000f4   Zero   RW          562    .bss                main.o
    0x20000240        -       0x00000028   Zero   RW          734    .bss                can.o
    0x20000268        -       0x00000054   Zero   RW          776    .bss                i2c.o
    0x200002bc        -       0x00000048   Zero   RW          823    .bss                tim.o
    0x20000304        -       0x000000cc   Zero   RW         1031    .bss                rls.o
    0x200003d0        -       0x00000060   Zero   RW        10805    .bss                c_w.l(libspace.o)
    0x20000430        -       0x00000200   Zero   RW            2    HEAP                startup_stm32f407xx.o
    0x20000630        -       0x00000400   Zero   RW            1    STACK               startup_stm32f407xx.o


    Execution Region RW_IRAM2 (Exec base: 0x2001c000, Load base: 0x08005c14, Size: 0x00000000, Max: 0x00004000, ABSOLUTE)

    **** No section assigned to this execution region ****


==============================================================================

Image component sizes


      Code (inc. data)   RO Data    RW Data    ZI Data      Debug   Object Name

        48         16          0          8          0       6905   bsp_delay.o
       240         24          0          0         40       1853   can.o
       324         18          0          0          0       1243   gpio.o
       196         26          0          0         84       1821   i2c.o
       760         38          0          0          0     702768   ina266.o
      1538        196          0         52        244      10494   main.o
       420          6          0          0          0       8178   matrixfunctions.o
       772         32          0          0          0       4133   pid.o
      1892        154          0         56         16       5439   powercontrol.o
       860        234          0        172        204       3814   rls.o
        64         26        392          0       1536        848   startup_stm32f407xx.o
       212         36          0          9          0       9593   stm32f4xx_hal.o
      2148          6          0          0          0      14695   stm32f4xx_hal_can.o
       312         22          0          0          0      34399   stm32f4xx_hal_cortex.o
       532         46          0          0          0       2917   stm32f4xx_hal_gpio.o
      3400         60          0          0          0      13126   stm32f4xx_hal_i2c.o
        72          4          0          0          0       1002   stm32f4xx_hal_msp.o
      1788         74          0          0          0       5209   stm32f4xx_hal_rcc.o
      1260         76          0          0          0      10107   stm32f4xx_hal_tim.o
       184         30          0          0          0       2689   stm32f4xx_hal_tim_ex.o
       130         36          0          0          0       7404   stm32f4xx_it.o
        20          6         24          4          0       1279   system_stm32f4xx.o
       586         68          0          2         72       6295   tim.o
       462         32          0          5          0       4677   user_can.o

    ----------------------------------------------------------------------
     18242       1270        450        316       2196     860888   Object Totals
         0          0         32          0          0          0   (incl. Generated)
        22          4          2          8          0          0   (incl. Padding)

    ----------------------------------------------------------------------

      Code (inc. data)   RO Data    RW Data    ZI Data      Debug   Library Member Name

        90          0          0          0          0          0   __dczerorl2.o
         8          0          0          0          0         68   __main.o
         0          0          0          0          0          0   __rtentry.o
        12          0          0          0          0          0   __rtentry2.o
         6          0          0          0          0          0   __rtentry4.o
        52          8          0          0          0          0   __scatter.o
        28          0          0          0          0          0   __scatter_zi.o
        22          0          0          0          0        100   _rserrno.o
        18          0          0          0          0         80   exit.o
         6          0          0          0          0        152   heapauxi.o
         0          0          0          0          0          0   indicate_semi.o
         2          0          0          0          0          0   libinit.o
         6          0          0          0          0          0   libinit2.o
         2          0          0          0          0          0   libshutdown.o
         2          0          0          0          0          0   libshutdown2.o
         8          4          0          0         96         68   libspace.o
       238          0          0          0          0        100   lludivv7m.o
         8          4          0          0          0         68   rt_errno_addr_intlibspace.o
        78          0          0          0          0         80   rt_memclr_w.o
         2          0          0          0          0          0   rtexit.o
        10          0          0          0          0          0   rtexit2.o
        12          4          0          0          0         68   sys_exit.o
        74          0          0          0          0         80   sys_stackheap_outer.o
         2          0          0          0          0         68   use_no_semi.o
        98          4          0          0          0        140   d2f.o
       826         16          0          0          0        492   daddsub_clz.o
       310          8          0          0          0        228   dcmp4.o
        24          0          0          0          0        116   dcmpi.o
       688        140          0          0          0        256   ddiv.o
        94          4          0          0          0        140   dfix.o
        90          4          0          0          0        140   dfixu.o
        84          0          0          0          0        232   dflt_clz.o
       120          4          0          0          0        140   dleqf.o
       340         12          0          0          0        152   dmul.o
       156          4          0          0          0        140   dnaninf.o
        12          0          0          0          0        116   dretinf.o
       108          0          0          0          0        128   drleqf.o
       408         56          0          0          0        168   dsqrt_umaal.o
        86          4          0          0          0        132   f2d.o
       140          4          0          0          0        132   fnaninf.o
        10          0          0          0          0        116   fpinit.o
        10          0          0          0          0        116   fretinf.o
         0          0          0          0          0          0   usenofp.o
       280         28          0          0          0        156   ceil.o
       116          0          0          0          0        164   fmax.o
       122          0          0          0          0        148   sqrt.o

    ----------------------------------------------------------------------
      4824        308          0          0         96       4484   Library Totals
        16          0          0          0          0          0   (incl. Padding)

    ----------------------------------------------------------------------

      Code (inc. data)   RO Data    RW Data    ZI Data      Debug   Library Name

       686         20          0          0         96        932   c_w.l
      3604        260          0          0          0       3084   fz_wm.l
       518         28          0          0          0        468   m_wm.l

    ----------------------------------------------------------------------
      4824        308          0          0         96       4484   Library Totals

    ----------------------------------------------------------------------

==============================================================================


      Code (inc. data)   RO Data    RW Data    ZI Data      Debug   

     23066       1578        450        316       2292     851308   Grand Totals
     23066       1578        450         56       2292     851308   ELF Image Totals (compressed)
     23066       1578        450         56          0          0   ROM Totals

==============================================================================

    Total RO  Size (Code + RO Data)                23516 (  22.96kB)
    Total RW  Size (RW Data + ZI Data)              2608 (   2.55kB)
    Total ROM Size (Code + RO Data + RW Data)      23572 (  23.02kB)

==============================================================================

