<html>
<body>
<pre>
<h1>礦ision Build Log</h1>
<h2>Tool Versions:</h2>
IDE-Version: μVision V5.41.0.0
Copyright (C) 2024 ARM Ltd and ARM Germany GmbH. All rights reserved.
License Information: xing guoyang, JLU, LIC=QF82M-XJDIW-JJ76S-LVU5B-4PU19-SIZGN
 
Tool Versions:
Toolchain:       MDK-ARM Plus  Version: 5.41.0.0
Toolchain Path:  C:\Keil_v5\ARM\ARMCC\Bin
C Compiler:      Armcc.exe V5.06 update 7 (build 960)
Assembler:       Armasm.exe V5.06 update 7 (build 960)
Linker/Locator:  ArmLink.exe V5.06 update 7 (build 960)
Library Manager: ArmAr.exe V5.06 update 7 (build 960)
Hex Converter:   FromElf.exe V5.06 update 7 (build 960)
CPU DLL:         SARMCM3.DLL V5.41.0.0
Dialog DLL:      DCM.DLL V1.17.5.0
Target DLL:      CMSIS_AGDI.dll V1.33.21.0
Dialog DLL:      TCM.DLL V1.56.4.0
 
<h2>Project:</h2>
C:\Users\31719\Desktop\新建文件夹\power_C\MDK-ARM\power_C.uvprojx
Project File Date:  02/18/2025

<h2>Output:</h2>
*** Using Compiler 'V5.06 update 7 (build 960)', folder: 'C:\Keil_v5\ARM\ARMCC\Bin'
Build target 'power_C'
compiling main.c...
../MDK-ARM/RLS.h(4): warning:  #1295-D: Deprecated declaration PowerControl_AutoUpdateParamInit - give arg types
  void PowerControl_AutoUpdateParamInit();
../MDK-ARM/RLS.h(7): warning:  #1-D: last line of file ends without a newline
  #endif
../Core/Src/main.c(151): warning:  #550-D: variable "lastsetCurrent"  was set but never used
      int16_t lastsetCurrent[MOTOR_NUM];
../Core/Src/main.c(133): warning:  #550-D: variable "inastatus"  was set but never used
    size_t inastatus;
../Core/Src/main.c: 4 warnings, 0 errors
linking...
Program Size: Code=23066 RO-data=450 RW-data=316 ZI-data=2292  
FromELF: creating hex file...
".\power_C\power_C.axf" - 0 Error(s), 4 Warning(s).

<h2>Software Packages used:</h2>

Package Vendor: ARM
                https://www.keil.com/pack/ARM.CMSIS.6.1.0.pack
                ARM::CMSIS@6.1.0
                CMSIS (Common Microcontroller Software Interface Standard)
   * Component: CORE Version: 6.1.0

Package Vendor: ARM
                https://www.keil.com/pack/ARM.CMSIS-DSP.1.16.2.pack
                ARM::CMSIS-DSP@1.16.2
                CMSIS Embedded Compute Library
   * Component: DSP Variant: Source Version: 1.16.2

Package Vendor: Keil
                http://www.keil.com/pack/Keil.STM32F4xx_DFP.2.16.0.pack
                Keil::STM32F4xx_DFP@2.16.0
                STMicroelectronics STM32F4 Series Device Support, Drivers and Examples

<h2>Collection of Component include folders:</h2>
  ./RTE/_power_C
  C:/Users/31719/AppData/Local/Arm/Packs/ARM/CMSIS-DSP/1.16.2/Include
  C:/Users/31719/AppData/Local/Arm/Packs/ARM/CMSIS-DSP/1.16.2/PrivateInclude
  C:/Users/31719/AppData/Local/Arm/Packs/ARM/CMSIS/6.1.0/CMSIS/Core/Include
  C:/Users/31719/AppData/Local/Arm/Packs/Keil/STM32F4xx_DFP/2.16.0/Drivers/CMSIS/Device/ST/STM32F4xx/Include

<h2>Collection of Component Files used:</h2>

   * Component: ARM::CMSIS:CORE@6.1.0
      Include file:  CMSIS/Core/Include/tz_context.h

   * Component: ARM::CMSIS:DSP&Source@1.16.2
      Source file:   Source/FilteringFunctions/FilteringFunctions.c
      Include file:  Include/arm_const_structs.h
      Source file:   Source/MatrixFunctions/MatrixFunctions.c
      Source file:   Source/StatisticsFunctions/StatisticsFunctions.c
      Include file:  Include/arm_math.h
      Source file:   Source/SupportFunctions/SupportFunctions.c
      Include file:  Include/arm_const_structs_f16.h
      Source file:   Source/ControllerFunctions/ControllerFunctions.c
      Include file:  Include/arm_common_tables.h
      Include file:  Include/arm_math_f16.h
      Include file:  Include/arm_common_tables_f16.h
      Source file:   Source/QuaternionMathFunctions/QuaternionMathFunctions.c
      Source file:   Source/CommonTables/CommonTables.c
      Source file:   Source/ComplexMathFunctions/ComplexMathFunctions.c
      Source file:   Source/SVMFunctions/SVMFunctions.c
      Source file:   Source/DistanceFunctions/DistanceFunctions.c
      Source file:   Source/BayesFunctions/BayesFunctions.c
      Source file:   Source/FastMathFunctions/FastMathFunctions.c
      Source file:   Source/BasicMathFunctions/BasicMathFunctions.c
      Source file:   Source/InterpolationFunctions/InterpolationFunctionsF16.c
      Source file:   Source/TransformFunctions/TransformFunctions.c
      Source file:   Source/BayesFunctions/BayesFunctionsF16.c
      Source file:   Source/FastMathFunctions/FastMathFunctionsF16.c
      Source file:   Source/SVMFunctions/SVMFunctionsF16.c
      Source file:   Source/MatrixFunctions/MatrixFunctionsF16.c
      Source file:   Source/InterpolationFunctions/InterpolationFunctions.c
      Source file:   Source/WindowFunctions/WindowFunctions.c
      Source file:   Source/FilteringFunctions/FilteringFunctionsF16.c
      Source file:   Source/ComplexMathFunctions/ComplexMathFunctionsF16.c
      Source file:   Source/SupportFunctions/SupportFunctionsF16.c
      Source file:   Source/BasicMathFunctions/BasicMathFunctionsF16.c
      Source file:   Source/StatisticsFunctions/StatisticsFunctionsF16.c
      Source file:   Source/TransformFunctions/TransformFunctionsF16.c
      Source file:   Source/DistanceFunctions/DistanceFunctionsF16.c
      Source file:   Source/CommonTables/CommonTablesF16.c
Build Time Elapsed:  00:00:02
</pre>
</body>
</html>
