Component: ARM Compiler 5.06 update 7 (build 960) Tool: armlink [4d3601]

==============================================================================

Section Cross References

    startup_stm32f407xx.o(STACK) refers (Special) to heapauxi.o(.text) for __use_two_region_memory
    startup_stm32f407xx.o(HEAP) refers (Special) to heapauxi.o(.text) for __use_two_region_memory
    startup_stm32f407xx.o(RESET) refers (Special) to heapauxi.o(.text) for __use_two_region_memory
    startup_stm32f407xx.o(RESET) refers to startup_stm32f407xx.o(STACK) for __initial_sp
    startup_stm32f407xx.o(RESET) refers to startup_stm32f407xx.o(.text) for Reset_Handler
    startup_stm32f407xx.o(RESET) refers to stm32f4xx_it.o(i.NMI_Handler) for NMI_Handler
    startup_stm32f407xx.o(RESET) refers to stm32f4xx_it.o(i.HardFault_Handler) for HardFault_Handler
    startup_stm32f407xx.o(RESET) refers to stm32f4xx_it.o(i.MemManage_Handler) for MemManage_Handler
    startup_stm32f407xx.o(RESET) refers to stm32f4xx_it.o(i.BusFault_Handler) for BusFault_Handler
    startup_stm32f407xx.o(RESET) refers to stm32f4xx_it.o(i.UsageFault_Handler) for UsageFault_Handler
    startup_stm32f407xx.o(RESET) refers to stm32f4xx_it.o(i.SVC_Handler) for SVC_Handler
    startup_stm32f407xx.o(RESET) refers to stm32f4xx_it.o(i.DebugMon_Handler) for DebugMon_Handler
    startup_stm32f407xx.o(RESET) refers to stm32f4xx_it.o(i.PendSV_Handler) for PendSV_Handler
    startup_stm32f407xx.o(RESET) refers to stm32f4xx_it.o(i.SysTick_Handler) for SysTick_Handler
    startup_stm32f407xx.o(RESET) refers to stm32f4xx_it.o(i.DMA1_Stream1_IRQHandler) for DMA1_Stream1_IRQHandler
    startup_stm32f407xx.o(RESET) refers to stm32f4xx_it.o(i.CAN1_TX_IRQHandler) for CAN1_TX_IRQHandler
    startup_stm32f407xx.o(RESET) refers to stm32f4xx_it.o(i.CAN1_RX0_IRQHandler) for CAN1_RX0_IRQHandler
    startup_stm32f407xx.o(RESET) refers to stm32f4xx_it.o(i.TIM1_BRK_TIM9_IRQHandler) for TIM1_BRK_TIM9_IRQHandler
    startup_stm32f407xx.o(RESET) refers to stm32f4xx_it.o(i.TIM1_UP_TIM10_IRQHandler) for TIM1_UP_TIM10_IRQHandler
    startup_stm32f407xx.o(RESET) refers to stm32f4xx_it.o(i.TIM1_TRG_COM_TIM11_IRQHandler) for TIM1_TRG_COM_TIM11_IRQHandler
    startup_stm32f407xx.o(RESET) refers to stm32f4xx_it.o(i.TIM1_CC_IRQHandler) for TIM1_CC_IRQHandler
    startup_stm32f407xx.o(RESET) refers to stm32f4xx_it.o(i.USART3_IRQHandler) for USART3_IRQHandler
    startup_stm32f407xx.o(.text) refers (Special) to heapauxi.o(.text) for __use_two_region_memory
    startup_stm32f407xx.o(.text) refers to system_stm32f4xx.o(i.SystemInit) for SystemInit
    startup_stm32f407xx.o(.text) refers to __main.o(!!!main) for __main
    startup_stm32f407xx.o(.text) refers to startup_stm32f407xx.o(HEAP) for Heap_Mem
    startup_stm32f407xx.o(.text) refers to startup_stm32f407xx.o(STACK) for Stack_Mem
    bsp_delay.o(i.delay_init) refers to system_stm32f4xx.o(.data) for SystemCoreClock
    bsp_delay.o(i.delay_init) refers to bsp_delay.o(.data) for fac_us
    bsp_delay.o(i.delay_ms) refers to bsp_delay.o(.data) for fac_ms
    bsp_delay.o(i.delay_us) refers to bsp_delay.o(.data) for fac_us
    ina266.o(i.AutoFox_INA226_CheckI2cAddress) refers to stm32f4xx_hal_i2c.o(i.HAL_I2C_IsDeviceReady) for HAL_I2C_IsDeviceReady
    ina266.o(i.AutoFox_INA226_CheckI2cAddress) refers to i2c.o(.bss) for hi2c2
    ina266.o(i.AutoFox_INA226_ConfigureAlertPinTrigger) refers to ina266.o(i.AutoFox_INA226_ReadRegister) for AutoFox_INA226_ReadRegister
    ina266.o(i.AutoFox_INA226_ConfigureAlertPinTrigger) refers to ina266.o(i.AutoFox_INA226_WriteRegister) for AutoFox_INA226_WriteRegister
    ina266.o(i.AutoFox_INA226_ConfigureNumSampleAveraging) refers to ina266.o(i.AutoFox_INA226_ReadRegister) for AutoFox_INA226_ReadRegister
    ina266.o(i.AutoFox_INA226_ConfigureNumSampleAveraging) refers to ina266.o(i.AutoFox_INA226_WriteRegister) for AutoFox_INA226_WriteRegister
    ina266.o(i.AutoFox_INA226_ConfigureVoltageConversionTime) refers to ina266.o(i.AutoFox_INA226_ReadRegister) for AutoFox_INA226_ReadRegister
    ina266.o(i.AutoFox_INA226_ConfigureVoltageConversionTime) refers to ina266.o(i.AutoFox_INA226_WriteRegister) for AutoFox_INA226_WriteRegister
    ina266.o(i.AutoFox_INA226_Debug_GetConfigRegister) refers to ina266.o(i.AutoFox_INA226_ReadRegister) for AutoFox_INA226_ReadRegister
    ina266.o(i.AutoFox_INA226_GetBusVoltage_uV) refers to ina266.o(i.AutoFox_INA226_ReadRegister) for AutoFox_INA226_ReadRegister
    ina266.o(i.AutoFox_INA226_GetCurrent_uA) refers to ina266.o(i.AutoFox_INA226_ReadRegister) for AutoFox_INA226_ReadRegister
    ina266.o(i.AutoFox_INA226_GetPower_uW) refers to ina266.o(i.AutoFox_INA226_ReadRegister) for AutoFox_INA226_ReadRegister
    ina266.o(i.AutoFox_INA226_GetShuntVoltage_uV) refers to ina266.o(i.AutoFox_INA226_ReadRegister) for AutoFox_INA226_ReadRegister
    ina266.o(i.AutoFox_INA226_Hibernate) refers to ina266.o(i.AutoFox_INA226_ReadRegister) for AutoFox_INA226_ReadRegister
[...]
    Heap_Mem                                 0x20000670   Data         512  startup_stm32f407xx.o(HEAP)
    STACK                                    0x20000870   Section     1024  startup_stm32f407xx.o(STACK)
    Stack_Mem                                0x20000870   Data        1024  startup_stm32f407xx.o(STACK)
    __initial_sp                             0x20000c70   Data           0  startup_stm32f407xx.o(STACK)

    Global Symbols

    Symbol Name                              Value     Ov Type        Size  Object(Section)

    BuildAttributes$$THM_ISAv4$E$P$D$K$B$S$7EM$VFPi3$EXTD16$VFPS$VFMA$PE$A:L22UL41UL21$X:L11$S22US41US21$IEEE1$IW$USESV6$~STKCKD$USESV7$~SHL$OTIME$ROPI$IEEEX$EBA8$UX$STANDARDLIB$REQ8$PRES8$EABIv2 0x00000000   Number         0  anon$$obj.o ABSOLUTE
    __ARM_use_no_argv                        0x00000000   Number         0  main.o ABSOLUTE
    __ARM_exceptions_init                     - Undefined Weak Reference
    __alloca_initialize                       - Undefined Weak Reference
    __arm_fini_                               - Undefined Weak Reference
    __arm_preinit_                            - Undefined Weak Reference
    __rt_locale                               - Undefined Weak Reference
    __sigvec_lookup                           - Undefined Weak Reference
    __user_heap_extent                        - Undefined Weak Reference
    _atexit_init                              - Undefined Weak Reference
    _call_atexit_fns                          - Undefined Weak Reference
    _clock_init                               - Undefined Weak Reference
    _fp_trap_init                             - Undefined Weak Reference
    _fp_trap_shutdown                         - Undefined Weak Reference
    _get_lc_collate                           - Undefined Weak Reference
    _get_lc_ctype                             - Undefined Weak Reference
    _get_lc_monetary                          - Undefined Weak Reference
    _get_lc_numeric                           - Undefined Weak Reference
    _get_lc_time                              - Undefined Weak Reference
    _getenv_init                              - Undefined Weak Reference
    _handle_redirection                       - Undefined Weak Reference
    _initio                                   - Undefined Weak Reference
    _mutex_acquire                            - Undefined Weak Reference
    _mutex_free                               - Undefined Weak Reference
    _mutex_release                            - Undefined Weak Reference
    _rand_init                                - Undefined Weak Reference
    _signal_finish                            - Undefined Weak Reference
    _signal_init                              - Undefined Weak Reference
    _terminateio                              - Undefined Weak Reference
    __Vectors_Size                           0x00000188   Number         0  startup_stm32f407xx.o ABSOLUTE
    __Vectors                                0x08000000   Data           4  startup_stm32f407xx.o(RESET)
    __dso_handle                             0x08000000   Number         0  startup_stm32f407xx.o(RESET)
    __Vectors_End                            0x08000188   Data           0  startup_stm32f407xx.o(RESET)
    __main                                   0x08000189   Thumb Code     8  __main.o(!!!main)
    __scatterload                            0x08000191   Thumb Code     0  __scatter.o(!!!scatter)
    __scatterload_rt2                        0x08000191   Thumb Code    44  __scatter.o(!!!scatter)
    __scatterload_rt2_thumb_only             0x08000191   Thumb Code     0  __scatter.o(!!!scatter)
    __scatterload_null                       0x0800019f   Thumb Code     0  __scatter.o(!!!scatter)
    __scatterload_copy                       0x080001c5   Thumb Code    26  __scatter_copy.o(!!handler_copy)
    __scatterload_zeroinit                   0x080001e1   Thumb Code    28  __scatter_zi.o(!!handler_zi)
    __rt_lib_init                            0x080001fd   Thumb Code     0  libinit.o(.ARM.Collect$$libinit$$00000000)
    __rt_lib_init_fp_1                       0x080001ff   Thumb Code     0  libinit2.o(.ARM.Collect$$libinit$$00000001)
    __rt_lib_init_heap_2                     0x08000203   Thumb Code     0  libinit2.o(.ARM.Collect$$libinit$$00000005)
    __rt_lib_init_preinit_1                  0x08000203   Thumb Code     0  libinit2.o(.ARM.Collect$$libinit$$00000004)
    __rt_lib_init_alloca_1                   0x0800020b   Thumb Code     0  libinit2.o(.ARM.Collect$$libinit$$0000002E)
    __rt_lib_init_argv_1                     0x0800020b   Thumb Code     0  libinit2.o(.ARM.Collect$$libinit$$0000002C)
    __rt_lib_init_atexit_1                   0x0800020b   Thumb Code     0  libinit2.o(.ARM.Collect$$libinit$$0000001B)
    __rt_lib_init_clock_1                    0x0800020b   Thumb Code     0  libinit2.o(.ARM.Collect$$libinit$$00000021)
    __rt_lib_init_cpp_2                      0x0800020b   Thumb Code     0  libinit2.o(.ARM.Collect$$libinit$$00000031)
    __rt_lib_init_exceptions_1               0x0800020b   Thumb Code     0  libinit2.o(.ARM.Collect$$libinit$$00000030)
    __rt_lib_init_fp_trap_1                  0x0800020b   Thumb Code     0  libinit2.o(.ARM.Collect$$libinit$$0000001F)
    __rt_lib_init_getenv_1                   0x0800020b   Thumb Code     0  libinit2.o(.ARM.Collect$$libinit$$00000023)
    __rt_lib_init_heap_1                     0x0800020b   Thumb Code     0  libinit2.o(.ARM.Collect$$libinit$$0000000A)
    __rt_lib_init_lc_collate_1               0x0800020b   Thumb Code     0  libinit2.o(.ARM.Collect$$libinit$$00000011)
    __rt_lib_init_lc_ctype_1                 0x0800020b   Thumb Code     0  libinit2.o(.ARM.Collect$$libinit$$00000013)
    __rt_lib_init_lc_monetary_1              0x0800020b   Thumb Code     0  libinit2.o(.ARM.Collect$$libinit$$00000015)
    __rt_lib_init_lc_numeric_1               0x0800020b   Thumb Code     0  libinit2.o(.ARM.Collect$$libinit$$00000017)
    __rt_lib_init_lc_time_1                  0x0800020b   Thumb Code     0  libinit2.o(.ARM.Collect$$libinit$$00000019)
    __rt_lib_init_rand_1                     0x0800020b   Thumb Code     0  libinit2.o(.ARM.Collect$$libinit$$0000000E)
    __rt_lib_init_signal_1                   0x0800020b   Thumb Code     0  libinit2.o(.ARM.Collect$$libinit$$0000001D)
    __rt_lib_init_stdio_1                    0x0800020b   Thumb Code     0  libinit2.o(.ARM.Collect$$libinit$$00000025)
    __rt_lib_init_user_alloc_1               0x0800020b   Thumb Code     0  libinit2.o(.ARM.Collect$$libinit$$0000000C)
    __rt_lib_init_cpp_1                      0x0800020f   Thumb Code     0  libinit2.o(.ARM.Collect$$libinit$$00000032)
    __rt_lib_init_return                     0x0800020f   Thumb Code     0  libinit2.o(.ARM.Collect$$libinit$$00000033)
    __rt_lib_shutdown                        0x08000211   Thumb Code     0  libshutdown.o(.ARM.Collect$$libshutdown$$00000000)
    __rt_lib_shutdown_cpp_2                  0x08000213   Thumb Code     0  libshutdown2.o(.ARM.Collect$$libshutdown$$00000003)
    __rt_lib_shutdown_fini_1                 0x08000213   Thumb Code     0  libshutdown2.o(.ARM.Collect$$libshutdown$$00000002)
    __rt_lib_shutdown_cpp_1                  0x08000219   Thumb Code     0  libshutdown2.o(.ARM.Collect$$libshutdown$$00000004)
    __rt_lib_shutdown_fp_trap_1              0x08000219   Thumb Code     0  libshutdown2.o(.ARM.Collect$$libshutdown$$00000009)
    __rt_lib_shutdown_heap_1                 0x08000219   Thumb Code     0  libshutdown2.o(.ARM.Collect$$libshutdown$$00000011)
    __rt_lib_shutdown_return                 0x08000219   Thumb Code     0  libshutdown2.o(.ARM.Collect$$libshutdown$$00000012)
    __rt_lib_shutdown_signal_1               0x08000219   Thumb Code     0  libshutdown2.o(.ARM.Collect$$libshutdown$$0000000C)
    __rt_lib_shutdown_stdio_1                0x08000219   Thumb Code     0  libshutdown2.o(.ARM.Collect$$libshutdown$$00000006)
    __rt_lib_shutdown_user_alloc_1           0x08000219   Thumb Code     0  libshutdown2.o(.ARM.Collect$$libshutdown$$0000000E)
    __rt_entry                               0x0800021b   Thumb Code     0  __rtentry.o(.ARM.Collect$$rtentry$$00000000)
    __rt_entry_presh_1                       0x0800021b   Thumb Code     0  __rtentry2.o(.ARM.Collect$$rtentry$$00000002)
    __rt_entry_sh                            0x0800021b   Thumb Code     0  __rtentry4.o(.ARM.Collect$$rtentry$$00000004)
    __rt_entry_li                            0x08000221   Thumb Code     0  __rtentry2.o(.ARM.Collect$$rtentry$$0000000A)
    __rt_entry_postsh_1                      0x08000221   Thumb Code     0  __rtentry2.o(.ARM.Collect$$rtentry$$00000009)
    __rt_entry_main                          0x08000225   Thumb Code     0  __rtentry2.o(.ARM.Collect$$rtentry$$0000000D)
    __rt_entry_postli_1                      0x08000225   Thumb Code     0  __rtentry2.o(.ARM.Collect$$rtentry$$0000000C)
    __rt_exit                                0x0800022d   Thumb Code     0  rtexit.o(.ARM.Collect$$rtexit$$00000000)
    __rt_exit_ls                             0x0800022f   Thumb Code     0  rtexit2.o(.ARM.Collect$$rtexit$$00000003)
    __rt_exit_prels_1                        0x0800022f   Thumb Code     0  rtexit2.o(.ARM.Collect$$rtexit$$00000002)
    __rt_exit_exit                           0x08000233   Thumb Code     0  rtexit2.o(.ARM.Collect$$rtexit$$00000004)
    Reset_Handler                            0x08000239   Thumb Code     8  startup_stm32f407xx.o(.text)
    _maybe_terminate_alloc                   0x08000239   Thumb Code     0  maybetermalloc1.o(.emb_text)
    ADC_IRQHandler                           0x08000253   Thumb Code     0  startup_stm32f407xx.o(.text)
    CAN1_RX1_IRQHandler                      0x08000253   Thumb Code     0  startup_stm32f407xx.o(.text)
    CAN1_SCE_IRQHandler                      0x08000253   Thumb Code     0  startup_stm32f407xx.o(.text)
    CAN2_RX0_IRQHandler                      0x08000253   Thumb Code     0  startup_stm32f407xx.o(.text)
    CAN2_RX1_IRQHandler                      0x08000253   Thumb Code     0  startup_stm32f407xx.o(.text)
    CAN2_SCE_IRQHandler                      0x08000253   Thumb Code     0  startup_stm32f407xx.o(.text)
    CAN2_TX_IRQHandler                       0x08000253   Thumb Code     0  startup_stm32f407xx.o(.text)
    DCMI_IRQHandler                          0x08000253   Thumb Code     0  startup_stm32f407xx.o(.text)
    DMA1_Stream0_IRQHandler                  0x08000253   Thumb Code     0  startup_stm32f407xx.o(.text)
    DMA1_Stream2_IRQHandler                  0x08000253   Thumb Code     0  startup_stm32f407xx.o(.text)
    DMA1_Stream3_IRQHandler                  0x08000253   Thumb Code     0  startup_stm32f407xx.o(.text)
    DMA1_Stream4_IRQHandler                  0x08000253   Thumb Code     0  startup_stm32f407xx.o(.text)
    DMA1_Stream5_IRQHandler                  0x08000253   Thumb Code     0  startup_stm32f407xx.o(.text)
    DMA1_Stream6_IRQHandler                  0x08000253   Thumb Code     0  startup_stm32f407xx.o(.text)
    DMA1_Stream7_IRQHandler                  0x08000253   Thumb Code     0  startup_stm32f407xx.o(.text)
    DMA2_Stream0_IRQHandler                  0x08000253   Thumb Code     0  startup_stm32f407xx.o(.text)
    DMA2_Stream1_IRQHandler                  0x08000253   Thumb Code     0  startup_stm32f407xx.o(.text)
    DMA2_Stream2_IRQHandler                  0x08000253   Thumb Code     0  startup_stm32f407xx.o(.text)
    DMA2_Stream3_IRQHandler                  0x08000253   Thumb Code     0  startup_stm32f407xx.o(.text)
    DMA2_Stream4_IRQHandler                  0x08000253   Thumb Code     0  startup_stm32f407xx.o(.text)
    DMA2_Stream5_IRQHandler                  0x08000253   Thumb Code     0  startup_stm32f407xx.o(.text)
    DMA2_Stream6_IRQHandler                  0x08000253   Thumb Code     0  startup_stm32f407xx.o(.text)
    DMA2_Stream7_IRQHandler                  0x08000253   Thumb Code     0  startup_stm32f407xx.o(.text)
    ETH_IRQHandler                           0x08000253   Thumb Code     0  startup_stm32f407xx.o(.text)
    ETH_WKUP_IRQHandler                      0x08000253   Thumb Code     0  startup_stm32f407xx.o(.text)
    EXTI0_IRQHandler                         0x08000253   Thumb Code     0  startup_stm32f407xx.o(.text)
    EXTI15_10_IRQHandler                     0x08000253   Thumb Code     0  startup_stm32f407xx.o(.text)
    EXTI1_IRQHandler                         0x08000253   Thumb Code     0  startup_stm32f407xx.o(.text)
    EXTI2_IRQHandler                         0x08000253   Thumb Code     0  startup_stm32f407xx.o(.text)
    EXTI3_IRQHandler                         0x08000253   Thumb Code     0  startup_stm32f407xx.o(.text)
    EXTI4_IRQHandler                         0x08000253   Thumb Code     0  startup_stm32f407xx.o(.text)
    EXTI9_5_IRQHandler                       0x08000253   Thumb Code     0  startup_stm32f407xx.o(.text)
    FLASH_IRQHandler                         0x08000253   Thumb Code     0  startup_stm32f407xx.o(.text)
    FMC_IRQHandler                           0x08000253   Thumb Code     0  startup_stm32f407xx.o(.text)
    FPU_IRQHandler                           0x08000253   Thumb Code     0  startup_stm32f407xx.o(.text)
    HASH_RNG_IRQHandler                      0x08000253   Thumb Code     0  startup_stm32f407xx.o(.text)
    I2C1_ER_IRQHandler                       0x08000253   Thumb Code     0  startup_stm32f407xx.o(.text)
    I2C1_EV_IRQHandler                       0x08000253   Thumb Code     0  startup_stm32f407xx.o(.text)
    I2C2_ER_IRQHandler                       0x08000253   Thumb Code     0  startup_stm32f407xx.o(.text)
    I2C2_EV_IRQHandler                       0x08000253   Thumb Code     0  startup_stm32f407xx.o(.text)
    I2C3_ER_IRQHandler                       0x08000253   Thumb Code     0  startup_stm32f407xx.o(.text)
    I2C3_EV_IRQHandler                       0x08000253   Thumb Code     0  startup_stm32f407xx.o(.text)
    OTG_FS_IRQHandler                        0x08000253   Thumb Code     0  startup_stm32f407xx.o(.text)
    OTG_FS_WKUP_IRQHandler                   0x08000253   Thumb Code     0  startup_stm32f407xx.o(.text)
    OTG_HS_EP1_IN_IRQHandler                 0x08000253   Thumb Code     0  startup_stm32f407xx.o(.text)
    OTG_HS_EP1_OUT_IRQHandler                0x08000253   Thumb Code     0  startup_stm32f407xx.o(.text)
    OTG_HS_IRQHandler                        0x08000253   Thumb Code     0  startup_stm32f407xx.o(.text)
    OTG_HS_WKUP_IRQHandler                   0x08000253   Thumb Code     0  startup_stm32f407xx.o(.text)
    PVD_IRQHandler                           0x08000253   Thumb Code     0  startup_stm32f407xx.o(.text)
    RCC_IRQHandler                           0x08000253   Thumb Code     0  startup_stm32f407xx.o(.text)
    RTC_Alarm_IRQHandler                     0x08000253   Thumb Code     0  startup_stm32f407xx.o(.text)
    RTC_WKUP_IRQHandler                      0x08000253   Thumb Code     0  startup_stm32f407xx.o(.text)
    SDIO_IRQHandler                          0x08000253   Thumb Code     0  startup_stm32f407xx.o(.text)
    SPI1_IRQHandler                          0x08000253   Thumb Code     0  startup_stm32f407xx.o(.text)
    SPI2_IRQHandler                          0x08000253   Thumb Code     0  startup_stm32f407xx.o(.text)
    SPI3_IRQHandler                          0x08000253   Thumb Code     0  startup_stm32f407xx.o(.text)
    TAMP_STAMP_IRQHandler                    0x08000253   Thumb Code     0  startup_stm32f407xx.o(.text)
    TIM2_IRQHandler                          0x08000253   Thumb Code     0  startup_stm32f407xx.o(.text)
    TIM3_IRQHandler                          0x08000253   Thumb Code     0  startup_stm32f407xx.o(.text)
    TIM4_IRQHandler                          0x08000253   Thumb Code     0  startup_stm32f407xx.o(.text)
    TIM5_IRQHandler                          0x08000253   Thumb Code     0  startup_stm32f407xx.o(.text)
    TIM6_DAC_IRQHandler                      0x08000253   Thumb Code     0  startup_stm32f407xx.o(.text)
    TIM7_IRQHandler                          0x08000253   Thumb Code     0  startup_stm32f407xx.o(.text)
    TIM8_BRK_TIM12_IRQHandler                0x08000253   Thumb Code     0  startup_stm32f407xx.o(.text)
    TIM8_CC_IRQHandler                       0x08000253   Thumb Code     0  startup_stm32f407xx.o(.text)
    TIM8_TRG_COM_TIM14_IRQHandler            0x08000253   Thumb Code     0  startup_stm32f407xx.o(.text)
    TIM8_UP_TIM13_IRQHandler                 0x08000253   Thumb Code     0  startup_stm32f407xx.o(.text)
    UART4_IRQHandler                         0x08000253   Thumb Code     0  startup_stm32f407xx.o(.text)
    UART5_IRQHandler                         0x08000253   Thumb Code     0  startup_stm32f407xx.o(.text)
    USART1_IRQHandler                        0x08000253   Thumb Code     0  startup_stm32f407xx.o(.text)
    USART2_IRQHandler                        0x08000253   Thumb Code     0  startup_stm32f407xx.o(.text)
    USART6_IRQHandler                        0x08000253   Thumb Code     0  startup_stm32f407xx.o(.text)
    WWDG_IRQHandler                          0x08000253   Thumb Code     0  startup_stm32f407xx.o(.text)
    __user_initial_stackheap                 0x08000255   Thumb Code     0  startup_stm32f407xx.o(.text)
    __aeabi_uldivmod                         0x08000279   Thumb Code     0  lludivv7m.o(.text)
    _ll_udiv                                 0x08000279   Thumb Code   238  lludivv7m.o(.text)
    __aeabi_atexit                           0x08000367   Thumb Code    46  aeabi_atexit.o(.text)
    __aeabi_memclr4                          0x08000395   Thumb Code     0  rt_memclr_w.o(.text)
    __aeabi_memclr8                          0x08000395   Thumb Code     0  rt_memclr_w.o(.text)
    __rt_memclr_w                            0x08000395   Thumb Code    78  rt_memclr_w.o(.text)
    _memset_w                                0x08000399   Thumb Code     0  rt_memclr_w.o(.text)
    __use_two_region_memory                  0x080003e3   Thumb Code     2  heapauxi.o(.text)
    __rt_heap_escrow                         0x080003e5   Thumb Code     2  heapauxi.o(.text)
    __rt_heap_expand                         0x080003e7   Thumb Code     2  heapauxi.o(.text)
    __cpp_initialize__aeabi_                 0x080003e9   Thumb Code    26  init_aeabi.o(.text)
    __rt_ddtor_pointer_addr                  0x0800040d   Thumb Code     8  rt_ddtor_pointer_addr_intlibspace.o(.text)
    malloc                                   0x08000415   Thumb Code    94  h1_alloc.o(.text)
    __read_errno                             0x08000473   Thumb Code    10  _rserrno.o(.text)
    __set_errno                              0x0800047d   Thumb Code    12  _rserrno.o(.text)
    __cxa_finalize                           0x08000489   Thumb Code    66  cxa_finalize.o(.text)
    __user_libspace                          0x080004cd   Thumb Code     8  libspace.o(.text)
    __user_perproc_libspace                  0x080004cd   Thumb Code     0  libspace.o(.text)
    __user_perthread_libspace                0x080004cd   Thumb Code     0  libspace.o(.text)
    __rt_heap_descriptor                     0x080004d5   Thumb Code     8  rt_heap_descriptor_intlibspace.o(.text)
    __aeabi_errno_addr                       0x080004dd   Thumb Code     8  rt_errno_addr_intlibspace.o(.text)
    __errno$intlibspace                      0x080004dd   Thumb Code     0  rt_errno_addr_intlibspace.o(.text)
    __rt_errno_addr$intlibspace              0x080004dd   Thumb Code     0  rt_errno_addr_intlibspace.o(.text)
    __use_no_heap                            0x080004e5   Thumb Code     2  hguard.o(.text)
    __heap$guard                             0x080004e7   Thumb Code     2  hguard.o(.text)
    _terminate_user_alloc                    0x080004e9   Thumb Code     2  init_alloc.o(.text)
    _init_user_alloc                         0x080004eb   Thumb Code     2  init_alloc.o(.text)
    __Heap_Full                              0x080004ed   Thumb Code    34  init_alloc.o(.text)
    __Heap_Broken                            0x0800050f   Thumb Code     6  init_alloc.o(.text)
    _init_alloc                              0x08000515   Thumb Code    94  init_alloc.o(.text)
    __Heap_Initialize                        0x08000573   Thumb Code    10  h1_init.o(.text)
    __Heap_DescSize                          0x0800057d   Thumb Code     4  h1_init.o(.text)
    free                                     0x08000581   Thumb Code    78  h1_free.o(.text)
    __user_setup_stackheap                   0x080005cf   Thumb Code    74  sys_stackheap_outer.o(.text)
    __Heap_ProvideMemory                     0x08000619   Thumb Code    52  h1_extend.o(.text)
    exit                                     0x0800064d   Thumb Code    18  exit.o(.text)
    __rt_SIGRTMEM                            0x0800065f   Thumb Code    14  defsig_rtmem_outer.o(.text)
    __I$use$semihosting                      0x0800066d   Thumb Code     0  use_no_semi.o(.text)
    __use_no_semihosting_swi                 0x0800066d   Thumb Code     2  use_no_semi.o(.text)
    __semihosting_library_function           0x0800066f   Thumb Code     0  indicate_semi.o(.text)
    __sig_exit                               0x0800066f   Thumb Code    10  defsig_exit.o(.text)
    __rt_SIGRTMEM_inner                      0x08000679   Thumb Code    22  defsig_rtmem_inner.o(.text)
    _sys_exit                                0x080006c9   Thumb Code     8  sys_exit.o(.text)
    __default_signal_display                 0x080006d5   Thumb Code    50  defsig_general.o(.text)
    _ttywrch                                 0x08000707   Thumb Code    14  sys_wrch.o(.text)
    AutoFox_INA226_CheckI2cAddress           0x08000715   Thumb Code    30  ina266.o(i.AutoFox_INA226_CheckI2cAddress)
    AutoFox_INA226_Constructor               0x08000739   Thumb Code    20  ina266.o(i.AutoFox_INA226_Constructor)
    AutoFox_INA226_GetPower_uW               0x0800074d   Thumb Code    32  ina266.o(i.AutoFox_INA226_GetPower_uW)
    AutoFox_INA226_Init                      0x0800076d   Thumb Code   320  ina266.o(i.AutoFox_INA226_Init)
    AutoFox_INA226_ReadRegister              0x080008ad   Thumb Code    92  ina266.o(i.AutoFox_INA226_ReadRegister)
    AutoFox_INA226_WriteRegister             0x0800090d   Thumb Code    56  ina266.o(i.AutoFox_INA226_WriteRegister)
    AutoFox_INA226_setupCalibration          0x08000949   Thumb Code   172  ina266.o(i.AutoFox_INA226_setupCalibration)
    BusFault_Handler                         0x08000a0d   Thumb Code     4  stm32f4xx_it.o(i.BusFault_Handler)
    CAN1_RX0_IRQHandler                      0x08000a11   Thumb Code    10  stm32f4xx_it.o(i.CAN1_RX0_IRQHandler)
    CAN1_TX_IRQHandler                       0x08000a21   Thumb Code    10  stm32f4xx_it.o(i.CAN1_TX_IRQHandler)
    CAN_Init                                 0x08000a31   Thumb Code    56  user_can.o(i.CAN_Init)
    CAN_Rx0Callback                          0x08000a6d   Thumb Code   162  user_can.o(i.CAN_Rx0Callback)
    ChassisPowerControl                      0x08000b19   Thumb Code    26  expowercontrol.o(i.ChassisPowerControl)
    DMA1_Stream1_IRQHandler                  0x08000b39   Thumb Code    10  stm32f4xx_it.o(i.DMA1_Stream1_IRQHandler)
    DebugMon_Handler                         0x08000c53   Thumb Code     2  stm32f4xx_it.o(i.DebugMon_Handler)
    Error_Handler                            0x08000c55   Thumb Code     6  main.o(i.Error_Handler)
    HAL_CAN_ActivateNotification             0x08000c5b   Thumb Code    42  stm32f4xx_hal_can.o(i.HAL_CAN_ActivateNotification)
    HAL_CAN_AddTxMessage                     0x08000c85   Thumb Code   330  stm32f4xx_hal_can.o(i.HAL_CAN_AddTxMessage)
    HAL_CAN_ConfigFilter                     0x08000dd1   Thumb Code   286  stm32f4xx_hal_can.o(i.HAL_CAN_ConfigFilter)
    HAL_CAN_ErrorCallback                    0x08000ef5   Thumb Code     2  stm32f4xx_hal_can.o(i.HAL_CAN_ErrorCallback)
    HAL_CAN_GetRxMessage                     0x08000ef7   Thumb Code   404  stm32f4xx_hal_can.o(i.HAL_CAN_GetRxMessage)
    HAL_CAN_IRQHandler                       0x0800108b   Thumb Code   590  stm32f4xx_hal_can.o(i.HAL_CAN_IRQHandler)
    HAL_CAN_Init                             0x080012d9   Thumb Code   372  stm32f4xx_hal_can.o(i.HAL_CAN_Init)
    HAL_CAN_MspInit                          0x0800144d   Thumb Code   154  can.o(i.HAL_CAN_MspInit)
    HAL_CAN_RxFifo0FullCallback              0x080014f5   Thumb Code     2  stm32f4xx_hal_can.o(i.HAL_CAN_RxFifo0FullCallback)
    HAL_CAN_RxFifo0MsgPendingCallback        0x080014f7   Thumb Code    30  user_can.o(i.HAL_CAN_RxFifo0MsgPendingCallback)
    HAL_CAN_RxFifo1FullCallback              0x08001515   Thumb Code     2  stm32f4xx_hal_can.o(i.HAL_CAN_RxFifo1FullCallback)
    HAL_CAN_RxFifo1MsgPendingCallback        0x08001517   Thumb Code     2  stm32f4xx_hal_can.o(i.HAL_CAN_RxFifo1MsgPendingCallback)
    HAL_CAN_SleepCallback                    0x08001519   Thumb Code     2  stm32f4xx_hal_can.o(i.HAL_CAN_SleepCallback)
    HAL_CAN_Start                            0x0800151b   Thumb Code    94  stm32f4xx_hal_can.o(i.HAL_CAN_Start)
    HAL_CAN_TxMailbox0AbortCallback          0x08001579   Thumb Code     2  stm32f4xx_hal_can.o(i.HAL_CAN_TxMailbox0AbortCallback)
    HAL_CAN_TxMailbox0CompleteCallback       0x0800157b   Thumb Code     2  stm32f4xx_hal_can.o(i.HAL_CAN_TxMailbox0CompleteCallback)
    HAL_CAN_TxMailbox1AbortCallback          0x0800157d   Thumb Code     2  stm32f4xx_hal_can.o(i.HAL_CAN_TxMailbox1AbortCallback)
    HAL_CAN_TxMailbox1CompleteCallback       0x0800157f   Thumb Code     2  stm32f4xx_hal_can.o(i.HAL_CAN_TxMailbox1CompleteCallback)
    HAL_CAN_TxMailbox2AbortCallback          0x08001581   Thumb Code     2  stm32f4xx_hal_can.o(i.HAL_CAN_TxMailbox2AbortCallback)
    HAL_CAN_TxMailbox2CompleteCallback       0x08001583   Thumb Code     2  stm32f4xx_hal_can.o(i.HAL_CAN_TxMailbox2CompleteCallback)
    HAL_CAN_WakeUpFromRxMsgCallback          0x08001585   Thumb Code     2  stm32f4xx_hal_can.o(i.HAL_CAN_WakeUpFromRxMsgCallback)
    HAL_DMA_Abort                            0x08001587   Thumb Code   172  stm32f4xx_hal_dma.o(i.HAL_DMA_Abort)
    HAL_DMA_Abort_IT                         0x08001633   Thumb Code    40  stm32f4xx_hal_dma.o(i.HAL_DMA_Abort_IT)
    HAL_DMA_IRQHandler                       0x0800165d   Thumb Code   570  stm32f4xx_hal_dma.o(i.HAL_DMA_IRQHandler)
    HAL_DMA_Init                             0x0800189d   Thumb Code   232  stm32f4xx_hal_dma.o(i.HAL_DMA_Init)
    HAL_DMA_Start_IT                         0x08001989   Thumb Code   146  stm32f4xx_hal_dma.o(i.HAL_DMA_Start_IT)
    HAL_Delay                                0x08001a1d   Thumb Code    36  stm32f4xx_hal.o(i.HAL_Delay)
    HAL_GPIO_Init                            0x08001a45   Thumb Code   454  stm32f4xx_hal_gpio.o(i.HAL_GPIO_Init)
    HAL_GPIO_TogglePin                       0x08001c39   Thumb Code    20  stm32f4xx_hal_gpio.o(i.HAL_GPIO_TogglePin)
    HAL_GPIO_WritePin                        0x08001c4d   Thumb Code    12  stm32f4xx_hal_gpio.o(i.HAL_GPIO_WritePin)
    HAL_GetTick                              0x08001c59   Thumb Code     6  stm32f4xx_hal.o(i.HAL_GetTick)
    HAL_I2C_Init                             0x08001c65   Thumb Code   446  stm32f4xx_hal_i2c.o(i.HAL_I2C_Init)
    HAL_I2C_IsDeviceReady                    0x08001e35   Thumb Code   430  stm32f4xx_hal_i2c.o(i.HAL_I2C_IsDeviceReady)
    HAL_I2C_Master_Receive                   0x08001fed   Thumb Code   766  stm32f4xx_hal_i2c.o(i.HAL_I2C_Master_Receive)
    HAL_I2C_Master_Transmit                  0x080022f9   Thumb Code   360  stm32f4xx_hal_i2c.o(i.HAL_I2C_Master_Transmit)
    HAL_I2C_MspInit                          0x08002469   Thumb Code   122  i2c.o(i.HAL_I2C_MspInit)
    HAL_IncTick                              0x080024f1   Thumb Code    16  stm32f4xx_hal.o(i.HAL_IncTick)
    HAL_Init                                 0x08002509   Thumb Code    54  stm32f4xx_hal.o(i.HAL_Init)
    HAL_InitTick                             0x08002545   Thumb Code    64  stm32f4xx_hal.o(i.HAL_InitTick)
    HAL_MspInit                              0x08002591   Thumb Code    68  stm32f4xx_hal_msp.o(i.HAL_MspInit)
    HAL_NVIC_EnableIRQ                       0x080025d9   Thumb Code    40  stm32f4xx_hal_cortex.o(i.HAL_NVIC_EnableIRQ)
    HAL_NVIC_SetPriority                     0x08002601   Thumb Code   124  stm32f4xx_hal_cortex.o(i.HAL_NVIC_SetPriority)
    HAL_NVIC_SetPriorityGrouping             0x0800267d   Thumb Code    32  stm32f4xx_hal_cortex.o(i.HAL_NVIC_SetPriorityGrouping)
    HAL_RCC_ClockConfig                      0x080026a5   Thumb Code   368  stm32f4xx_hal_rcc.o(i.HAL_RCC_ClockConfig)
    HAL_RCC_GetHCLKFreq                      0x08002829   Thumb Code     6  stm32f4xx_hal_rcc.o(i.HAL_RCC_GetHCLKFreq)
    HAL_RCC_GetPCLK1Freq                     0x08002835   Thumb Code    22  stm32f4xx_hal_rcc.o(i.HAL_RCC_GetPCLK1Freq)
    HAL_RCC_GetPCLK2Freq                     0x08002855   Thumb Code    22  stm32f4xx_hal_rcc.o(i.HAL_RCC_GetPCLK2Freq)
    HAL_RCC_GetSysClockFreq                  0x08002875   Thumb Code   162  stm32f4xx_hal_rcc.o(i.HAL_RCC_GetSysClockFreq)
    HAL_RCC_OscConfig                        0x08002925   Thumb Code  1172  stm32f4xx_hal_rcc.o(i.HAL_RCC_OscConfig)
    HAL_SYSTICK_Config                       0x08002dc1   Thumb Code    52  stm32f4xx_hal_cortex.o(i.HAL_SYSTICK_Config)
    HAL_TIMEx_BreakCallback                  0x08002df5   Thumb Code     2  stm32f4xx_hal_tim_ex.o(i.HAL_TIMEx_BreakCallback)
    HAL_TIMEx_CommutCallback                 0x08002df7   Thumb Code     2  stm32f4xx_hal_tim_ex.o(i.HAL_TIMEx_CommutCallback)
    HAL_TIMEx_MasterConfigSynchronization    0x08002df9   Thumb Code   150  stm32f4xx_hal_tim_ex.o(i.HAL_TIMEx_MasterConfigSynchronization)
    HAL_TIM_Base_Init                        0x08002ead   Thumb Code   102  stm32f4xx_hal_tim.o(i.HAL_TIM_Base_Init)
    HAL_TIM_Base_MspInit                     0x08002f15   Thumb Code   110  tim.o(i.HAL_TIM_Base_MspInit)
    HAL_TIM_Base_Start_IT                    0x08002f8d   Thumb Code   138  stm32f4xx_hal_tim.o(i.HAL_TIM_Base_Start_IT)
    HAL_TIM_ConfigClockSource                0x08003035   Thumb Code   268  stm32f4xx_hal_tim.o(i.HAL_TIM_ConfigClockSource)
    HAL_TIM_IC_CaptureCallback               0x08003141   Thumb Code     2  stm32f4xx_hal_tim.o(i.HAL_TIM_IC_CaptureCallback)
    HAL_TIM_IRQHandler                       0x08003143   Thumb Code   364  stm32f4xx_hal_tim.o(i.HAL_TIM_IRQHandler)
    HAL_TIM_OC_DelayElapsedCallback          0x080032af   Thumb Code     2  stm32f4xx_hal_tim.o(i.HAL_TIM_OC_DelayElapsedCallback)
    HAL_TIM_PWM_PulseFinishedCallback        0x080032b1   Thumb Code     2  stm32f4xx_hal_tim.o(i.HAL_TIM_PWM_PulseFinishedCallback)
    HAL_TIM_PeriodElapsedCallback            0x080032b5   Thumb Code    92  tim.o(i.HAL_TIM_PeriodElapsedCallback)
    HAL_TIM_TriggerCallback                  0x08003325   Thumb Code     2  stm32f4xx_hal_tim.o(i.HAL_TIM_TriggerCallback)
    HAL_UARTEx_ReceiveToIdle_DMA             0x08003327   Thumb Code   114  stm32f4xx_hal_uart.o(i.HAL_UARTEx_ReceiveToIdle_DMA)
    HAL_UARTEx_RxEventCallback               0x08003399   Thumb Code   396  rc.o(i.HAL_UARTEx_RxEventCallback)
    HAL_UART_ErrorCallback                   0x08003531   Thumb Code     2  stm32f4xx_hal_uart.o(i.HAL_UART_ErrorCallback)
    HAL_UART_IRQHandler                      0x08003535   Thumb Code   740  stm32f4xx_hal_uart.o(i.HAL_UART_IRQHandler)
    HAL_UART_Init                            0x0800381d   Thumb Code   118  stm32f4xx_hal_uart.o(i.HAL_UART_Init)
    HAL_UART_MspInit                         0x08003895   Thumb Code   204  usart.o(i.HAL_UART_MspInit)
    HAL_UART_RxCpltCallback                  0x08003975   Thumb Code     2  stm32f4xx_hal_uart.o(i.HAL_UART_RxCpltCallback)
    HAL_UART_RxHalfCpltCallback              0x08003977   Thumb Code     2  stm32f4xx_hal_uart.o(i.HAL_UART_RxHalfCpltCallback)
    HAL_UART_TxCpltCallback                  0x08003979   Thumb Code     2  stm32f4xx_hal_uart.o(i.HAL_UART_TxCpltCallback)
    HardFault_Handler                        0x0800397b   Thumb Code     4  stm32f4xx_it.o(i.HardFault_Handler)
    M4005_Update                             0x08003ec3   Thumb Code    18  user_can.o(i.M4005_Update)
    MX_CAN1_Init                             0x08003ed5   Thumb Code    62  can.o(i.MX_CAN1_Init)
    MX_DMA_Init                              0x08003f1d   Thumb Code    52  dma.o(i.MX_DMA_Init)
    MX_GPIO_Init                             0x08003f55   Thumb Code   336  gpio.o(i.MX_GPIO_Init)
    MX_I2C2_Init                             0x080040b5   Thumb Code    48  i2c.o(i.MX_I2C2_Init)
    MX_TIM1_Init                             0x080040f1   Thumb Code   106  tim.o(i.MX_TIM1_Init)
    MX_USART3_UART_Init                      0x08004165   Thumb Code    52  usart.o(i.MX_USART3_UART_Init)
    MemManage_Handler                        0x080041a5   Thumb Code     4  stm32f4xx_it.o(i.MemManage_Handler)
    Motor_CalcAngle_4005                     0x080041a9   Thumb Code   118  main.o(i.Motor_CalcAngle_4005)
    Motor_StartCalcAngle                     0x08004231   Thumb Code    50  main.o(i.Motor_StartCalcAngle)
    Motor_Update                             0x0800426d   Thumb Code   122  user_can.o(i.Motor_Update)
    NMI_Handler                              0x080042f5   Thumb Code     4  stm32f4xx_it.o(i.NMI_Handler)
    PID_CascadeCalc_totalAngle               0x080042f9   Thumb Code    76  pid.o(i.PID_CascadeCalc_totalAngle)
    PID_Init                                 0x08004349   Thumb Code    38  pid.o(i.PID_Init)
    PID_SingleCalc                           0x08004375   Thumb Code   278  pid.o(i.PID_SingleCalc)
    PID_SingleCalc_totalangle                0x08004491   Thumb Code   348  pid.o(i.PID_SingleCalc_totalangle)
    PendSV_Handler                           0x080045fd   Thumb Code     2  stm32f4xx_it.o(i.PendSV_Handler)
    PowerControl_AutoUpdateParam             0x08004601   Thumb Code   392  rls.o(i.PowerControl_AutoUpdateParam)
    PowerControl_AutoUpdateParamInit         0x080047e1   Thumb Code   252  rls.o(i.PowerControl_AutoUpdateParamInit)
    PowerControl_Init                        0x08004975   Thumb Code    54  powercontrol.o(i.PowerControl_Init)
    Power_detect                             0x080049bd   Thumb Code   102  powercontrol.o(i.Power_detect)
    SVC_Handler                              0x08004a31   Thumb Code     2  stm32f4xx_it.o(i.SVC_Handler)
    SysTick_Handler                          0x08004a33   Thumb Code     8  stm32f4xx_it.o(i.SysTick_Handler)
    SystemClock_Config                       0x08004a3d   Thumb Code   170  main.o(i.SystemClock_Config)
    SystemInit                               0x08004af1   Thumb Code    14  system_stm32f4xx.o(i.SystemInit)
    TIM1_BRK_TIM9_IRQHandler                 0x08004b05   Thumb Code    10  stm32f4xx_it.o(i.TIM1_BRK_TIM9_IRQHandler)
    TIM1_CC_IRQHandler                       0x08004b15   Thumb Code    10  stm32f4xx_it.o(i.TIM1_CC_IRQHandler)
    TIM1_TRG_COM_TIM11_IRQHandler            0x08004b25   Thumb Code    10  stm32f4xx_it.o(i.TIM1_TRG_COM_TIM11_IRQHandler)
    TIM1_UP_TIM10_IRQHandler                 0x08004b35   Thumb Code    10  stm32f4xx_it.o(i.TIM1_UP_TIM10_IRQHandler)
    TIM_Base_SetConfig                       0x08004b45   Thumb Code   186  stm32f4xx_hal_tim.o(i.TIM_Base_SetConfig)
    TIM_ETR_SetConfig                        0x08004c2d   Thumb Code    22  stm32f4xx_hal_tim.o(i.TIM_ETR_SetConfig)
    UART_Start_Receive_DMA                   0x080051b9   Thumb Code   186  stm32f4xx_hal_uart.o(i.UART_Start_Receive_DMA)
    USART3_IRQHandler                        0x080052e1   Thumb Code    10  stm32f4xx_it.o(i.USART3_IRQHandler)
    USER_CAN_SetMotorAngle                   0x080052f1   Thumb Code    96  user_can.o(i.USER_CAN_SetMotorAngle)
    USER_CAN_SetMotorCurrent                 0x08005355   Thumb Code   104  user_can.o(i.USER_CAN_SetMotorCurrent)
    UsageFault_Handler                       0x080053c1   Thumb Code     4  stm32f4xx_it.o(i.UsageFault_Handler)
    ExPowerControl::ParameterUpdate()        0x080053c5   Thumb Code    86  expowercontrol.o(i._ZN14ExPowerControl15ParameterUpdateEv)
    ExPowerControl::setMeasurePower(float)   0x08005429   Thumb Code     6  expowercontrol.o(i._ZN14ExPowerControl15setMeasurePowerEf)
    ExPowerControl::chassisPowerControl(unsigned short, float*, _MOTOR*, unsigned char) 0x08005431   Thumb Code   906  expowercontrol.o(i._ZN14ExPowerControl19chassisPowerControlEtPfP6_MOTORh)
    ExPowerControl::ExPowerControl()         0x080057c9   Thumb Code   132  expowercontrol.o(i._ZN14ExPowerControlC1Ev)
    ExPowerControl::ExPowerControl__sub_object() 0x080057c9   Thumb Code     0  expowercontrol.o(i._ZN14ExPowerControlC1Ev)
    ExPowerControl::~ExPowerControl()        0x08005871   Thumb Code     2  expowercontrol.o(i._ZN14ExPowerControlD1Ev)
    ExPowerControl::~ExPowerControl__sub_object() 0x08005871   Thumb Code     0  expowercontrol.o(i._ZN14ExPowerControlD1Ev)
    std::sqrt(float)                         0x08005873   Thumb Code    24  expowercontrol.o(i._ZSt4sqrtf)
    __ARM_fpclassifyf                        0x0800588b   Thumb Code    38  fpclassifyf.o(i.__ARM_fpclassifyf)
    __hardfp_atanf                           0x080058e9   Thumb Code   296  atanf.o(i.__hardfp_atanf)
    __hardfp_ceil                            0x08005a49   Thumb Code   252  ceil.o(i.__hardfp_ceil)
    __hardfp_fmaxf                           0x08005b61   Thumb Code    72  fmaxf.o(i.__hardfp_fmaxf)
    __hardfp_sqrtf                           0x08005ba9   Thumb Code    58  sqrtf.o(i.__hardfp_sqrtf)
    __mathlib_flt_infnan                     0x08005be3   Thumb Code     6  funder.o(i.__mathlib_flt_infnan)
    __mathlib_flt_underflow                  0x08005be9   Thumb Code    10  funder.o(i.__mathlib_flt_underflow)
    arm_mat_add_f32                          0x08005c19   Thumb Code    56  matrixfunctions.o(i.arm_mat_add_f32)
    arm_mat_init_f32                         0x08005c51   Thumb Code     8  matrixfunctions.o(i.arm_mat_init_f32)
    arm_mat_mult_f32                         0x08005c59   Thumb Code   182  matrixfunctions.o(i.arm_mat_mult_f32)
    arm_mat_scale_f32                        0x08005d15   Thumb Code    44  matrixfunctions.o(i.arm_mat_scale_f32)
    arm_mat_sub_f32                          0x08005d41   Thumb Code    56  matrixfunctions.o(i.arm_mat_sub_f32)
    arm_mat_trans_f32                        0x08005d79   Thumb Code    68  matrixfunctions.o(i.arm_mat_trans_f32)
    control_acclerate                        0x08005dbd   Thumb Code    84  tim.o(i.control_acclerate)
    control_constspeed                       0x08005e1d   Thumb Code    14  tim.o(i.control_constspeed)
    control_position                         0x08005e31   Thumb Code     2  tim.o(i.control_position)
    control_real_compete                     0x08005e35   Thumb Code   114  tim.o(i.control_real_compete)
    delay_init                               0x08005eb1   Thumb Code    32  bsp_delay.o(i.delay_init)
    main                                     0x08005ee1   Thumb Code  1882  main.o(i.main)
    setMeasurePower                          0x08006689   Thumb Code    18  expowercontrol.o(i.setMeasurePower)
    __aeabi_dadd                             0x080066a1   Thumb Code     0  daddsub_clz.o(x$fpl$dadd)
    _dadd                                    0x080066a1   Thumb Code   332  daddsub_clz.o(x$fpl$dadd)
    __fpl_dcmp_Inf                           0x080067f1   Thumb Code    24  dcmpi.o(x$fpl$dcmpinf)
    __aeabi_ddiv                             0x08006809   Thumb Code     0  ddiv.o(x$fpl$ddiv)
    _ddiv                                    0x08006809   Thumb Code   552  ddiv.o(x$fpl$ddiv)
    __aeabi_d2iz                             0x08006ab9   Thumb Code     0  dfix.o(x$fpl$dfix)
    _dfix                                    0x08006ab9   Thumb Code    94  dfix.o(x$fpl$dfix)
    __aeabi_d2uiz                            0x08006b19   Thumb Code     0  dfixu.o(x$fpl$dfixu)
    _dfixu                                   0x08006b19   Thumb Code    90  dfixu.o(x$fpl$dfixu)
    __aeabi_i2d                              0x08006b73   Thumb Code     0  dflt_clz.o(x$fpl$dflt)
    _dflt                                    0x08006b73   Thumb Code    46  dflt_clz.o(x$fpl$dflt)
    __aeabi_cdcmple                          0x08006ba1   Thumb Code     0  dleqf.o(x$fpl$dleqf)
    _dcmple                                  0x08006ba1   Thumb Code   120  dleqf.o(x$fpl$dleqf)
    __fpl_dcmple_InfNaN                      0x08006c03   Thumb Code     0  dleqf.o(x$fpl$dleqf)
    __aeabi_dmul                             0x08006c19   Thumb Code     0  dmul.o(x$fpl$dmul)
    _dmul                                    0x08006c19   Thumb Code   332  dmul.o(x$fpl$dmul)
    __fpl_dnaninf                            0x08006d6d   Thumb Code   156  dnaninf.o(x$fpl$dnaninf)
    __fpl_dretinf                            0x08006e09   Thumb Code    12  dretinf.o(x$fpl$dretinf)
    __aeabi_cdrcmple                         0x08006e15   Thumb Code     0  drleqf.o(x$fpl$drleqf)
    _drcmple                                 0x08006e15   Thumb Code   108  drleqf.o(x$fpl$drleqf)
    __aeabi_drsub                            0x08006e81   Thumb Code     0  daddsub_clz.o(x$fpl$drsb)
    _drsb                                    0x08006e81   Thumb Code    22  daddsub_clz.o(x$fpl$drsb)
    __aeabi_dsub                             0x08006e99   Thumb Code     0  daddsub_clz.o(x$fpl$dsub)
    _dsub                                    0x08006e99   Thumb Code   464  daddsub_clz.o(x$fpl$dsub)
    __fcmp4                                  0x0800706d   Thumb Code    24  fcmp4.o(x$fpl$fcmp4)
    __ARM_fcmp4                              0x08007085   Thumb Code     0  fcmp4.o(x$fpl$fcmp4)
    _fcmp4                                   0x08007085   Thumb Code    58  fcmp4.o(x$fpl$fcmp4)
    __fpl_fcmp_Inf                           0x080070bf   Thumb Code    24  fcmpi.o(x$fpl$fcmpinf)
    __fpl_fnaninf                            0x080070d7   Thumb Code   140  fnaninf.o(x$fpl$fnaninf)
    _fp_init                                 0x08007163   Thumb Code    10  fpinit.o(x$fpl$fpinit)
    __fplib_config_fpu_vfp                   0x0800716b   Thumb Code     0  fpinit.o(x$fpl$fpinit)
    __fplib_config_pureend_doubles           0x0800716b   Thumb Code     0  fpinit.o(x$fpl$fpinit)
    __I$use$fp                               0x0800716c   Number         0  usenofp.o(x$fpl$usenofp)
    AHBPrescTable                            0x08007174   Data          16  system_stm32f4xx.o(.constdata)
    APBPrescTable                            0x08007184   Data           8  system_stm32f4xx.o(.constdata)
    Region$$Table$$Base                      0x0800718c   Number         0  anon$$obj.o(Region$$Table)
    Region$$Table$$Limit                     0x080071ac   Number         0  anon$$obj.o(Region$$Table)
    SHT$$INIT_ARRAY$$Base                    0x080071ac   Number         0  expowercontrol.o(.init_array)
    SHT$$INIT_ARRAY$$Limit                   0x080071b0   Number         0  init_aeabi.o(.init_array)
    CAN_TX_BOX0                              0x20000008   Data           4  user_can.o(.data)
    control_mode                             0x2000000c   Data           1  user_can.o(.data)
    RLS_EABLE                                0x20000010   Data           1  rls.o(.data)
    transVector                              0x20000014   Data          36  rls.o(.data)
    Ysample                                  0x20000038   Data           4  rls.o(.data)
    lamdaPowerAutoUpdate                     0x2000003c   Data           4  rls.o(.data)
    XT_M_TRANS_M_X                           0x20000040   Data           4  rls.o(.data)
    XT_M_PARAM                               0x20000044   Data           4  rls.o(.data)
    paramMatrix                              0x20000048   Data           8  rls.o(.data)
    transMatrix                              0x20000050   Data           8  rls.o(.data)
    kainMatrix                               0x20000058   Data           8  rls.o(.data)
    XsampleMatrix                            0x20000060   Data           8  rls.o(.data)
    YsampleMatrix                            0x20000068   Data           8  rls.o(.data)
    TRANS_M_XMatrix                          0x20000070   Data           8  rls.o(.data)
    XTMatrix                                 0x20000078   Data           8  rls.o(.data)
    XT_M_TRANSMatrix                         0x20000080   Data           8  rls.o(.data)
    XT_M_TRANS_M_XMatrix                     0x20000088   Data           8  rls.o(.data)
    XT_M_PARAMMatrix                         0x20000090   Data           8  rls.o(.data)
    deta_PARAMMatrix                         0x20000098   Data           8  rls.o(.data)
    lastParamMatrix                          0x200000a0   Data           8  rls.o(.data)
    lastTransMatrix                          0x200000a8   Data           8  rls.o(.data)
    KAIN_M_XTMatrix                          0x200000b0   Data           8  rls.o(.data)
    KAIN_M_XT_M_TRANSMatrix                  0x200000b8   Data           8  rls.o(.data)
    robermaster                              0x200000c0   Data           1  main.o(.data)
    power                                    0x200000c4   Data           4  main.o(.data)
    powerPredict                             0x200000c8   Data           4  main.o(.data)
    detaTime                                 0x200000cc   Data           2  main.o(.data)
    lastTime                                 0x200000ce   Data           2  main.o(.data)
    currentTime                              0x200000d0   Data           2  main.o(.data)
    setV                                     0x200000d2   Data           4  main.o(.data)
    M4005_Angle                              0x200000d8   Data           4  main.o(.data)
    setV_SLope                               0x200000dc   Data           4  main.o(.data)
    setAngle                                 0x200000e0   Data           8  main.o(.data)
    measurePower                             0x200000e8   Data           2  main.o(.data)
    Vx                                       0x200000ea   Data           2  main.o(.data)
    Vy                                       0x200000ec   Data           2  main.o(.data)
    targetangle                              0x200000f0   Data           4  main.o(.data)
    wheelvx                                  0x200000f4   Data           2  main.o(.data)
    wheelvy                                  0x200000f6   Data           2  main.o(.data)
    cntTim2                                  0x200000f8   Data           1  tim.o(.data)
    flagtime2                                0x200000f9   Data           1  tim.o(.data)
    uwTick                                   0x200000fc   Data           4  stm32f4xx_hal.o(.data)
    uwTickPrio                               0x20000100   Data           4  stm32f4xx_hal.o(.data)
    uwTickFreq                               0x20000104   Data           1  stm32f4xx_hal.o(.data)
    SystemCoreClock                          0x20000108   Data           4  system_stm32f4xx.o(.data)
    powerController                          0x2000010c   Data          72  powercontrol.o(.bss)
    paramVector                              0x20000154   Data          12  rls.o(.bss)
    kainVector                               0x20000160   Data          12  rls.o(.bss)
    Xsample                                  0x2000016c   Data          12  rls.o(.bss)
    TRANS_M_X                                0x20000178   Data          12  rls.o(.bss)
    XT                                       0x20000184   Data          12  rls.o(.bss)
    XT_M_TRANS                               0x20000190   Data          12  rls.o(.bss)
    deta_PARAM                               0x2000019c   Data          12  rls.o(.bss)
    lastParamVector                          0x200001a8   Data          12  rls.o(.bss)
    lastTrans                                0x200001b4   Data          36  rls.o(.bss)
    KAIN_M_XT                                0x200001d8   Data          36  rls.o(.bss)
    KAIN_M_XT_M_TRANS                        0x200001fc   Data          36  rls.o(.bss)
    exPowerControl                           0x20000220   Data          88  expowercontrol.o(.bss)
    rc_data                                  0x20000278   Data          36  rc.o(.bss)
    rcInfo                                   0x2000029c   Data          22  rc.o(.bss)
    setCurrent                               0x200002b4   Data          16  main.o(.bss)
    pid_V                                    0x200002c4   Data          80  main.o(.bss)
    pid_ANGLE                                0x20000314   Data         264  main.o(.bss)
    ina226                                   0x2000041c   Data          16  main.o(.bss)
    motors                                   0x2000042c   Data          96  main.o(.bss)
    motorM4005                               0x2000048c   Data          24  main.o(.bss)
    hcan1                                    0x200004a4   Data          40  can.o(.bss)
    hi2c2                                    0x200004cc   Data          84  i2c.o(.bss)
    htim1                                    0x20000520   Data          72  tim.o(.bss)
    huart3                                   0x20000568   Data          72  usart.o(.bss)
    hdma_usart3_rx                           0x200005b0   Data          96  usart.o(.bss)
    __libspace_start                         0x20000610   Data          96  libspace.o(.bss)
    __temporary_stack_top$libspace           0x20000670   Data           0  libspace.o(.bss)



==============================================================================

Memory Map of the image

  Image Entry point : 0x08000189

  Load Region LR_IROM1 (Base: 0x08000000, Size: 0x000072bc, Max: 0x00100000, ABSOLUTE)

    Execution Region ER_IROM1 (Exec base: 0x08000000, Load base: 0x08000000, Size: 0x000071b0, Max: 0x00100000, ABSOLUTE)

    Exec Addr    Load Addr    Size         Type   Attr      Idx    E Section Name        Object

    0x08000000   0x08000000   0x00000188   Data   RO            3    RESET               startup_stm32f407xx.o
    0x08000188   0x08000188   0x00000008   Code   RO        11338  * !!!main             c_w.l(__main.o)
    0x08000190   0x08000190   0x00000034   Code   RO        11911    !!!scatter          c_w.l(__scatter.o)
    0x080001c4   0x080001c4   0x0000001a   Code   RO        11913    !!handler_copy      c_w.l(__scatter_copy.o)
    0x080001de   0x080001de   0x00000002   PAD
    0x080001e0   0x080001e0   0x0000001c   Code   RO        11915    !!handler_zi        c_w.l(__scatter_zi.o)
    0x080001fc   0x080001fc   0x00000002   Code   RO        11855    .ARM.Collect$$libinit$$00000000  c_w.l(libinit.o)
    0x080001fe   0x080001fe   0x00000004   Code   RO        11621    .ARM.Collect$$libinit$$00000001  c_w.l(libinit2.o)
    0x08000202   0x08000202   0x00000000   Code   RO        11624    .ARM.Collect$$libinit$$00000004  c_w.l(libinit2.o)
    0x08000202   0x08000202   0x00000008   Code   RO        11625    .ARM.Collect$$libinit$$00000005  c_w.l(libinit2.o)
    0x0800020a   0x0800020a   0x00000000   Code   RO        11627    .ARM.Collect$$libinit$$0000000A  c_w.l(libinit2.o)
    0x0800020a   0x0800020a   0x00000000   Code   RO        11629    .ARM.Collect$$libinit$$0000000C  c_w.l(libinit2.o)
    0x0800020a   0x0800020a   0x00000000   Code   RO        11631    .ARM.Collect$$libinit$$0000000E  c_w.l(libinit2.o)
    0x0800020a   0x0800020a   0x00000000   Code   RO        11634    .ARM.Collect$$libinit$$00000011  c_w.l(libinit2.o)
    0x0800020a   0x0800020a   0x00000000   Code   RO        11636    .ARM.Collect$$libinit$$00000013  c_w.l(libinit2.o)
    0x0800020a   0x0800020a   0x00000000   Code   RO        11638    .ARM.Collect$$libinit$$00000015  c_w.l(libinit2.o)
    0x0800020a   0x0800020a   0x00000000   Code   RO        11640    .ARM.Collect$$libinit$$00000017  c_w.l(libinit2.o)
    0x0800020a   0x0800020a   0x00000000   Code   RO        11642    .ARM.Collect$$libinit$$00000019  c_w.l(libinit2.o)
    0x0800020a   0x0800020a   0x00000000   Code   RO        11644    .ARM.Collect$$libinit$$0000001B  c_w.l(libinit2.o)
    0x0800020a   0x0800020a   0x00000000   Code   RO        11646    .ARM.Collect$$libinit$$0000001D  c_w.l(libinit2.o)
    0x0800020a   0x0800020a   0x00000000   Code   RO        11648    .ARM.Collect$$libinit$$0000001F  c_w.l(libinit2.o)
    0x0800020a   0x0800020a   0x00000000   Code   RO        11650    .ARM.Collect$$libinit$$00000021  c_w.l(libinit2.o)
    0x0800020a   0x0800020a   0x00000000   Code   RO        11652    .ARM.Collect$$libinit$$00000023  c_w.l(libinit2.o)
    0x0800020a   0x0800020a   0x00000000   Code   RO        11654    .ARM.Collect$$libinit$$00000025  c_w.l(libinit2.o)
    0x0800020a   0x0800020a   0x00000000   Code   RO        11658    .ARM.Collect$$libinit$$0000002C  c_w.l(libinit2.o)
    0x0800020a   0x0800020a   0x00000000   Code   RO        11660    .ARM.Collect$$libinit$$0000002E  c_w.l(libinit2.o)
    0x0800020a   0x0800020a   0x00000000   Code   RO        11662    .ARM.Collect$$libinit$$00000030  c_w.l(libinit2.o)
    0x0800020a   0x0800020a   0x00000004   Code   RO        11663    .ARM.Collect$$libinit$$00000031  c_w.l(libinit2.o)
    0x0800020e   0x0800020e   0x00000000   Code   RO        11664    .ARM.Collect$$libinit$$00000032  c_w.l(libinit2.o)
    0x0800020e   0x0800020e   0x00000002   Code   RO        11665    .ARM.Collect$$libinit$$00000033  c_w.l(libinit2.o)
    0x08000210   0x08000210   0x00000002   Code   RO        11894    .ARM.Collect$$libshutdown$$00000000  c_w.l(libshutdown.o)
    0x08000212   0x08000212   0x00000000   Code   RO        11800    .ARM.Collect$$libshutdown$$00000002  c_w.l(libshutdown2.o)
    0x08000212   0x08000212   0x00000006   Code   RO        11801    .ARM.Collect$$libshutdown$$00000003  c_w.l(libshutdown2.o)
    0x08000218   0x08000218   0x00000000   Code   RO        11802    .ARM.Collect$$libshutdown$$00000004  c_w.l(libshutdown2.o)
    0x08000218   0x08000218   0x00000000   Code   RO        11804    .ARM.Collect$$libshutdown$$00000006  c_w.l(libshutdown2.o)
    0x08000218   0x08000218   0x00000000   Code   RO        11807    .ARM.Collect$$libshutdown$$00000009  c_w.l(libshutdown2.o)
    0x08000218   0x08000218   0x00000000   Code   RO        11810    .ARM.Collect$$libshutdown$$0000000C  c_w.l(libshutdown2.o)
    0x08000218   0x08000218   0x00000000   Code   RO        11812    .ARM.Collect$$libshutdown$$0000000E  c_w.l(libshutdown2.o)
    0x08000218   0x08000218   0x00000000   Code   RO        11815    .ARM.Collect$$libshutdown$$00000011  c_w.l(libshutdown2.o)
    0x08000218   0x08000218   0x00000002   Code   RO        11816    .ARM.Collect$$libshutdown$$00000012  c_w.l(libshutdown2.o)
    0x0800021a   0x0800021a   0x00000000   Code   RO        11550    .ARM.Collect$$rtentry$$00000000  c_w.l(__rtentry.o)
    0x0800021a   0x0800021a   0x00000000   Code   RO        11743    .ARM.Collect$$rtentry$$00000002  c_w.l(__rtentry2.o)
    0x0800021a   0x0800021a   0x00000006   Code   RO        11755    .ARM.Collect$$rtentry$$00000004  c_w.l(__rtentry4.o)
    0x08000220   0x08000220   0x00000000   Code   RO        11745    .ARM.Collect$$rtentry$$00000009  c_w.l(__rtentry2.o)
    0x08000220   0x08000220   0x00000004   Code   RO        11746    .ARM.Collect$$rtentry$$0000000A  c_w.l(__rtentry2.o)
    0x08000224   0x08000224   0x00000000   Code   RO        11748    .ARM.Collect$$rtentry$$0000000C  c_w.l(__rtentry2.o)
    0x08000224   0x08000224   0x00000008   Code   RO        11749    .ARM.Collect$$rtentry$$0000000D  c_w.l(__rtentry2.o)
    0x0800022c   0x0800022c   0x00000002   Code   RO        11859    .ARM.Collect$$rtexit$$00000000  c_w.l(rtexit.o)
    0x0800022e   0x0800022e   0x00000000   Code   RO        11874    .ARM.Collect$$rtexit$$00000002  c_w.l(rtexit2.o)
    0x0800022e   0x0800022e   0x00000004   Code   RO        11875    .ARM.Collect$$rtexit$$00000003  c_w.l(rtexit2.o)
    0x08000232   0x08000232   0x00000006   Code   RO        11876    .ARM.Collect$$rtexit$$00000004  c_w.l(rtexit2.o)
    0x08000238   0x08000238   0x00000000   Code   RO        11827    .emb_text           c_w.l(maybetermalloc1.o)
    0x08000238   0x08000238   0x00000040   Code   RO            4    .text               startup_stm32f407xx.o
    0x08000278   0x08000278   0x000000ee   Code   RO        11316    .text               c_w.l(lludivv7m.o)
    0x08000366   0x08000366   0x0000002e   Code   RO        11327    .text               c_w.l(aeabi_atexit.o)
    0x08000394   0x08000394   0x0000004e   Code   RO        11334    .text               c_w.l(rt_memclr_w.o)
    0x080003e2   0x080003e2   0x00000006   Code   RO        11336    .text               c_w.l(heapauxi.o)
    0x080003e8   0x080003e8   0x00000024   Code   RO        11343    .text               c_w.l(init_aeabi.o)
    0x0800040c   0x0800040c   0x00000008   Code   RO        11558    .text               c_w.l(rt_ddtor_pointer_addr_intlibspace.o)
    0x08000414   0x08000414   0x0000005e   Code   RO        11562    .text               c_w.l(h1_alloc.o)
    0x08000472   0x08000472   0x00000016   Code   RO        11616    .text               c_w.l(_rserrno.o)
    0x08000488   0x08000488   0x00000042   Code   RO        11618    .text               c_w.l(cxa_finalize.o)
    0x080004ca   0x080004ca   0x00000002   PAD
    0x080004cc   0x080004cc   0x00000008   Code   RO        11737    .text               c_w.l(libspace.o)
    0x080004d4   0x080004d4   0x00000008   Code   RO        11762    .text               c_w.l(rt_heap_descriptor_intlibspace.o)
    0x080004dc   0x080004dc   0x00000008   Code   RO        11767    .text               c_w.l(rt_errno_addr_intlibspace.o)
    0x080004e4   0x080004e4   0x00000004   Code   RO        11769    .text               c_w.l(hguard.o)
    0x080004e8   0x080004e8   0x0000008a   Code   RO        11771    .text               c_w.l(init_alloc.o)
    0x08000572   0x08000572   0x0000000e   Code   RO        11777    .text               c_w.l(h1_init.o)
    0x08000580   0x08000580   0x0000004e   Code   RO        11779    .text               c_w.l(h1_free.o)
    0x080005ce   0x080005ce   0x0000004a   Code   RO        11823    .text               c_w.l(sys_stackheap_outer.o)
    0x08000618   0x08000618   0x00000034   Code   RO        11829    .text               c_w.l(h1_extend.o)
    0x0800064c   0x0800064c   0x00000012   Code   RO        11833    .text               c_w.l(exit.o)
    0x0800065e   0x0800065e   0x0000000e   Code   RO        11839    .text               c_w.l(defsig_rtmem_outer.o)
    0x0800066c   0x0800066c   0x00000002   Code   RO        11856    .text               c_w.l(use_no_semi.o)
    0x0800066e   0x0800066e   0x00000000   Code   RO        11858    .text               c_w.l(indicate_semi.o)
    0x0800066e   0x0800066e   0x0000000a   Code   RO        11865    .text               c_w.l(defsig_exit.o)
    0x08000678   0x08000678   0x00000050   Code   RO        11869    .text               c_w.l(defsig_rtmem_inner.o)
    0x080006c8   0x080006c8   0x0000000c   Code   RO        11871    .text               c_w.l(sys_exit.o)
    0x080006d4   0x080006d4   0x00000032   Code   RO        11886    .text               c_w.l(defsig_general.o)
    0x08000706   0x08000706   0x0000000e   Code   RO        11888    .text               c_w.l(sys_wrch.o)
    0x08000714   0x08000714   0x00000024   Code   RO          163    i.AutoFox_INA226_CheckI2cAddress  ina266.o
    0x08000738   0x08000738   0x00000014   Code   RO          167    i.AutoFox_INA226_Constructor  ina266.o
    0x0800074c   0x0800074c   0x00000020   Code   RO          171    i.AutoFox_INA226_GetPower_uW  ina266.o
    0x0800076c   0x0800076c   0x00000140   Code   RO          174    i.AutoFox_INA226_Init  ina266.o
    0x080008ac   0x080008ac   0x00000060   Code   RO          175    i.AutoFox_INA226_ReadRegister  ina266.o
    0x0800090c   0x0800090c   0x0000003c   Code   RO          179    i.AutoFox_INA226_WriteRegister  ina266.o
    0x08000948   0x08000948   0x000000c4   Code   RO          180    i.AutoFox_INA226_setupCalibration  ina266.o
    0x08000a0c   0x08000a0c   0x00000004   Code   RO         1376    i.BusFault_Handler  stm32f4xx_it.o
    0x08000a10   0x08000a10   0x00000010   Code   RO         1377    i.CAN1_RX0_IRQHandler  stm32f4xx_it.o
    0x08000a20   0x08000a20   0x00000010   Code   RO         1378    i.CAN1_TX_IRQHandler  stm32f4xx_it.o
    0x08000a30   0x08000a30   0x0000003c   Code   RO          375    i.CAN_Init          user_can.o
    0x08000a6c   0x08000a6c   0x000000ac   Code   RO          376    i.CAN_Rx0Callback   user_can.o
    0x08000b18   0x08000b18   0x00000020   Code   RO          696    i.ChassisPowerControl  expowercontrol.o
    0x08000b38   0x08000b38   0x00000010   Code   RO         1379    i.DMA1_Stream1_IRQHandler  stm32f4xx_it.o
    0x08000b48   0x08000b48   0x00000034   Code   RO         2262    i.DMA_CalcBaseAndBitshift  stm32f4xx_hal_dma.o
    0x08000b7c   0x08000b7c   0x000000aa   Code   RO         2263    i.DMA_CheckFifoParam  stm32f4xx_hal_dma.o
    0x08000c26   0x08000c26   0x0000002c   Code   RO         2264    i.DMA_SetConfig     stm32f4xx_hal_dma.o
    0x08000c52   0x08000c52   0x00000002   Code   RO         1380    i.DebugMon_Handler  stm32f4xx_it.o
    0x08000c54   0x08000c54   0x00000006   Code   RO         1016    i.Error_Handler     main.o
    0x08000c5a   0x08000c5a   0x0000002a   Code   RO         1525    i.HAL_CAN_ActivateNotification  stm32f4xx_hal_can.o
    0x08000c84   0x08000c84   0x0000014a   Code   RO         1526    i.HAL_CAN_AddTxMessage  stm32f4xx_hal_can.o
    0x08000dce   0x08000dce   0x00000002   PAD
    0x08000dd0   0x08000dd0   0x00000124   Code   RO         1527    i.HAL_CAN_ConfigFilter  stm32f4xx_hal_can.o
    0x08000ef4   0x08000ef4   0x00000002   Code   RO         1530    i.HAL_CAN_ErrorCallback  stm32f4xx_hal_can.o
    0x08000ef6   0x08000ef6   0x00000194   Code   RO         1533    i.HAL_CAN_GetRxMessage  stm32f4xx_hal_can.o
    0x0800108a   0x0800108a   0x0000024e   Code   RO         1537    i.HAL_CAN_IRQHandler  stm32f4xx_hal_can.o
    0x080012d8   0x080012d8   0x00000174   Code   RO         1538    i.HAL_CAN_Init      stm32f4xx_hal_can.o
    0x0800144c   0x0800144c   0x000000a8   Code   RO         1149    i.HAL_CAN_MspInit   can.o
    0x080014f4   0x080014f4   0x00000002   Code   RO         1545    i.HAL_CAN_RxFifo0FullCallback  stm32f4xx_hal_can.o
    0x080014f6   0x080014f6   0x0000001e   Code   RO          377    i.HAL_CAN_RxFifo0MsgPendingCallback  user_can.o
    0x08001514   0x08001514   0x00000002   Code   RO         1547    i.HAL_CAN_RxFifo1FullCallback  stm32f4xx_hal_can.o
    0x08001516   0x08001516   0x00000002   Code   RO         1548    i.HAL_CAN_RxFifo1MsgPendingCallback  stm32f4xx_hal_can.o
    0x08001518   0x08001518   0x00000002   Code   RO         1549    i.HAL_CAN_SleepCallback  stm32f4xx_hal_can.o
    0x0800151a   0x0800151a   0x0000005e   Code   RO         1550    i.HAL_CAN_Start     stm32f4xx_hal_can.o
    0x08001578   0x08001578   0x00000002   Code   RO         1552    i.HAL_CAN_TxMailbox0AbortCallback  stm32f4xx_hal_can.o
    0x0800157a   0x0800157a   0x00000002   Code   RO         1553    i.HAL_CAN_TxMailbox0CompleteCallback  stm32f4xx_hal_can.o
    0x0800157c   0x0800157c   0x00000002   Code   RO         1554    i.HAL_CAN_TxMailbox1AbortCallback  stm32f4xx_hal_can.o
    0x0800157e   0x0800157e   0x00000002   Code   RO         1555    i.HAL_CAN_TxMailbox1CompleteCallback  stm32f4xx_hal_can.o
    0x08001580   0x08001580   0x00000002   Code   RO         1556    i.HAL_CAN_TxMailbox2AbortCallback  stm32f4xx_hal_can.o
    0x08001582   0x08001582   0x00000002   Code   RO         1557    i.HAL_CAN_TxMailbox2CompleteCallback  stm32f4xx_hal_can.o
    0x08001584   0x08001584   0x00000002   Code   RO         1559    i.HAL_CAN_WakeUpFromRxMsgCallback  stm32f4xx_hal_can.o
    0x08001586   0x08001586   0x000000ac   Code   RO         2265    i.HAL_DMA_Abort     stm32f4xx_hal_dma.o
    0x08001632   0x08001632   0x00000028   Code   RO         2266    i.HAL_DMA_Abort_IT  stm32f4xx_hal_dma.o
    0x0800165a   0x0800165a   0x00000002   PAD
    0x0800165c   0x0800165c   0x00000240   Code   RO         2270    i.HAL_DMA_IRQHandler  stm32f4xx_hal_dma.o
    0x0800189c   0x0800189c   0x000000ec   Code   RO         2271    i.HAL_DMA_Init      stm32f4xx_hal_dma.o
    0x08001988   0x08001988   0x00000092   Code   RO         2275    i.HAL_DMA_Start_IT  stm32f4xx_hal_dma.o
    0x08001a1a   0x08001a1a   0x00000002   PAD
    0x08001a1c   0x08001a1c   0x00000028   Code   RO         2707    i.HAL_Delay         stm32f4xx_hal.o
    0x08001a44   0x08001a44   0x000001f4   Code   RO         2158    i.HAL_GPIO_Init     stm32f4xx_hal_gpio.o
    0x08001c38   0x08001c38   0x00000014   Code   RO         2161    i.HAL_GPIO_TogglePin  stm32f4xx_hal_gpio.o
    0x08001c4c   0x08001c4c   0x0000000c   Code   RO         2162    i.HAL_GPIO_WritePin  stm32f4xx_hal_gpio.o
    0x08001c58   0x08001c58   0x0000000c   Code   RO         2713    i.HAL_GetTick       stm32f4xx_hal.o
    0x08001c64   0x08001c64   0x000001d0   Code   RO         2969    i.HAL_I2C_Init      stm32f4xx_hal_i2c.o
    0x08001e34   0x08001e34   0x000001b8   Code   RO         2970    i.HAL_I2C_IsDeviceReady  stm32f4xx_hal_i2c.o
    0x08001fec   0x08001fec   0x0000030c   Code   RO         2975    i.HAL_I2C_Master_Receive  stm32f4xx_hal_i2c.o
    0x080022f8   0x080022f8   0x00000170   Code   RO         2982    i.HAL_I2C_Master_Transmit  stm32f4xx_hal_i2c.o
    0x08002468   0x08002468   0x00000088   Code   RO         1215    i.HAL_I2C_MspInit   i2c.o
    0x080024f0   0x080024f0   0x00000018   Code   RO         2719    i.HAL_IncTick       stm32f4xx_hal.o
    0x08002508   0x08002508   0x0000003c   Code   RO         2720    i.HAL_Init          stm32f4xx_hal.o
    0x08002544   0x08002544   0x0000004c   Code   RO         2721    i.HAL_InitTick      stm32f4xx_hal.o
    0x08002590   0x08002590   0x00000048   Code   RO         1500    i.HAL_MspInit       stm32f4xx_hal_msp.o
    0x080025d8   0x080025d8   0x00000028   Code   RO         2550    i.HAL_NVIC_EnableIRQ  stm32f4xx_hal_cortex.o
    0x08002600   0x08002600   0x0000007c   Code   RO         2556    i.HAL_NVIC_SetPriority  stm32f4xx_hal_cortex.o
    0x0800267c   0x0800267c   0x00000028   Code   RO         2557    i.HAL_NVIC_SetPriorityGrouping  stm32f4xx_hal_cortex.o
    0x080026a4   0x080026a4   0x00000184   Code   RO         1759    i.HAL_RCC_ClockConfig  stm32f4xx_hal_rcc.o
    0x08002828   0x08002828   0x0000000c   Code   RO         1764    i.HAL_RCC_GetHCLKFreq  stm32f4xx_hal_rcc.o
    0x08002834   0x08002834   0x00000020   Code   RO         1766    i.HAL_RCC_GetPCLK1Freq  stm32f4xx_hal_rcc.o
    0x08002854   0x08002854   0x00000020   Code   RO         1767    i.HAL_RCC_GetPCLK2Freq  stm32f4xx_hal_rcc.o
    0x08002874   0x08002874   0x000000b0   Code   RO         1768    i.HAL_RCC_GetSysClockFreq  stm32f4xx_hal_rcc.o
    0x08002924   0x08002924   0x0000049c   Code   RO         1771    i.HAL_RCC_OscConfig  stm32f4xx_hal_rcc.o
    0x08002dc0   0x08002dc0   0x00000034   Code   RO         2561    i.HAL_SYSTICK_Config  stm32f4xx_hal_cortex.o
    0x08002df4   0x08002df4   0x00000002   Code   RO         4170    i.HAL_TIMEx_BreakCallback  stm32f4xx_hal_tim_ex.o
    0x08002df6   0x08002df6   0x00000002   Code   RO         4171    i.HAL_TIMEx_CommutCallback  stm32f4xx_hal_tim_ex.o
    0x08002df8   0x08002df8   0x000000b4   Code   RO         4189    i.HAL_TIMEx_MasterConfigSynchronization  stm32f4xx_hal_tim_ex.o
    0x08002eac   0x08002eac   0x00000066   Code   RO         3455    i.HAL_TIM_Base_Init  stm32f4xx_hal_tim.o
    0x08002f12   0x08002f12   0x00000002   PAD
    0x08002f14   0x08002f14   0x00000078   Code   RO         1257    i.HAL_TIM_Base_MspInit  tim.o
    0x08002f8c   0x08002f8c   0x000000a8   Code   RO         3460    i.HAL_TIM_Base_Start_IT  stm32f4xx_hal_tim.o
    0x08003034   0x08003034   0x0000010c   Code   RO         3464    i.HAL_TIM_ConfigClockSource  stm32f4xx_hal_tim.o
    0x08003140   0x08003140   0x00000002   Code   RO         3489    i.HAL_TIM_IC_CaptureCallback  stm32f4xx_hal_tim.o
    0x08003142   0x08003142   0x0000016c   Code   RO         3503    i.HAL_TIM_IRQHandler  stm32f4xx_hal_tim.o
    0x080032ae   0x080032ae   0x00000002   Code   RO         3506    i.HAL_TIM_OC_DelayElapsedCallback  stm32f4xx_hal_tim.o
    0x080032b0   0x080032b0   0x00000002   Code   RO         3533    i.HAL_TIM_PWM_PulseFinishedCallback  stm32f4xx_hal_tim.o
    0x080032b2   0x080032b2   0x00000002   PAD
    0x080032b4   0x080032b4   0x00000070   Code   RO         1258    i.HAL_TIM_PeriodElapsedCallback  tim.o
    0x08003324   0x08003324   0x00000002   Code   RO         3546    i.HAL_TIM_TriggerCallback  stm32f4xx_hal_tim.o
    0x08003326   0x08003326   0x00000072   Code   RO         4447    i.HAL_UARTEx_ReceiveToIdle_DMA  stm32f4xx_hal_uart.o
    0x08003398   0x08003398   0x00000198   Code   RO          986    i.HAL_UARTEx_RxEventCallback  rc.o
    0x08003530   0x08003530   0x00000002   Code   RO         4463    i.HAL_UART_ErrorCallback  stm32f4xx_hal_uart.o
    0x08003532   0x08003532   0x00000002   PAD
    0x08003534   0x08003534   0x000002e8   Code   RO         4466    i.HAL_UART_IRQHandler  stm32f4xx_hal_uart.o
    0x0800381c   0x0800381c   0x00000076   Code   RO         4467    i.HAL_UART_Init     stm32f4xx_hal_uart.o
    0x08003892   0x08003892   0x00000002   PAD
    0x08003894   0x08003894   0x000000e0   Code   RO         1335    i.HAL_UART_MspInit  usart.o
    0x08003974   0x08003974   0x00000002   Code   RO         4473    i.HAL_UART_RxCpltCallback  stm32f4xx_hal_uart.o
    0x08003976   0x08003976   0x00000002   Code   RO         4474    i.HAL_UART_RxHalfCpltCallback  stm32f4xx_hal_uart.o
    0x08003978   0x08003978   0x00000002   Code   RO         4478    i.HAL_UART_TxCpltCallback  stm32f4xx_hal_uart.o
    0x0800397a   0x0800397a   0x00000004   Code   RO         1381    i.HardFault_Handler  stm32f4xx_it.o
    0x0800397e   0x0800397e   0x0000003e   Code   RO         3013    i.I2C_IsAcknowledgeFailed  stm32f4xx_hal_i2c.o
    0x080039bc   0x080039bc   0x00000138   Code   RO         3016    i.I2C_MasterRequestRead  stm32f4xx_hal_i2c.o
    0x08003af4   0x08003af4   0x000000c0   Code   RO         3017    i.I2C_MasterRequestWrite  stm32f4xx_hal_i2c.o
    0x08003bb4   0x08003bb4   0x00000066   Code   RO         3033    i.I2C_WaitOnBTFFlagUntilTimeout  stm32f4xx_hal_i2c.o
    0x08003c1a   0x08003c1a   0x000000be   Code   RO         3034    i.I2C_WaitOnFlagUntilTimeout  stm32f4xx_hal_i2c.o
    0x08003cd8   0x08003cd8   0x000000fa   Code   RO         3035    i.I2C_WaitOnMasterAddressFlagUntilTimeout  stm32f4xx_hal_i2c.o
    0x08003dd2   0x08003dd2   0x0000008a   Code   RO         3036    i.I2C_WaitOnRXNEFlagUntilTimeout  stm32f4xx_hal_i2c.o
    0x08003e5c   0x08003e5c   0x00000066   Code   RO         3039    i.I2C_WaitOnTXEFlagUntilTimeout  stm32f4xx_hal_i2c.o
    0x08003ec2   0x08003ec2   0x00000012   Code   RO          378    i.M4005_Update      user_can.o
    0x08003ed4   0x08003ed4   0x00000048   Code   RO         1150    i.MX_CAN1_Init      can.o
    0x08003f1c   0x08003f1c   0x00000038   Code   RO         1190    i.MX_DMA_Init       dma.o
    0x08003f54   0x08003f54   0x00000160   Code   RO         1124    i.MX_GPIO_Init      gpio.o
    0x080040b4   0x080040b4   0x0000003c   Code   RO         1216    i.MX_I2C2_Init      i2c.o
    0x080040f0   0x080040f0   0x00000074   Code   RO         1259    i.MX_TIM1_Init      tim.o
    0x08004164   0x08004164   0x00000040   Code   RO         1336    i.MX_USART3_UART_Init  usart.o
    0x080041a4   0x080041a4   0x00000004   Code   RO         1382    i.MemManage_Handler  stm32f4xx_it.o
    0x080041a8   0x080041a8   0x00000088   Code   RO         1017    i.Motor_CalcAngle_4005  main.o
    0x08004230   0x08004230   0x0000003c   Code   RO         1018    i.Motor_StartCalcAngle  main.o
    0x0800426c   0x0800426c   0x00000088   Code   RO          379    i.Motor_Update      user_can.o
    0x080042f4   0x080042f4   0x00000004   Code   RO         1383    i.NMI_Handler       stm32f4xx_it.o
    0x080042f8   0x080042f8   0x00000050   Code   RO          449    i.PID_CascadeCalc_totalAngle  pid.o
    0x08004348   0x08004348   0x0000002c   Code   RO          451    i.PID_Init          pid.o
    0x08004374   0x08004374   0x0000011c   Code   RO          454    i.PID_SingleCalc    pid.o
    0x08004490   0x08004490   0x0000016c   Code   RO          455    i.PID_SingleCalc_totalangle  pid.o
    0x080045fc   0x080045fc   0x00000002   Code   RO         1384    i.PendSV_Handler    stm32f4xx_it.o
    0x080045fe   0x080045fe   0x00000002   PAD
    0x08004600   0x08004600   0x000001e0   Code   RO          580    i.PowerControl_AutoUpdateParam  rls.o
    0x080047e0   0x080047e0   0x00000194   Code   RO          581    i.PowerControl_AutoUpdateParamInit  rls.o
    0x08004974   0x08004974   0x00000048   Code   RO          534    i.PowerControl_Init  powercontrol.o
    0x080049bc   0x080049bc   0x00000074   Code   RO          535    i.Power_detect      powercontrol.o
    0x08004a30   0x08004a30   0x00000002   Code   RO         1385    i.SVC_Handler       stm32f4xx_it.o
    0x08004a32   0x08004a32   0x00000008   Code   RO         1386    i.SysTick_Handler   stm32f4xx_it.o
    0x08004a3a   0x08004a3a   0x00000002   PAD
    0x08004a3c   0x08004a3c   0x000000b4   Code   RO         1019    i.SystemClock_Config  main.o
    0x08004af0   0x08004af0   0x00000014   Code   RO         4811    i.SystemInit        system_stm32f4xx.o
    0x08004b04   0x08004b04   0x00000010   Code   RO         1387    i.TIM1_BRK_TIM9_IRQHandler  stm32f4xx_it.o
    0x08004b14   0x08004b14   0x00000010   Code   RO         1388    i.TIM1_CC_IRQHandler  stm32f4xx_it.o
    0x08004b24   0x08004b24   0x00000010   Code   RO         1389    i.TIM1_TRG_COM_TIM11_IRQHandler  stm32f4xx_it.o
    0x08004b34   0x08004b34   0x00000010   Code   RO         1390    i.TIM1_UP_TIM10_IRQHandler  stm32f4xx_it.o
    0x08004b44   0x08004b44   0x000000e8   Code   RO         3548    i.TIM_Base_SetConfig  stm32f4xx_hal_tim.o
    0x08004c2c   0x08004c2c   0x00000016   Code   RO         3559    i.TIM_ETR_SetConfig  stm32f4xx_hal_tim.o
    0x08004c42   0x08004c42   0x00000012   Code   RO         3560    i.TIM_ITRx_SetConfig  stm32f4xx_hal_tim.o
    0x08004c54   0x08004c54   0x00000026   Code   RO         3566    i.TIM_TI1_ConfigInputStage  stm32f4xx_hal_tim.o
    0x08004c7a   0x08004c7a   0x00000028   Code   RO         3568    i.TIM_TI2_ConfigInputStage  stm32f4xx_hal_tim.o
    0x08004ca2   0x08004ca2   0x00000014   Code   RO         4480    i.UART_DMAAbortOnError  stm32f4xx_hal_uart.o
    0x08004cb6   0x08004cb6   0x00000050   Code   RO         4481    i.UART_DMAError     stm32f4xx_hal_uart.o
    0x08004d06   0x08004d06   0x000000b4   Code   RO         4482    i.UART_DMAReceiveCplt  stm32f4xx_hal_uart.o
    0x08004dba   0x08004dba   0x00000024   Code   RO         4484    i.UART_DMARxHalfCplt  stm32f4xx_hal_uart.o
    0x08004dde   0x08004dde   0x0000006c   Code   RO         4490    i.UART_EndRxTransfer  stm32f4xx_hal_uart.o
    0x08004e4a   0x08004e4a   0x00000020   Code   RO         4491    i.UART_EndTransmit_IT  stm32f4xx_hal_uart.o
    0x08004e6a   0x08004e6a   0x00000026   Code   RO         4492    i.UART_EndTxTransfer  stm32f4xx_hal_uart.o
    0x08004e90   0x08004e90   0x000000fc   Code   RO         4493    i.UART_Receive_IT   stm32f4xx_hal_uart.o
    0x08004f8c   0x08004f8c   0x0000022c   Code   RO         4494    i.UART_SetConfig    stm32f4xx_hal_uart.o
    0x080051b8   0x080051b8   0x000000c8   Code   RO         4495    i.UART_Start_Receive_DMA  stm32f4xx_hal_uart.o
    0x08005280   0x08005280   0x00000060   Code   RO         4497    i.UART_Transmit_IT  stm32f4xx_hal_uart.o
    0x080052e0   0x080052e0   0x00000010   Code   RO         1391    i.USART3_IRQHandler  stm32f4xx_it.o
    0x080052f0   0x080052f0   0x00000064   Code   RO          380    i.USER_CAN_SetMotorAngle  user_can.o
    0x08005354   0x08005354   0x0000006c   Code   RO          381    i.USER_CAN_SetMotorCurrent  user_can.o
    0x080053c0   0x080053c0   0x00000004   Code   RO         1392    i.UsageFault_Handler  stm32f4xx_it.o
    0x080053c4   0x080053c4   0x00000064   Code   RO          697    i._ZN14ExPowerControl15ParameterUpdateEv  expowercontrol.o
    0x08005428   0x08005428   0x00000006   Code   RO          699    i._ZN14ExPowerControl15setMeasurePowerEf  expowercontrol.o
    0x0800542e   0x0800542e   0x00000002   PAD
    0x08005430   0x08005430   0x00000398   Code   RO          700    i._ZN14ExPowerControl19chassisPowerControlEtPfP6_MOTORh  expowercontrol.o
    0x080057c8   0x080057c8   0x000000a8   Code   RO          701    i._ZN14ExPowerControlC1Ev  expowercontrol.o
    0x08005870   0x08005870   0x00000002   Code   RO          702    i._ZN14ExPowerControlD1Ev  expowercontrol.o
    0x08005872   0x08005872   0x00000018   Code   RO          772    i._ZSt4sqrtf        expowercontrol.o
    0x0800588a   0x0800588a   0x00000026   Code   RO        11704    i.__ARM_fpclassifyf  m_wm.l(fpclassifyf.o)
    0x080058b0   0x080058b0   0x00000010   Code   RO         2563    i.__NVIC_GetPriorityGrouping  stm32f4xx_hal_cortex.o
    0x080058c0   0x080058c0   0x00000028   Code   RO         2564    i.__NVIC_SetPriority  stm32f4xx_hal_cortex.o
    0x080058e8   0x080058e8   0x00000160   Code   RO        11392    i.__hardfp_atanf    m_wm.l(atanf.o)
    0x08005a48   0x08005a48   0x00000118   Code   RO        11404    i.__hardfp_ceil     m_wm.l(ceil.o)
    0x08005b60   0x08005b60   0x00000048   Code   RO        11546    i.__hardfp_fmaxf    m_wm.l(fmaxf.o)
    0x08005ba8   0x08005ba8   0x0000003a   Code   RO        11522    i.__hardfp_sqrtf    m_wm.l(sqrtf.o)
    0x08005be2   0x08005be2   0x00000006   Code   RO        11707    i.__mathlib_flt_infnan  m_wm.l(funder.o)
    0x08005be8   0x08005be8   0x00000010   Code   RO        11712    i.__mathlib_flt_underflow  m_wm.l(funder.o)
    0x08005bf8   0x08005bf8   0x00000020   Code   RO          703    i.__sti___18_ExPowerControl_cpp_957b09d6  expowercontrol.o
    0x08005c18   0x08005c18   0x00000038   Code   RO         7672    i.arm_mat_add_f32   matrixfunctions.o
    0x08005c50   0x08005c50   0x00000008   Code   RO         7683    i.arm_mat_init_f32  matrixfunctions.o
    0x08005c58   0x08005c58   0x000000bc   Code   RO         7691    i.arm_mat_mult_f32  matrixfunctions.o
    0x08005d14   0x08005d14   0x0000002c   Code   RO         7701    i.arm_mat_scale_f32  matrixfunctions.o
    0x08005d40   0x08005d40   0x00000038   Code   RO         7708    i.arm_mat_sub_f32   matrixfunctions.o
    0x08005d78   0x08005d78   0x00000044   Code   RO         7712    i.arm_mat_trans_f32  matrixfunctions.o
    0x08005dbc   0x08005dbc   0x00000060   Code   RO         1260    i.control_acclerate  tim.o
    0x08005e1c   0x08005e1c   0x00000014   Code   RO         1261    i.control_constspeed  tim.o
    0x08005e30   0x08005e30   0x00000002   Code   RO         1262    i.control_position  tim.o
    0x08005e32   0x08005e32   0x00000002   PAD
    0x08005e34   0x08005e34   0x0000007c   Code   RO         1263    i.control_real_compete  tim.o
    0x08005eb0   0x08005eb0   0x00000030   Code   RO           13    i.delay_init        bsp_delay.o
    0x08005ee0   0x08005ee0   0x000007a8   Code   RO         1020    i.main              main.o
    0x08006688   0x08006688   0x00000018   Code   RO          705    i.setMeasurePower   expowercontrol.o
    0x080066a0   0x080066a0   0x00000150   Code   RO        11350    x$fpl$dadd          fz_wm.l(daddsub_clz.o)
    0x080067f0   0x080067f0   0x00000018   Code   RO        11666    x$fpl$dcmpinf       fz_wm.l(dcmpi.o)
    0x08006808   0x08006808   0x000002b0   Code   RO        11357    x$fpl$ddiv          fz_wm.l(ddiv.o)
    0x08006ab8   0x08006ab8   0x0000005e   Code   RO        11362    x$fpl$dfix          fz_wm.l(dfix.o)
    0x08006b16   0x08006b16   0x00000002   PAD
    0x08006b18   0x08006b18   0x0000005a   Code   RO        11370    x$fpl$dfixu         fz_wm.l(dfixu.o)
    0x08006b72   0x08006b72   0x0000002e   Code   RO        11375    x$fpl$dflt          fz_wm.l(dflt_clz.o)
    0x08006ba0   0x08006ba0   0x00000078   Code   RO        11380    x$fpl$dleqf         fz_wm.l(dleqf.o)
    0x08006c18   0x08006c18   0x00000154   Code   RO        11382    x$fpl$dmul          fz_wm.l(dmul.o)
    0x08006d6c   0x08006d6c   0x0000009c   Code   RO        11668    x$fpl$dnaninf       fz_wm.l(dnaninf.o)
    0x08006e08   0x08006e08   0x0000000c   Code   RO        11670    x$fpl$dretinf       fz_wm.l(dretinf.o)
    0x08006e14   0x08006e14   0x0000006c   Code   RO        11384    x$fpl$drleqf        fz_wm.l(drleqf.o)
    0x08006e80   0x08006e80   0x00000016   Code   RO        11351    x$fpl$drsb          fz_wm.l(daddsub_clz.o)
    0x08006e96   0x08006e96   0x00000002   PAD
    0x08006e98   0x08006e98   0x000001d4   Code   RO        11352    x$fpl$dsub          fz_wm.l(daddsub_clz.o)
    0x0800706c   0x0800706c   0x00000052   Code   RO        11674    x$fpl$fcmp4         fz_wm.l(fcmp4.o)
    0x080070be   0x080070be   0x00000018   Code   RO        11817    x$fpl$fcmpinf       fz_wm.l(fcmpi.o)
    0x080070d6   0x080070d6   0x0000008c   Code   RO        11678    x$fpl$fnaninf       fz_wm.l(fnaninf.o)
    0x08007162   0x08007162   0x0000000a   Code   RO        11819    x$fpl$fpinit        fz_wm.l(fpinit.o)
    0x0800716c   0x0800716c   0x00000000   Code   RO        11684    x$fpl$usenofp       fz_wm.l(usenofp.o)
    0x0800716c   0x0800716c   0x00000008   Data   RO         2277    .constdata          stm32f4xx_hal_dma.o
    0x08007174   0x08007174   0x00000018   Data   RO         4812    .constdata          system_stm32f4xx.o
    0x0800718c   0x0800718c   0x00000020   Data   RO        11909    Region$$Table       anon$$obj.o
    0x080071ac   0x080071ac   0x00000004   Data   RO          717    .init_array         expowercontrol.o
    0x080071b0   0x080071ac   0x00000000   Data   RO        11341    .init_array         c_w.l(init_aeabi.o)


    Execution Region RW_IRAM1 (Exec base: 0x20000000, Load base: 0x080071b0, Size: 0x00000c70, Max: 0x0001c000, ABSOLUTE)

    Exec Addr    Load Addr    Size         Type   Attr      Idx    E Section Name        Object

    0x20000000   0x080071b0   0x00000008   Data   RW           16    .data               bsp_delay.o
    0x20000008   0x080071b8   0x00000005   Data   RW          382    .data               user_can.o
    0x2000000d   0x080071bd   0x00000003   PAD
    0x20000010   0x080071c0   0x000000b0   Data   RW          583    .data               rls.o
    0x200000c0   0x08007270   0x00000038   Data   RW         1022    .data               main.o
    0x200000f8   0x080072a8   0x00000002   Data   RW         1265    .data               tim.o
    0x200000fa   0x080072aa   0x00000002   PAD
    0x200000fc   0x080072ac   0x00000009   Data   RW         2727    .data               stm32f4xx_hal.o
    0x20000105   0x080072b5   0x00000003   PAD
    0x20000108   0x080072b8   0x00000004   Data   RW         4813    .data               system_stm32f4xx.o
    0x2000010c        -       0x00000048   Zero   RW          536    .bss                powercontrol.o
    0x20000154        -       0x000000cc   Zero   RW          582    .bss                rls.o
    0x20000220        -       0x00000058   Zero   RW          716    .bss                expowercontrol.o
    0x20000278        -       0x0000003a   Zero   RW          987    .bss                rc.o
    0x200002b2   0x080072bc   0x00000002   PAD
    0x200002b4        -       0x000001f0   Zero   RW         1021    .bss                main.o
    0x200004a4        -       0x00000028   Zero   RW         1151    .bss                can.o
    0x200004cc        -       0x00000054   Zero   RW         1217    .bss                i2c.o
    0x20000520        -       0x00000048   Zero   RW         1264    .bss                tim.o
    0x20000568        -       0x000000a8   Zero   RW         1337    .bss                usart.o
    0x20000610        -       0x00000060   Zero   RW        11738    .bss                c_w.l(libspace.o)
    0x20000670        -       0x00000200   Zero   RW            2    HEAP                startup_stm32f407xx.o
    0x20000870        -       0x00000400   Zero   RW            1    STACK               startup_stm32f407xx.o


    Execution Region RW_IRAM2 (Exec base: 0x2001c000, Load base: 0x080072bc, Size: 0x00000000, Max: 0x00004000, ABSOLUTE)

    **** No section assigned to this execution region ****


==============================================================================

Image component sizes


      Code (inc. data)   RO Data    RW Data    ZI Data      Debug   Object Name

        48         16          0          8          0       6905   bsp_delay.o
       240         24          0          0         40       1853   can.o
        56          4          0          0          0        906   dma.o
      1308         88          4          0         88      13357   expowercontrol.o
       352         16          0          0          0       1283   gpio.o
       196         26          0          0         84       1821   i2c.o
       760         38          0          0          0     711888   ina266.o
      2342        248          0         56        496      14823   main.o
       420          6          0          0          0       8178   matrixfunctions.o
       772         32          0          0          0       4133   pid.o
       188         32          0          0         72       1870   powercontrol.o
       408         12          0          0         58       1970   rc.o
       884        240          0        176        204       6532   rls.o
        64         26        392          0       1536        848   startup_stm32f407xx.o
       212         36          0          9          0       9593   stm32f4xx_hal.o
      2148          6          0          0          0      14695   stm32f4xx_hal_can.o
       312         22          0          0          0      34399   stm32f4xx_hal_cortex.o
      1436         16          8          0          0       7234   stm32f4xx_hal_dma.o
       532         46          0          0          0       2917   stm32f4xx_hal_gpio.o
      3400         60          0          0          0      13126   stm32f4xx_hal_i2c.o
        72          4          0          0          0       1002   stm32f4xx_hal_msp.o
      1820         84          0          0          0       5800   stm32f4xx_hal_rcc.o
      1260         76          0          0          0      10107   stm32f4xx_hal_tim.o
       184         30          0          0          0       2689   stm32f4xx_hal_tim_ex.o
      2582         28          0          0          0      14497   stm32f4xx_hal_uart.o
       162         48          0          0          0       8426   stm32f4xx_it.o
        20          6         24          4          0       1279   system_stm32f4xx.o
       590         68          0          2         72       6299   tim.o
       288         32          0          0        168       1969   usart.o
       624         36          0          5          0       6256   user_can.o

    ----------------------------------------------------------------------
     23702       1406        460        268       2820     916655   Object Totals
         0          0         32          0          0          0   (incl. Generated)
        22          0          0          8          2          0   (incl. Padding)

    ----------------------------------------------------------------------

      Code (inc. data)   RO Data    RW Data    ZI Data      Debug   Library Member Name

         8          0          0          0          0         68   __main.o
         0          0          0          0          0          0   __rtentry.o
        12          0          0          0          0          0   __rtentry2.o
         6          0          0          0          0          0   __rtentry4.o
        52          8          0          0          0          0   __scatter.o
        26          0          0          0          0          0   __scatter_copy.o
        28          0          0          0          0          0   __scatter_zi.o
        22          0          0          0          0        100   _rserrno.o
        46          0          0          0          0         84   aeabi_atexit.o
        66          0          0          0          0         84   cxa_finalize.o
        10          0          0          0          0         68   defsig_exit.o
        50          0          0          0          0         88   defsig_general.o
        80         58          0          0          0         76   defsig_rtmem_inner.o
        14          0          0          0          0         80   defsig_rtmem_outer.o
        18          0          0          0          0         80   exit.o
        94          0          0          0          0         80   h1_alloc.o
        52          0          0          0          0         68   h1_extend.o
        78          0          0          0          0         80   h1_free.o
        14          0          0          0          0         84   h1_init.o
         6          0          0          0          0        152   heapauxi.o
         4          0          0          0          0        136   hguard.o
         0          0          0          0          0          0   indicate_semi.o
        36         10          0          0          0         80   init_aeabi.o
       138          0          0          0          0        168   init_alloc.o
         2          0          0          0          0          0   libinit.o
        18          0          0          0          0          0   libinit2.o
         2          0          0          0          0          0   libshutdown.o
         8          0          0          0          0          0   libshutdown2.o
         8          4          0          0         96         68   libspace.o
       238          0          0          0          0        100   lludivv7m.o
         0          0          0          0          0          0   maybetermalloc1.o
         8          4          0          0          0         68   rt_ddtor_pointer_addr_intlibspace.o
         8          4          0          0          0         68   rt_errno_addr_intlibspace.o
         8          4          0          0          0         68   rt_heap_descriptor_intlibspace.o
        78          0          0          0          0         80   rt_memclr_w.o
         2          0          0          0          0          0   rtexit.o
        10          0          0          0          0          0   rtexit2.o
        12          4          0          0          0         68   sys_exit.o
        74          0          0          0          0         80   sys_stackheap_outer.o
        14          0          0          0          0         76   sys_wrch.o
         2          0          0          0          0         68   use_no_semi.o
       826         16          0          0          0        492   daddsub_clz.o
        24          0          0          0          0        116   dcmpi.o
       688        140          0          0          0        256   ddiv.o
        94          4          0          0          0        140   dfix.o
        90          4          0          0          0        140   dfixu.o
        46          0          0          0          0        116   dflt_clz.o
       120          4          0          0          0        140   dleqf.o
       340         12          0          0          0        152   dmul.o
       156          4          0          0          0        140   dnaninf.o
        12          0          0          0          0        116   dretinf.o
       108          0          0          0          0        128   drleqf.o
        82          4          0          0          0        160   fcmp4.o
        24          0          0          0          0        116   fcmpi.o
       140          4          0          0          0        132   fnaninf.o
        10          0          0          0          0        116   fpinit.o
         0          0          0          0          0          0   usenofp.o
       352         56          0          0          0        172   atanf.o
       280         28          0          0          0        156   ceil.o
        72          0          0          0          0        148   fmaxf.o
        38          0          0          0          0        116   fpclassifyf.o
        22          6          0          0          0        232   funder.o
        58          0          0          0          0        136   sqrtf.o

    ----------------------------------------------------------------------
      4942        378          0          0         96       5740   Library Totals
         8          0          0          0          0          0   (incl. Padding)

    ----------------------------------------------------------------------

      Code (inc. data)   RO Data    RW Data    ZI Data      Debug   Library Name

      1352         96          0          0         96       2320   c_w.l
      2760        192          0          0          0       2460   fz_wm.l
       822         90          0          0          0        960   m_wm.l

    ----------------------------------------------------------------------
      4942        378          0          0         96       5740   Library Totals

    ----------------------------------------------------------------------

==============================================================================


      Code (inc. data)   RO Data    RW Data    ZI Data      Debug   

     28644       1784        460        268       2916     903147   Grand Totals
     28644       1784        460        268       2916     903147   ELF Image Totals
     28644       1784        460        268          0          0   ROM Totals

==============================================================================

    Total RO  Size (Code + RO Data)                29104 (  28.42kB)
    Total RW  Size (RW Data + ZI Data)              3184 (   3.11kB)
    Total ROM Size (Code + RO Data + RW Data)      29372 (  28.68kB)

==============================================================================

